C:/Users/rawdr/Documents/GitHub/mower/stm32-moco/Core/Src/motor_ctrl.c:129:13:all_off	40	static
C:/Users/rawdr/Documents/GitHub/mower/stm32-moco/Core/Src/motor_ctrl.c:151:6:Motor_Init	40	static
C:/Users/rawdr/Documents/GitHub/mower/stm32-moco/Core/Src/motor_ctrl.c:188:6:Motor_SafeAll	16	static
C:/Users/rawdr/Documents/GitHub/mower/stm32-moco/Core/Src/motor_ctrl.c:198:6:Motor_SetDuty	0	static
C:/Users/rawdr/Documents/GitHub/mower/stm32-moco/Core/Src/motor_ctrl.c:205:6:Motor_SetDir	0	static
C:/Users/rawdr/Documents/GitHub/mower/stm32-moco/Core/Src/motor_ctrl.c:211:6:Motor_Enable	0	static
C:/Users/rawdr/Documents/GitHub/mower/stm32-moco/Core/Src/motor_ctrl.c:220:6:Motor_Disable	4	static
C:/Users/rawdr/Documents/GitHub/mower/stm32-moco/Core/Src/motor_ctrl.c:229:9:Motor_ReadHall	16	static
C:/Users/rawdr/Documents/GitHub/mower/stm32-moco/Core/Src/motor_ctrl.c:239:9:Motor_GetTicks	0	static
C:/Users/rawdr/Documents/GitHub/mower/stm32-moco/Core/Src/motor_ctrl.c:245:6:Motor_ResetTicks	0	static
C:/Users/rawdr/Documents/GitHub/mower/stm32-moco/Core/Src/motor_ctrl.c:251:6:Motor_ClearHallRing	16	static
C:/Users/rawdr/Documents/GitHub/mower/stm32-moco/Core/Src/motor_ctrl.c:262:6:Motor_SetPhaseMap	12	static
C:/Users/rawdr/Documents/GitHub/mower/stm32-moco/Core/Src/motor_ctrl.c:281:6:Motor_Commutate	56	static
C:/Users/rawdr/Documents/GitHub/mower/stm32-moco/Core/Src/motor_ctrl.c:349:6:Motor_CommutateAll	8	static
