C:/Users/rawdr/Documents/GitHub/mower/stm32-moco/Core/Src/motor_ctrl.c:156:13:all_off	40	static
C:/Users/rawdr/Documents/GitHub/mower/stm32-moco/Core/Src/motor_ctrl.c:178:6:Motor_Init	40	static
C:/Users/rawdr/Documents/GitHub/mower/stm32-moco/Core/Src/motor_ctrl.c:230:6:Motor_SafeAll	16	static
C:/Users/rawdr/Documents/GitHub/mower/stm32-moco/Core/Src/motor_ctrl.c:240:6:Motor_SetDuty	0	static
C:/Users/rawdr/Documents/GitHub/mower/stm32-moco/Core/Src/motor_ctrl.c:247:6:Motor_SetDir	0	static
C:/Users/rawdr/Documents/GitHub/mower/stm32-moco/Core/Src/motor_ctrl.c:288:6:Motor_Disable	4	static
C:/Users/rawdr/Documents/GitHub/mower/stm32-moco/Core/Src/motor_ctrl.c:298:6:Motor_SetCommutOffset	0	static
C:/Users/rawdr/Documents/GitHub/mower/stm32-moco/Core/Src/motor_ctrl.c:305:9:Motor_ReadHall	16	static
C:/Users/rawdr/Documents/GitHub/mower/stm32-moco/Core/Src/motor_ctrl.c:253:6:Motor_Enable	16	static
C:/Users/rawdr/Documents/GitHub/mower/stm32-moco/Core/Src/motor_ctrl.c:315:9:Motor_GetTicks	0	static
C:/Users/rawdr/Documents/GitHub/mower/stm32-moco/Core/Src/motor_ctrl.c:321:6:Motor_ResetTicks	0	static
C:/Users/rawdr/Documents/GitHub/mower/stm32-moco/Core/Src/motor_ctrl.c:327:6:Motor_ClearHallRing	16	static
C:/Users/rawdr/Documents/GitHub/mower/stm32-moco/Core/Src/motor_ctrl.c:334:6:Motor_SetPhaseMap	12	static
C:/Users/rawdr/Documents/GitHub/mower/stm32-moco/Core/Src/motor_ctrl.c:354:6:Motor_Commutate	56	static
C:/Users/rawdr/Documents/GitHub/mower/stm32-moco/Core/Src/motor_ctrl.c:507:6:Motor_CommutateAll	8	static
C:/Users/rawdr/Documents/GitHub/mower/stm32-moco/Core/Src/motor_ctrl.c:514:6:Motor_CheckStall	16	static
C:/Users/rawdr/Documents/GitHub/mower/stm32-moco/Core/Src/motor_ctrl.c:557:9:Motor_GetTimingStats	20	static
