C:/Users/rawdr/Documents/GitHub/mower/stm32-moco/Core/Src/motor_ctrl.c:156:13:all_off	40	static
C:/Users/rawdr/Documents/GitHub/mower/stm32-moco/Core/Src/motor_ctrl.c:178:6:Motor_Init	40	static
C:/Users/rawdr/Documents/GitHub/mower/stm32-moco/Core/Src/motor_ctrl.c:235:6:Motor_SafeAll	16	static
C:/Users/rawdr/Documents/GitHub/mower/stm32-moco/Core/Src/motor_ctrl.c:245:6:Motor_SetDuty	0	static
C:/Users/rawdr/Documents/GitHub/mower/stm32-moco/Core/Src/motor_ctrl.c:252:6:Motor_SetDir	0	static
C:/Users/rawdr/Documents/GitHub/mower/stm32-moco/Core/Src/motor_ctrl.c:293:6:Motor_Disable	4	static
C:/Users/rawdr/Documents/GitHub/mower/stm32-moco/Core/Src/motor_ctrl.c:303:6:Motor_SetCommutOffset	0	static
C:/Users/rawdr/Documents/GitHub/mower/stm32-moco/Core/Src/motor_ctrl.c:310:9:Motor_ReadHall	16	static
C:/Users/rawdr/Documents/GitHub/mower/stm32-moco/Core/Src/motor_ctrl.c:258:6:Motor_Enable	16	static
C:/Users/rawdr/Documents/GitHub/mower/stm32-moco/Core/Src/motor_ctrl.c:320:9:Motor_GetTicks	0	static
C:/Users/rawdr/Documents/GitHub/mower/stm32-moco/Core/Src/motor_ctrl.c:326:6:Motor_ResetTicks	0	static
C:/Users/rawdr/Documents/GitHub/mower/stm32-moco/Core/Src/motor_ctrl.c:332:6:Motor_ClearHallRing	16	static
C:/Users/rawdr/Documents/GitHub/mower/stm32-moco/Core/Src/motor_ctrl.c:339:6:Motor_SetPhaseMap	12	static
C:/Users/rawdr/Documents/GitHub/mower/stm32-moco/Core/Src/motor_ctrl.c:359:6:Motor_Commutate	56	static
C:/Users/rawdr/Documents/GitHub/mower/stm32-moco/Core/Src/motor_ctrl.c:512:6:Motor_CommutateAll	8	static
C:/Users/rawdr/Documents/GitHub/mower/stm32-moco/Core/Src/motor_ctrl.c:519:6:Motor_CheckStall	16	static
C:/Users/rawdr/Documents/GitHub/mower/stm32-moco/Core/Src/motor_ctrl.c:562:9:Motor_GetTimingStats	20	static
