C:/Users/rawdr/Documents/GitHub/mower/stm32-moco/Core/Src/motor_ctrl.c:156:13:all_off	40	static
C:/Users/rawdr/Documents/GitHub/mower/stm32-moco/Core/Src/motor_ctrl.c:178:6:Motor_Init	32	static
C:/Users/rawdr/Documents/GitHub/mower/stm32-moco/Core/Src/motor_ctrl.c:212:6:Motor_SafeAll	16	static
C:/Users/rawdr/Documents/GitHub/mower/stm32-moco/Core/Src/motor_ctrl.c:222:6:Motor_SetDuty	0	static
C:/Users/rawdr/Documents/GitHub/mower/stm32-moco/Core/Src/motor_ctrl.c:229:6:Motor_SetDir	0	static
C:/Users/rawdr/Documents/GitHub/mower/stm32-moco/Core/Src/motor_ctrl.c:235:6:Motor_Enable	8	static
C:/Users/rawdr/Documents/GitHub/mower/stm32-moco/Core/Src/motor_ctrl.c:253:6:Motor_Disable	4	static
C:/Users/rawdr/Documents/GitHub/mower/stm32-moco/Core/Src/motor_ctrl.c:263:6:Motor_SetCommutOffset	0	static
C:/Users/rawdr/Documents/GitHub/mower/stm32-moco/Core/Src/motor_ctrl.c:270:9:Motor_ReadHall	16	static
C:/Users/rawdr/Documents/GitHub/mower/stm32-moco/Core/Src/motor_ctrl.c:280:9:Motor_GetTicks	0	static
C:/Users/rawdr/Documents/GitHub/mower/stm32-moco/Core/Src/motor_ctrl.c:286:6:Motor_ResetTicks	0	static
C:/Users/rawdr/Documents/GitHub/mower/stm32-moco/Core/Src/motor_ctrl.c:292:6:Motor_ClearHallRing	16	static
C:/Users/rawdr/Documents/GitHub/mower/stm32-moco/Core/Src/motor_ctrl.c:299:6:Motor_SetPhaseMap	12	static
C:/Users/rawdr/Documents/GitHub/mower/stm32-moco/Core/Src/motor_ctrl.c:319:6:Motor_Commutate	56	static
C:/Users/rawdr/Documents/GitHub/mower/stm32-moco/Core/Src/motor_ctrl.c:436:6:Motor_CommutateAll	8	static
