C:/Users/rawdr/Documents/GitHub/mower/stm32-moco/Core/Src/stm32f1xx_hal_msp.c:64:6:HAL_MspInit	8	static
C:/Users/rawdr/Documents/GitHub/mower/stm32-moco/Core/Src/stm32f1xx_hal_msp.c:91:6:HAL_TIM_Base_MspInit	8	static
C:/Users/rawdr/Documents/GitHub/mower/stm32-moco/Core/Src/stm32f1xx_hal_msp.c:114:6:HAL_TIM_PWM_MspInit	8	static
C:/Users/rawdr/Documents/GitHub/mower/stm32-moco/Core/Src/stm32f1xx_hal_msp.c:141:6:HAL_TIM_MspPostInit	48	static
C:/Users/rawdr/Documents/GitHub/mower/stm32-moco/Core/Src/stm32f1xx_hal_msp.c:229:6:HAL_TIM_Base_MspDeInit	0	static
C:/Users/rawdr/Documents/GitHub/mower/stm32-moco/Core/Src/stm32f1xx_hal_msp.c:251:6:HAL_TIM_PWM_MspDeInit	0	static
