C:/Users/rawdr/Documents/GitHub/mower/stm32-moco/Core/Src/usb_cmd.c:76:13:rx_flush	0	static
C:/Users/rawdr/Documents/GitHub/mower/stm32-moco/Core/Src/usb_cmd.c:132:16:pin_bit	0	static
C:/Users/rawdr/Documents/GitHub/mower/stm32-moco/Core/Src/usb_cmd.c:511:13:tui_set_status	8	static
C:/Users/rawdr/Documents/GitHub/mower/stm32-moco/Core/Src/usb_cmd.c:125:26:find_pin	24	static
C:/Users/rawdr/Documents/GitHub/mower/stm32-moco/Core/Src/usb_cmd.c:210:6:USBCMD_OnReceive	20	static
C:/Users/rawdr/Documents/GitHub/mower/stm32-moco/Core/Src/usb_cmd.c:222:6:USBCMD_Send	16	static
C:/Users/rawdr/Documents/GitHub/mower/stm32-moco/Core/Src/usb_cmd.c:289:13:tui_erase_line	0	static
C:/Users/rawdr/Documents/GitHub/mower/stm32-moco/Core/Src/usb_cmd.c:557:13:tui_handle_key	32	static
C:/Users/rawdr/Documents/GitHub/mower/stm32-moco/Core/Src/usb_cmd.c:283:13:tui_goto.constprop	16	static
C:/Users/rawdr/Documents/GitHub/mower/stm32-moco/Core/Src/usb_cmd.c:517:13:tui_draw_status	8	static
C:/Users/rawdr/Documents/GitHub/mower/stm32-moco/Core/Src/usb_cmd.c:328:13:tui_draw_sep	8	static
C:/Users/rawdr/Documents/GitHub/mower/stm32-moco/Core/Src/usb_cmd.c:465:13:tui_draw_tim1	88	static
C:/Users/rawdr/Documents/GitHub/mower/stm32-moco/Core/Src/usb_cmd.c:455:13:tui_draw_gpio	24	static
C:/Users/rawdr/Documents/GitHub/mower/stm32-moco/Core/Src/usb_cmd.c:438:13:tui_draw_summary	32	static
C:/Users/rawdr/Documents/GitHub/mower/stm32-moco/Core/Src/usb_cmd.c:334:13:tui_draw_motor_panel	56	static
C:/Users/rawdr/Documents/GitHub/mower/stm32-moco/Core/Src/usb_cmd.c:312:13:tui_draw_tabs	16	static
C:/Users/rawdr/Documents/GitHub/mower/stm32-moco/Core/Src/usb_cmd.c:525:13:tui_full_redraw	8	static
C:/Users/rawdr/Documents/GitHub/mower/stm32-moco/Core/Src/usb_cmd.c:1232:6:USBCMD_Init	8	static
C:/Users/rawdr/Documents/GitHub/mower/stm32-moco/Core/Src/usb_cmd.c:1244:6:USBCMD_Process	112	static
