C:/Users/rawdr/Documents/GitHub/mower/stm32-moco/Core/Src/usb_cmd.c:78:13:rx_flush	0	static
C:/Users/rawdr/Documents/GitHub/mower/stm32-moco/Core/Src/usb_cmd.c:416:13:tui_set_status	8	static
C:/Users/rawdr/Documents/GitHub/mower/stm32-moco/Core/Src/usb_cmd.c:127:26:find_pin	24	static
C:/Users/rawdr/Documents/GitHub/mower/stm32-moco/Core/Src/usb_cmd.c:145:6:USBCMD_OnReceive	20	static
C:/Users/rawdr/Documents/GitHub/mower/stm32-moco/Core/Src/usb_cmd.c:157:6:USBCMD_Send	16	static
C:/Users/rawdr/Documents/GitHub/mower/stm32-moco/Core/Src/usb_cmd.c:220:13:tui_erase_line	0	static
C:/Users/rawdr/Documents/GitHub/mower/stm32-moco/Core/Src/usb_cmd.c:459:13:tui_handle_key	32	static
C:/Users/rawdr/Documents/GitHub/mower/stm32-moco/Core/Src/usb_cmd.c:214:13:tui_goto.constprop	16	static
C:/Users/rawdr/Documents/GitHub/mower/stm32-moco/Core/Src/usb_cmd.c:422:13:tui_draw_status	8	static
C:/Users/rawdr/Documents/GitHub/mower/stm32-moco/Core/Src/usb_cmd.c:388:13:tui_draw_gpio	24	static
C:/Users/rawdr/Documents/GitHub/mower/stm32-moco/Core/Src/usb_cmd.c:372:13:tui_draw_summary	32	static
C:/Users/rawdr/Documents/GitHub/mower/stm32-moco/Core/Src/usb_cmd.c:265:13:tui_draw_motor_panel	56	static
C:/Users/rawdr/Documents/GitHub/mower/stm32-moco/Core/Src/usb_cmd.c:243:13:tui_draw_tabs	16	static
C:/Users/rawdr/Documents/GitHub/mower/stm32-moco/Core/Src/usb_cmd.c:430:13:tui_full_redraw	8	static
C:/Users/rawdr/Documents/GitHub/mower/stm32-moco/Core/Src/usb_cmd.c:1006:6:USBCMD_Init	8	static
C:/Users/rawdr/Documents/GitHub/mower/stm32-moco/Core/Src/usb_cmd.c:1018:6:USBCMD_Process	88	static
