C:/Users/rawdr/Documents/GitHub/mower/stm32-moco/Core/Src/usb_cmd.c:83:13:rx_flush	0	static
C:/Users/rawdr/Documents/GitHub/mower/stm32-moco/Core/Src/usb_cmd.c:412:13:tui_set_status	8	static
C:/Users/rawdr/Documents/GitHub/mower/stm32-moco/Core/Src/usb_cmd.c:132:26:find_pin	24	static
C:/Users/rawdr/Documents/GitHub/mower/stm32-moco/Core/Src/usb_cmd.c:150:6:USBCMD_OnReceive	20	static
C:/Users/rawdr/Documents/GitHub/mower/stm32-moco/Core/Src/usb_cmd.c:162:6:USBCMD_Send	16	static
C:/Users/rawdr/Documents/GitHub/mower/stm32-moco/Core/Src/usb_cmd.c:225:13:tui_erase_line	0	static
C:/Users/rawdr/Documents/GitHub/mower/stm32-moco/Core/Src/usb_cmd.c:455:13:tui_handle_key	32	static
C:/Users/rawdr/Documents/GitHub/mower/stm32-moco/Core/Src/usb_cmd.c:219:13:tui_goto.constprop	16	static
C:/Users/rawdr/Documents/GitHub/mower/stm32-moco/Core/Src/usb_cmd.c:418:13:tui_draw_status	8	static
C:/Users/rawdr/Documents/GitHub/mower/stm32-moco/Core/Src/usb_cmd.c:384:13:tui_draw_gpio	24	static
C:/Users/rawdr/Documents/GitHub/mower/stm32-moco/Core/Src/usb_cmd.c:368:13:tui_draw_summary	32	static
C:/Users/rawdr/Documents/GitHub/mower/stm32-moco/Core/Src/usb_cmd.c:270:13:tui_draw_motor_panel	56	static
C:/Users/rawdr/Documents/GitHub/mower/stm32-moco/Core/Src/usb_cmd.c:248:13:tui_draw_tabs	16	static
C:/Users/rawdr/Documents/GitHub/mower/stm32-moco/Core/Src/usb_cmd.c:426:13:tui_full_redraw	8	static
C:/Users/rawdr/Documents/GitHub/mower/stm32-moco/Core/Src/usb_cmd.c:973:6:USBCMD_Init	8	static
C:/Users/rawdr/Documents/GitHub/mower/stm32-moco/Core/Src/usb_cmd.c:986:6:USBCMD_Process	88	static
