C:/Users/rawdr/Documents/GitHub/mower/stm32-moco/Core/Src/usb_cmd.c:87:13:rx_flush	0	static
C:/Users/rawdr/Documents/GitHub/mower/stm32-moco/Core/Src/usb_cmd.c:452:13:tui_set_status	8	static
C:/Users/rawdr/Documents/GitHub/mower/stm32-moco/Core/Src/usb_cmd.c:136:26:find_pin	24	static
C:/Users/rawdr/Documents/GitHub/mower/stm32-moco/Core/Src/usb_cmd.c:154:6:USBCMD_OnReceive	20	static
C:/Users/rawdr/Documents/GitHub/mower/stm32-moco/Core/Src/usb_cmd.c:166:6:USBCMD_Send	16	static
C:/Users/rawdr/Documents/GitHub/mower/stm32-moco/Core/Src/usb_cmd.c:229:13:tui_erase_line	0	static
C:/Users/rawdr/Documents/GitHub/mower/stm32-moco/Core/Src/usb_cmd.c:495:13:tui_handle_key	32	static
C:/Users/rawdr/Documents/GitHub/mower/stm32-moco/Core/Src/usb_cmd.c:223:13:tui_goto.constprop	16	static
C:/Users/rawdr/Documents/GitHub/mower/stm32-moco/Core/Src/usb_cmd.c:458:13:tui_draw_status	8	static
C:/Users/rawdr/Documents/GitHub/mower/stm32-moco/Core/Src/usb_cmd.c:424:13:tui_draw_gpio	24	static
C:/Users/rawdr/Documents/GitHub/mower/stm32-moco/Core/Src/usb_cmd.c:408:13:tui_draw_summary	32	static
C:/Users/rawdr/Documents/GitHub/mower/stm32-moco/Core/Src/usb_cmd.c:274:13:tui_draw_motor_panel	64	static
C:/Users/rawdr/Documents/GitHub/mower/stm32-moco/Core/Src/usb_cmd.c:252:13:tui_draw_tabs	16	static
C:/Users/rawdr/Documents/GitHub/mower/stm32-moco/Core/Src/usb_cmd.c:466:13:tui_full_redraw	8	static
C:/Users/rawdr/Documents/GitHub/mower/stm32-moco/Core/Src/usb_cmd.c:1015:6:USBCMD_Init	8	static
C:/Users/rawdr/Documents/GitHub/mower/stm32-moco/Core/Src/usb_cmd.c:1028:6:USBCMD_Process	88	static
