Archive member included to satisfy reference by file (symbol)

C:/ST/STM32CubeIDE_2.1.1/STM32CubeIDE/plugins/com.st.stm32cube.ide.mcu.externaltools.gnu-tools-for-stm32.14.3.rel1.win32_1.0.100.202602081740/tools/bin/../lib/gcc/arm-none-eabi/14.3.1/../../../../arm-none-eabi/lib/thumb/v7-m/nofp\libc_nano.a(libc_a-atoi.o)
                              ./Application/User/Core/usb_cmd.o (atoi)
C:/ST/STM32CubeIDE_2.1.1/STM32CubeIDE/plugins/com.st.stm32cube.ide.mcu.externaltools.gnu-tools-for-stm32.14.3.rel1.win32_1.0.100.202602081740/tools/bin/../lib/gcc/arm-none-eabi/14.3.1/../../../../arm-none-eabi/lib/thumb/v7-m/nofp\libc_nano.a(libc_a-exit.o)
                              C:/ST/STM32CubeIDE_2.1.1/STM32CubeIDE/plugins/com.st.stm32cube.ide.mcu.externaltools.gnu-tools-for-stm32.14.3.rel1.win32_1.0.100.202602081740/tools/bin/../lib/gcc/arm-none-eabi/14.3.1/../../../../arm-none-eabi/lib/thumb/v7-m/nofp/crt0.o (exit)
C:/ST/STM32CubeIDE_2.1.1/STM32CubeIDE/plugins/com.st.stm32cube.ide.mcu.externaltools.gnu-tools-for-stm32.14.3.rel1.win32_1.0.100.202602081740/tools/bin/../lib/gcc/arm-none-eabi/14.3.1/../../../../arm-none-eabi/lib/thumb/v7-m/nofp\libc_nano.a(libc_a-strtol.o)
                              C:/ST/STM32CubeIDE_2.1.1/STM32CubeIDE/plugins/com.st.stm32cube.ide.mcu.externaltools.gnu-tools-for-stm32.14.3.rel1.win32_1.0.100.202602081740/tools/bin/../lib/gcc/arm-none-eabi/14.3.1/../../../../arm-none-eabi/lib/thumb/v7-m/nofp\libc_nano.a(libc_a-atoi.o) (_strtol_r)
C:/ST/STM32CubeIDE_2.1.1/STM32CubeIDE/plugins/com.st.stm32cube.ide.mcu.externaltools.gnu-tools-for-stm32.14.3.rel1.win32_1.0.100.202602081740/tools/bin/../lib/gcc/arm-none-eabi/14.3.1/../../../../arm-none-eabi/lib/thumb/v7-m/nofp\libc_nano.a(libc_a-ctype_.o)
                              C:/ST/STM32CubeIDE_2.1.1/STM32CubeIDE/plugins/com.st.stm32cube.ide.mcu.externaltools.gnu-tools-for-stm32.14.3.rel1.win32_1.0.100.202602081740/tools/bin/../lib/gcc/arm-none-eabi/14.3.1/../../../../arm-none-eabi/lib/thumb/v7-m/nofp\libc_nano.a(libc_a-strtol.o) (_ctype_)
C:/ST/STM32CubeIDE_2.1.1/STM32CubeIDE/plugins/com.st.stm32cube.ide.mcu.externaltools.gnu-tools-for-stm32.14.3.rel1.win32_1.0.100.202602081740/tools/bin/../lib/gcc/arm-none-eabi/14.3.1/../../../../arm-none-eabi/lib/thumb/v7-m/nofp\libc_nano.a(libc_a-findfp.o)
                              C:/ST/STM32CubeIDE_2.1.1/STM32CubeIDE/plugins/com.st.stm32cube.ide.mcu.externaltools.gnu-tools-for-stm32.14.3.rel1.win32_1.0.100.202602081740/tools/bin/../lib/gcc/arm-none-eabi/14.3.1/../../../../arm-none-eabi/lib/thumb/v7-m/nofp\libc_nano.a(libc_a-exit.o) (__stdio_exit_handler)
C:/ST/STM32CubeIDE_2.1.1/STM32CubeIDE/plugins/com.st.stm32cube.ide.mcu.externaltools.gnu-tools-for-stm32.14.3.rel1.win32_1.0.100.202602081740/tools/bin/../lib/gcc/arm-none-eabi/14.3.1/../../../../arm-none-eabi/lib/thumb/v7-m/nofp\libc_nano.a(libc_a-fwalk.o)
                              C:/ST/STM32CubeIDE_2.1.1/STM32CubeIDE/plugins/com.st.stm32cube.ide.mcu.externaltools.gnu-tools-for-stm32.14.3.rel1.win32_1.0.100.202602081740/tools/bin/../lib/gcc/arm-none-eabi/14.3.1/../../../../arm-none-eabi/lib/thumb/v7-m/nofp\libc_nano.a(libc_a-findfp.o) (_fwalk_sglue)
C:/ST/STM32CubeIDE_2.1.1/STM32CubeIDE/plugins/com.st.stm32cube.ide.mcu.externaltools.gnu-tools-for-stm32.14.3.rel1.win32_1.0.100.202602081740/tools/bin/../lib/gcc/arm-none-eabi/14.3.1/../../../../arm-none-eabi/lib/thumb/v7-m/nofp\libc_nano.a(libc_a-snprintf.o)
                              ./Application/User/Core/usb_cmd.o (snprintf)
C:/ST/STM32CubeIDE_2.1.1/STM32CubeIDE/plugins/com.st.stm32cube.ide.mcu.externaltools.gnu-tools-for-stm32.14.3.rel1.win32_1.0.100.202602081740/tools/bin/../lib/gcc/arm-none-eabi/14.3.1/../../../../arm-none-eabi/lib/thumb/v7-m/nofp\libc_nano.a(libc_a-stdio.o)
                              C:/ST/STM32CubeIDE_2.1.1/STM32CubeIDE/plugins/com.st.stm32cube.ide.mcu.externaltools.gnu-tools-for-stm32.14.3.rel1.win32_1.0.100.202602081740/tools/bin/../lib/gcc/arm-none-eabi/14.3.1/../../../../arm-none-eabi/lib/thumb/v7-m/nofp\libc_nano.a(libc_a-findfp.o) (__sread)
C:/ST/STM32CubeIDE_2.1.1/STM32CubeIDE/plugins/com.st.stm32cube.ide.mcu.externaltools.gnu-tools-for-stm32.14.3.rel1.win32_1.0.100.202602081740/tools/bin/../lib/gcc/arm-none-eabi/14.3.1/../../../../arm-none-eabi/lib/thumb/v7-m/nofp\libc_nano.a(libc_a-memset.o)
                              C:/ST/STM32CubeIDE_2.1.1/STM32CubeIDE/plugins/com.st.stm32cube.ide.mcu.externaltools.gnu-tools-for-stm32.14.3.rel1.win32_1.0.100.202602081740/tools/bin/../lib/gcc/arm-none-eabi/14.3.1/../../../../arm-none-eabi/lib/thumb/v7-m/nofp/crt0.o (memset)
C:/ST/STM32CubeIDE_2.1.1/STM32CubeIDE/plugins/com.st.stm32cube.ide.mcu.externaltools.gnu-tools-for-stm32.14.3.rel1.win32_1.0.100.202602081740/tools/bin/../lib/gcc/arm-none-eabi/14.3.1/../../../../arm-none-eabi/lib/thumb/v7-m/nofp\libc_nano.a(libc_a-strncpy.o)
                              ./Application/User/Core/usb_cmd.o (strncpy)
[...]
Memory Configuration

Name             Origin             Length             Attributes
RAM              0x20000000         0x00005000         xrw
FLASH            0x08002000         0x0000e000         xr
*default*        0x00000000         0xffffffff

Linker script and memory map

LOAD C:/ST/STM32CubeIDE_2.1.1/STM32CubeIDE/plugins/com.st.stm32cube.ide.mcu.externaltools.gnu-tools-for-stm32.14.3.rel1.win32_1.0.100.202602081740/tools/bin/../lib/gcc/arm-none-eabi/14.3.1/thumb/v7-m/nofp/crti.o
LOAD C:/ST/STM32CubeIDE_2.1.1/STM32CubeIDE/plugins/com.st.stm32cube.ide.mcu.externaltools.gnu-tools-for-stm32.14.3.rel1.win32_1.0.100.202602081740/tools/bin/../lib/gcc/arm-none-eabi/14.3.1/thumb/v7-m/nofp/crtbegin.o
LOAD C:/ST/STM32CubeIDE_2.1.1/STM32CubeIDE/plugins/com.st.stm32cube.ide.mcu.externaltools.gnu-tools-for-stm32.14.3.rel1.win32_1.0.100.202602081740/tools/bin/../lib/gcc/arm-none-eabi/14.3.1/../../../../arm-none-eabi/lib/thumb/v7-m/nofp/crt0.o
LOAD ./Application/User/Core/main.o
LOAD ./Application/User/Core/motor_ctrl.o
LOAD ./Application/User/Core/stm32f1xx_hal_msp.o
LOAD ./Application/User/Core/stm32f1xx_it.o
LOAD ./Application/User/Core/syscalls.o
LOAD ./Application/User/Core/sysmem.o
LOAD ./Application/User/Core/usb_cmd.o
LOAD ./Application/User/Startup/startup_stm32f103c8tx.o
LOAD ./Application/User/USB_DEVICE/App/usb_device.o
LOAD ./Application/User/USB_DEVICE/App/usbd_cdc_if.o
LOAD ./Application/User/USB_DEVICE/App/usbd_desc.o
LOAD ./Application/User/USB_DEVICE/Target/usbd_conf.o
LOAD ./Drivers/CMSIS/system_stm32f1xx.o
LOAD ./Drivers/STM32F1xx_HAL_Driver/stm32f1xx_hal.o
LOAD ./Drivers/STM32F1xx_HAL_Driver/stm32f1xx_hal_cortex.o
LOAD ./Drivers/STM32F1xx_HAL_Driver/stm32f1xx_hal_dma.o
LOAD ./Drivers/STM32F1xx_HAL_Driver/stm32f1xx_hal_exti.o
LOAD ./Drivers/STM32F1xx_HAL_Driver/stm32f1xx_hal_flash.o
LOAD ./Drivers/STM32F1xx_HAL_Driver/stm32f1xx_hal_flash_ex.o
LOAD ./Drivers/STM32F1xx_HAL_Driver/stm32f1xx_hal_gpio.o
LOAD ./Drivers/STM32F1xx_HAL_Driver/stm32f1xx_hal_gpio_ex.o
LOAD ./Drivers/STM32F1xx_HAL_Driver/stm32f1xx_hal_pcd.o
LOAD ./Drivers/STM32F1xx_HAL_Driver/stm32f1xx_hal_pcd_ex.o
LOAD ./Drivers/STM32F1xx_HAL_Driver/stm32f1xx_hal_pwr.o
LOAD ./Drivers/STM32F1xx_HAL_Driver/stm32f1xx_hal_rcc.o
LOAD ./Drivers/STM32F1xx_HAL_Driver/stm32f1xx_hal_rcc_ex.o
LOAD ./Drivers/STM32F1xx_HAL_Driver/stm32f1xx_hal_tim.o
LOAD ./Drivers/STM32F1xx_HAL_Driver/stm32f1xx_hal_tim_ex.o
LOAD ./Drivers/STM32F1xx_HAL_Driver/stm32f1xx_ll_usb.o
LOAD ./Middlewares/USB_Device_Library/usbd_cdc.o
LOAD ./Middlewares/USB_Device_Library/usbd_core.o
LOAD ./Middlewares/USB_Device_Library/usbd_ctlreq.o
LOAD ./Middlewares/USB_Device_Library/usbd_ioreq.o
START GROUP
LOAD C:/ST/STM32CubeIDE_2.1.1/STM32CubeIDE/plugins/com.st.stm32cube.ide.mcu.externaltools.gnu-tools-for-stm32.14.3.rel1.win32_1.0.100.202602081740/tools/bin/../lib/gcc/arm-none-eabi/14.3.1/../../../../arm-none-eabi/lib/thumb/v7-m/nofp\libc_nano.a
LOAD C:/ST/STM32CubeIDE_2.1.1/STM32CubeIDE/plugins/com.st.stm32cube.ide.mcu.externaltools.gnu-tools-for-stm32.14.3.rel1.win32_1.0.100.202602081740/tools/bin/../lib/gcc/arm-none-eabi/14.3.1/../../../../arm-none-eabi/lib/thumb/v7-m/nofp\libm.a
END GROUP
START GROUP
LOAD C:/ST/STM32CubeIDE_2.1.1/STM32CubeIDE/plugins/com.st.stm32cube.ide.mcu.externaltools.gnu-tools-for-stm32.14.3.rel1.win32_1.0.100.202602081740/tools/bin/../lib/gcc/arm-none-eabi/14.3.1/thumb/v7-m/nofp\libgcc.a
LOAD C:/ST/STM32CubeIDE_2.1.1/STM32CubeIDE/plugins/com.st.stm32cube.ide.mcu.externaltools.gnu-tools-for-stm32.14.3.rel1.win32_1.0.100.202602081740/tools/bin/../lib/gcc/arm-none-eabi/14.3.1/../../../../arm-none-eabi/lib/thumb/v7-m/nofp\libc_nano.a
END GROUP
START GROUP
LOAD C:/ST/STM32CubeIDE_2.1.1/STM32CubeIDE/plugins/com.st.stm32cube.ide.mcu.externaltools.gnu-tools-for-stm32.14.3.rel1.win32_1.0.100.202602081740/tools/bin/../lib/gcc/arm-none-eabi/14.3.1/thumb/v7-m/nofp\libgcc.a
LOAD C:/ST/STM32CubeIDE_2.1.1/STM32CubeIDE/plugins/com.st.stm32cube.ide.mcu.externaltools.gnu-tools-for-stm32.14.3.rel1.win32_1.0.100.202602081740/tools/bin/../lib/gcc/arm-none-eabi/14.3.1/../../../../arm-none-eabi/lib/thumb/v7-m/nofp\libc_nano.a
LOAD C:/ST/STM32CubeIDE_2.1.1/STM32CubeIDE/plugins/com.st.stm32cube.ide.mcu.externaltools.gnu-tools-for-stm32.14.3.rel1.win32_1.0.100.202602081740/tools/bin/../lib/gcc/arm-none-eabi/14.3.1/../../../../arm-none-eabi/lib/thumb/v7-m/nofp\libnosys.a
END GROUP
START GROUP
LOAD C:/ST/STM32CubeIDE_2.1.1/STM32CubeIDE/plugins/com.st.stm32cube.ide.mcu.externaltools.gnu-tools-for-stm32.14.3.rel1.win32_1.0.100.202602081740/tools/bin/../lib/gcc/arm-none-eabi/14.3.1/thumb/v7-m/nofp\libgcc.a
LOAD C:/ST/STM32CubeIDE_2.1.1/STM32CubeIDE/plugins/com.st.stm32cube.ide.mcu.externaltools.gnu-tools-for-stm32.14.3.rel1.win32_1.0.100.202602081740/tools/bin/../lib/gcc/arm-none-eabi/14.3.1/../../../../arm-none-eabi/lib/thumb/v7-m/nofp\libc_nano.a
LOAD C:/ST/STM32CubeIDE_2.1.1/STM32CubeIDE/plugins/com.st.stm32cube.ide.mcu.externaltools.gnu-tools-for-stm32.14.3.rel1.win32_1.0.100.202602081740/tools/bin/../lib/gcc/arm-none-eabi/14.3.1/../../../../arm-none-eabi/lib/thumb/v7-m/nofp\libnosys.a
END GROUP
LOAD C:/ST/STM32CubeIDE_2.1.1/STM32CubeIDE/plugins/com.st.stm32cube.ide.mcu.externaltools.gnu-tools-for-stm32.14.3.rel1.win32_1.0.100.202602081740/tools/bin/../lib/gcc/arm-none-eabi/14.3.1/thumb/v7-m/nofp/crtend.o
LOAD C:/ST/STM32CubeIDE_2.1.1/STM32CubeIDE/plugins/com.st.stm32cube.ide.mcu.externaltools.gnu-tools-for-stm32.14.3.rel1.win32_1.0.100.202602081740/tools/bin/../lib/gcc/arm-none-eabi/14.3.1/thumb/v7-m/nofp/crtn.o
                0x20005000                        _estack = (ORIGIN (RAM) + LENGTH (RAM))
                0x00000200                        _Min_Heap_Size = 0x200
                0x00000400                        _Min_Stack_Size = 0x400

.isr_vector     0x08002000      0x10c
                0x08002000                        . = ALIGN (0x4)
 *(.isr_vector)
 .isr_vector    0x08002000      0x10c ./Application/User/Startup/startup_stm32f103c8tx.o
                0x08002000                g_pfnVectors
                0x0800210c                        . = ALIGN (0x4)

.text           0x0800210c     0x7374
                0x0800210c                        . = ALIGN (0x4)
 *(.text)
 .text          0x0800210c       0x40 C:/ST/STM32CubeIDE_2.1.1/STM32CubeIDE/plugins/com.st.stm32cube.ide.mcu.externaltools.gnu-tools-for-stm32.14.3.rel1.win32_1.0.100.202602081740/tools/bin/../lib/gcc/arm-none-eabi/14.3.1/thumb/v7-m/nofp/crtbegin.o
 .text          0x0800214c       0x14 C:/ST/STM32CubeIDE_2.1.1/STM32CubeIDE/plugins/com.st.stm32cube.ide.mcu.externaltools.gnu-tools-for-stm32.14.3.rel1.win32_1.0.100.202602081740/tools/bin/../lib/gcc/arm-none-eabi/14.3.1/../../../../arm-none-eabi/lib/thumb/v7-m/nofp\libc_nano.a(libc_a-strcmp.o)
                0x0800214c                strcmp
 .text          0x08002160       0x10 C:/ST/STM32CubeIDE_2.1.1/STM32CubeIDE/plugins/com.st.stm32cube.ide.mcu.externaltools.gnu-tools-for-stm32.14.3.rel1.win32_1.0.100.202602081740/tools/bin/../lib/gcc/arm-none-eabi/14.3.1/../../../../arm-none-eabi/lib/thumb/v7-m/nofp\libc_nano.a(libc_a-strlen.o)
                0x08002160                strlen
 *(.text*)
 .text.SystemClock_Config
                0x08002170       0x7c ./Application/User/Core/main.o
                0x08002170                SystemClock_Config
 .text.startup.main
                0x080021ec      0x338 ./Application/User/Core/main.o
                0x080021ec                main
 .text.Error_Handler
                0x08002524        0x4 ./Application/User/Core/main.o
                0x08002524                Error_Handler
 .text.all_off  0x08002528       0x9c ./Application/User/Core/motor_ctrl.o
 .text.Motor_Init
                0x080025c4       0xb4 ./Application/User/Core/motor_ctrl.o
                0x080025c4                Motor_Init
 .text.Motor_SafeAll
                0x08002678       0x24 ./Application/User/Core/motor_ctrl.o
                0x08002678                Motor_SafeAll
 .text.Motor_SetDuty
                0x0800269c       0x28 ./Application/User/Core/motor_ctrl.o
                0x0800269c                Motor_SetDuty
 .text.Motor_SetDir
                0x080026c4       0x18 ./Application/User/Core/motor_ctrl.o
                0x080026c4                Motor_SetDir
 .text.Motor_Disable
                0x080026dc       0x28 ./Application/User/Core/motor_ctrl.o
                0x080026dc                Motor_Disable
 .text.Motor_SetCommutOffset
                0x08002704       0x1c ./Application/User/Core/motor_ctrl.o
                0x08002704                Motor_SetCommutOffset
 .text.Motor_ReadHall
                0x08002720       0x50 ./Application/User/Core/motor_ctrl.o
                0x08002720                Motor_ReadHall
 .text.Motor_GetTicks
                0x08002770       0x1c ./Application/User/Core/motor_ctrl.o
                0x08002770                Motor_GetTicks
 .text.Motor_ResetTicks
                0x0800278c       0x18 ./Application/User/Core/motor_ctrl.o
                0x0800278c                Motor_ResetTicks
 .text.Motor_ClearHallRing
                0x080027a4       0x2c ./Application/User/Core/motor_ctrl.o
                0x080027a4                Motor_ClearHallRing
 .text.Motor_SetPhaseMap
                0x080027d0       0x28 ./Application/User/Core/motor_ctrl.o
                0x080027d0                Motor_SetPhaseMap
 .text.Motor_Commutate
                0x080027f8      0x23c ./Application/User/Core/motor_ctrl.o
                0x080027f8                Motor_Commutate
 .text.Motor_Enable
                0x08002a34       0x54 ./Application/User/Core/motor_ctrl.o
                0x08002a34                Motor_Enable
 .text.Motor_CommutateAll
                0x08002a88       0x18 ./Application/User/Core/motor_ctrl.o
                0x08002a88                Motor_CommutateAll
 .text.HAL_MspInit
                0x08002aa0       0x44 ./Application/User/Core/stm32f1xx_hal_msp.o
                0x08002aa0                HAL_MspInit
 .text.HAL_TIM_Base_MspInit
                0x08002ae4       0x28 ./Application/User/Core/stm32f1xx_hal_msp.o
                0x08002ae4                HAL_TIM_Base_MspInit
 .text.HAL_TIM_PWM_MspInit
                0x08002b0c       0x4c ./Application/User/Core/stm32f1xx_hal_msp.o
                0x08002b0c                HAL_TIM_PWM_MspInit
 .text.HAL_TIM_MspPostInit
                0x08002b58       0xf4 ./Application/User/Core/stm32f1xx_hal_msp.o
                0x08002b58                HAL_TIM_MspPostInit
 .text.NMI_Handler
                0x08002c4c        0x2 ./Application/User/Core/stm32f1xx_it.o
                0x08002c4c                NMI_Handler
 .text.HardFault_Handler
                0x08002c4e        0x2 ./Application/User/Core/stm32f1xx_it.o
                0x08002c4e                HardFault_Handler
 .text.MemManage_Handler
                0x08002c50        0x2 ./Application/User/Core/stm32f1xx_it.o
                0x08002c50                MemManage_Handler
 .text.BusFault_Handler
                0x08002c52        0x2 ./Application/User/Core/stm32f1xx_it.o
                0x08002c52                BusFault_Handler
 .text.UsageFault_Handler
                0x08002c54        0x2 ./Application/User/Core/stm32f1xx_it.o
                0x08002c54                UsageFault_Handler
 .text.SVC_Handler
                0x08002c56        0x2 ./Application/User/Core/stm32f1xx_it.o
                0x08002c56                SVC_Handler
 .text.DebugMon_Handler
                0x08002c58        0x2 ./Application/User/Core/stm32f1xx_it.o
                0x08002c58                DebugMon_Handler
 .text.PendSV_Handler
                0x08002c5a        0x2 ./Application/User/Core/stm32f1xx_it.o
                0x08002c5a                PendSV_Handler
 .text.SysTick_Handler
                0x08002c5c        0xe ./Application/User/Core/stm32f1xx_it.o
                0x08002c5c                SysTick_Handler
 *fill*         0x08002c6a        0x2 
 .text.USB_LP_CAN1_RX0_IRQHandler
                0x08002c6c        0xc ./Application/User/Core/stm32f1xx_it.o
                0x08002c6c                USB_LP_CAN1_RX0_IRQHandler
 .text._getpid  0x08002c78        0x4 ./Application/User/Core/syscalls.o
                0x08002c78                _getpid
 .text._kill    0x08002c7c       0x10 ./Application/User/Core/syscalls.o
                0x08002c7c                _kill
 .text._exit    0x08002c8c        0xc ./Application/User/Core/syscalls.o
                0x08002c8c                _exit
 .text._read    0x08002c98       0x1c ./Application/User/Core/syscalls.o
                0x08002c98                _read
 .text._write   0x08002cb4       0x1c ./Application/User/Core/syscalls.o
                0x08002cb4                _write
 .text._close   0x08002cd0        0x6 ./Application/User/Core/syscalls.o
                0x08002cd0                _close
 .text._fstat   0x08002cd6        0xa ./Application/User/Core/syscalls.o
                0x08002cd6                _fstat
 .text._isatty  0x08002ce0        0x4 ./Application/User/Core/syscalls.o
                0x08002ce0                _isatty
 .text._lseek   0x08002ce4        0x4 ./Application/User/Core/syscalls.o
                0x08002ce4                _lseek
 .text._sbrk    0x08002ce8       0x3c ./Application/User/Core/sysmem.o
                0x08002ce8                _sbrk
 .text.rx_flush
                0x08002d24       0x20 ./Application/User/Core/usb_cmd.o
 .text.pin_bit  0x08002d44       0x18 ./Application/User/Core/usb_cmd.o
 .text.tui_set_status
                0x08002d5c       0x1c ./Application/User/Core/usb_cmd.o
 .text.find_pin
                0x08002d78       0x34 ./Application/User/Core/usb_cmd.o
 .text.USBCMD_OnReceive
                0x08002dac       0x38 ./Application/User/Core/usb_cmd.o
                0x08002dac                USBCMD_OnReceive
 .text.USBCMD_Send
                0x08002de4       0x28 ./Application/User/Core/usb_cmd.o
                0x08002de4                USBCMD_Send
 .text.tui_erase_line
                0x08002e0c        0xc ./Application/User/Core/usb_cmd.o
 .text.tui_handle_key
                0x08002e18      0x2dc ./Application/User/Core/usb_cmd.o
 .text.tui_goto.constprop.0
                0x080030f4       0x28 ./Application/User/Core/usb_cmd.o
 .text.tui_draw_status
                0x0800311c       0x30 ./Application/User/Core/usb_cmd.o
 .text.tui_draw_sep
                0x0800314c       0x14 ./Application/User/Core/usb_cmd.o
 .text.tui_draw_tim1
                0x08003160       0xdc ./Application/User/Core/usb_cmd.o
 .text.tui_draw_gpio
                0x0800323c       0x48 ./Application/User/Core/usb_cmd.o
 .text.tui_draw_summary
                0x08003284       0x7c ./Application/User/Core/usb_cmd.o
 .text.tui_draw_motor_panel
                0x08003300      0x270 ./Application/User/Core/usb_cmd.o
 .text.tui_draw_tabs
                0x08003570       0x68 ./Application/User/Core/usb_cmd.o
 .text.tui_full_redraw
                0x080035d8       0x84 ./Application/User/Core/usb_cmd.o
 .text.USBCMD_Init
                0x0800365c       0x5c ./Application/User/Core/usb_cmd.o
                0x0800365c                USBCMD_Init
 .text.USBCMD_Process
                0x080036b8     0x12b0 ./Application/User/Core/usb_cmd.o
                0x080036b8                USBCMD_Process
 .text.Reset_Handler
                0x08004968       0x48 ./Application/User/Startup/startup_stm32f103c8tx.o
                0x08004968                Reset_Handler
 .text.Default_Handler
                0x080049b0        0x2 ./Application/User/Startup/startup_stm32f103c8tx.o
                0x080049b0                RTC_Alarm_IRQHandler
                0x080049b0                EXTI2_IRQHandler
                0x080049b0                TIM1_CC_IRQHandler
                0x080049b0                PVD_IRQHandler
                0x080049b0                EXTI3_IRQHandler
                0x080049b0                EXTI0_IRQHandler
                0x080049b0                I2C2_EV_IRQHandler
                0x080049b0                ADC1_2_IRQHandler
                0x080049b0                SPI1_IRQHandler
                0x080049b0                TAMPER_IRQHandler
                0x080049b0                DMA1_Channel4_IRQHandler
                0x080049b0                USART3_IRQHandler
                0x080049b0                RTC_IRQHandler
                0x080049b0                DMA1_Channel7_IRQHandler
                0x080049b0                CAN1_RX1_IRQHandler
                0x080049b0                TIM4_IRQHandler
                0x080049b0                I2C1_EV_IRQHandler
                0x080049b0                DMA1_Channel6_IRQHandler
                0x080049b0                TIM3_IRQHandler
                0x080049b0                RCC_IRQHandler
                0x080049b0                TIM1_TRG_COM_IRQHandler
                0x080049b0                DMA1_Channel1_IRQHandler
                0x080049b0                Default_Handler
                0x080049b0                EXTI15_10_IRQHandler
                0x080049b0                EXTI9_5_IRQHandler
                0x080049b0                SPI2_IRQHandler
                0x080049b0                DMA1_Channel5_IRQHandler
                0x080049b0                EXTI4_IRQHandler
                0x080049b0                USB_HP_CAN1_TX_IRQHandler
                0x080049b0                DMA1_Channel3_IRQHandler
                0x080049b0                TIM1_UP_IRQHandler
                0x080049b0                WWDG_IRQHandler
                0x080049b0                TIM2_IRQHandler
                0x080049b0                TIM1_BRK_IRQHandler
                0x080049b0                EXTI1_IRQHandler
                0x080049b0                USART2_IRQHandler
                0x080049b0                I2C2_ER_IRQHandler
                0x080049b0                DMA1_Channel2_IRQHandler
                0x080049b0                CAN1_SCE_IRQHandler
                0x080049b0                FLASH_IRQHandler
                0x080049b0                USART1_IRQHandler
                0x080049b0                I2C1_ER_IRQHandler
                0x080049b0                USBWakeUp_IRQHandler
 *fill*         0x080049b2        0x2 
 .text.MX_USB_DEVICE_Init
                0x080049b4       0x50 ./Application/User/USB_DEVICE/App/usb_device.o
                0x080049b4                MX_USB_DEVICE_Init
 .text.CDC_DeInit_FS
                0x08004a04        0x4 ./Application/User/USB_DEVICE/App/usbd_cdc_if.o
 .text.CDC_Control_FS
                0x08004a08        0x4 ./Application/User/USB_DEVICE/App/usbd_cdc_if.o
 .text.CDC_Receive_FS
                0x08004a0c       0x20 ./Application/User/USB_DEVICE/App/usbd_cdc_if.o
 .text.CDC_Init_FS
                0x08004a2c       0x24 ./Application/User/USB_DEVICE/App/usbd_cdc_if.o
 .text.CDC_Transmit_FS
                0x08004a50       0x2c ./Application/User/USB_DEVICE/App/usbd_cdc_if.o
                0x08004a50                CDC_Transmit_FS
 .text.USBD_FS_DeviceDescriptor
                0x08004a7c        0xc ./Application/User/USB_DEVICE/App/usbd_desc.o
                0x08004a7c                USBD_FS_DeviceDescriptor
 .text.USBD_FS_LangIDStrDescriptor
                0x08004a88        0xc ./Application/User/USB_DEVICE/App/usbd_desc.o
                0x08004a88                USBD_FS_LangIDStrDescriptor
 .text.IntToUnicode
                0x08004a94       0x2a ./Application/User/USB_DEVICE/App/usbd_desc.o
 *fill*         0x08004abe        0x2 
 .text.USBD_FS_SerialStrDescriptor
                0x08004ac0       0x3c ./Application/User/USB_DEVICE/App/usbd_desc.o
                0x08004ac0                USBD_FS_SerialStrDescriptor
 .text.USBD_FS_ManufacturerStrDescriptor
                0x08004afc       0x18 ./Application/User/USB_DEVICE/App/usbd_desc.o
                0x08004afc                USBD_FS_ManufacturerStrDescriptor
 .text.USBD_FS_ProductStrDescriptor
                0x08004b14       0x18 ./Application/User/USB_DEVICE/App/usbd_desc.o
                0x08004b14                USBD_FS_ProductStrDescriptor
 .text.USBD_FS_ConfigStrDescriptor
                0x08004b2c       0x18 ./Application/User/USB_DEVICE/App/usbd_desc.o
                0x08004b2c                USBD_FS_ConfigStrDescriptor
 .text.USBD_FS_InterfaceStrDescriptor
                0x08004b44       0x18 ./Application/User/USB_DEVICE/App/usbd_desc.o
                0x08004b44                USBD_FS_InterfaceStrDescriptor
 .text.USBD_Get_USB_Status
                0x08004b5c        0xc ./Application/User/USB_DEVICE/Target/usbd_conf.o
 .text.HAL_PCD_MspInit
                0x08004b68       0x40 ./Application/User/USB_DEVICE/Target/usbd_conf.o
                0x08004b68                HAL_PCD_MspInit
 .text.HAL_PCD_SetupStageCallback
                0x08004ba8        0xc ./Application/User/USB_DEVICE/Target/usbd_conf.o
                0x08004ba8                HAL_PCD_SetupStageCallback
 .text.HAL_PCD_DataOutStageCallback
                0x08004bb4       0x12 ./Application/User/USB_DEVICE/Target/usbd_conf.o
                0x08004bb4                HAL_PCD_DataOutStageCallback
 .text.HAL_PCD_DataInStageCallback
                0x08004bc6       0x10 ./Application/User/USB_DEVICE/Target/usbd_conf.o
                0x08004bc6                HAL_PCD_DataInStageCallback
 .text.HAL_PCD_SOFCallback
                0x08004bd6        0x8 ./Application/User/USB_DEVICE/Target/usbd_conf.o
                0x08004bd6                HAL_PCD_SOFCallback
 .text.HAL_PCD_ResetCallback
                0x08004bde       0x24 ./Application/User/USB_DEVICE/Target/usbd_conf.o
                0x08004bde                HAL_PCD_ResetCallback
 *fill*         0x08004c02        0x2 
 .text.HAL_PCD_SuspendCallback
                0x08004c04       0x20 ./Application/User/USB_DEVICE/Target/usbd_conf.o
                0x08004c04                HAL_PCD_SuspendCallback
 .text.HAL_PCD_ResumeCallback
                0x08004c24        0x8 ./Application/User/USB_DEVICE/Target/usbd_conf.o
                0x08004c24                HAL_PCD_ResumeCallback
 .text.USBD_LL_Init
                0x08004c2c       0x80 ./Application/User/USB_DEVICE/Target/usbd_conf.o
                0x08004c2c                USBD_LL_Init
 .text.USBD_LL_Start
                0x08004cac       0x12 ./Application/User/USB_DEVICE/Target/usbd_conf.o
                0x08004cac                USBD_LL_Start
 .text.USBD_LL_OpenEP
                0x08004cbe       0x18 ./Application/User/USB_DEVICE/Target/usbd_conf.o
                0x08004cbe                USBD_LL_OpenEP
 .text.USBD_LL_CloseEP
                0x08004cd6       0x12 ./Application/User/USB_DEVICE/Target/usbd_conf.o
                0x08004cd6                USBD_LL_CloseEP
 .text.USBD_LL_StallEP
                0x08004ce8       0x12 ./Application/User/USB_DEVICE/Target/usbd_conf.o
                0x08004ce8                USBD_LL_StallEP
 .text.USBD_LL_ClearStallEP
                0x08004cfa       0x12 ./Application/User/USB_DEVICE/Target/usbd_conf.o
                0x08004cfa                USBD_LL_ClearStallEP
 .text.USBD_LL_IsStallEP
                0x08004d0c       0x22 ./Application/User/USB_DEVICE/Target/usbd_conf.o
                0x08004d0c                USBD_LL_IsStallEP
 .text.USBD_LL_SetUSBAddress
                0x08004d2e       0x12 ./Application/User/USB_DEVICE/Target/usbd_conf.o
                0x08004d2e                USBD_LL_SetUSBAddress
 .text.USBD_LL_Transmit
                0x08004d40       0x12 ./Application/User/USB_DEVICE/Target/usbd_conf.o
                0x08004d40                USBD_LL_Transmit
 .text.USBD_LL_PrepareReceive
                0x08004d52       0x12 ./Application/User/USB_DEVICE/Target/usbd_conf.o
                0x08004d52                USBD_LL_PrepareReceive
 .text.USBD_LL_GetRxDataSize
                0x08004d64        0x8 ./Application/User/USB_DEVICE/Target/usbd_conf.o
                0x08004d64                USBD_LL_GetRxDataSize
 .text.USBD_static_malloc
                0x08004d6c        0x8 ./Application/User/USB_DEVICE/Target/usbd_conf.o
                0x08004d6c                USBD_static_malloc
 .text.USBD_static_free
                0x08004d74        0x2 ./Application/User/USB_DEVICE/Target/usbd_conf.o
                0x08004d74                USBD_static_free
 .text.HAL_PCDEx_SetConnectionState
                0x08004d76        0x2 ./Application/User/USB_DEVICE/Target/usbd_conf.o
                0x08004d76                HAL_PCDEx_SetConnectionState
 .text.SystemInit
                0x08004d78       0x10 ./Drivers/CMSIS/system_stm32f1xx.o
                0x08004d78                SystemInit
 .text.HAL_InitTick
                0x08004d88       0x48 ./Drivers/STM32F1xx_HAL_Driver/stm32f1xx_hal.o
                0x08004d88                HAL_InitTick
 .text.HAL_Init
                0x08004dd0       0x24 ./Drivers/STM32F1xx_HAL_Driver/stm32f1xx_hal.o
                0x08004dd0                HAL_Init
 .text.HAL_IncTick
                0x08004df4       0x18 ./Drivers/STM32F1xx_HAL_Driver/stm32f1xx_hal.o
                0x08004df4                HAL_IncTick
 .text.HAL_GetTick
                0x08004e0c        0xc ./Drivers/STM32F1xx_HAL_Driver/stm32f1xx_hal.o
                0x08004e0c                HAL_GetTick
 .text.HAL_Delay
                0x08004e18       0x24 ./Drivers/STM32F1xx_HAL_Driver/stm32f1xx_hal.o
                0x08004e18                HAL_Delay
 .text.HAL_NVIC_SetPriorityGrouping
                0x08004e3c       0x24 ./Drivers/STM32F1xx_HAL_Driver/stm32f1xx_hal_cortex.o
                0x08004e3c                HAL_NVIC_SetPriorityGrouping
 .text.HAL_NVIC_SetPriority
                0x08004e60       0x60 ./Drivers/STM32F1xx_HAL_Driver/stm32f1xx_hal_cortex.o
                0x08004e60                HAL_NVIC_SetPriority
 .text.HAL_NVIC_EnableIRQ
                0x08004ec0       0x1c ./Drivers/STM32F1xx_HAL_Driver/stm32f1xx_hal_cortex.o
                0x08004ec0                HAL_NVIC_EnableIRQ
 .text.HAL_SYSTICK_Config
                0x08004edc       0x28 ./Drivers/STM32F1xx_HAL_Driver/stm32f1xx_hal_cortex.o
                0x08004edc                HAL_SYSTICK_Config
 .text.HAL_GPIO_Init
                0x08004f04      0x1a8 ./Drivers/STM32F1xx_HAL_Driver/stm32f1xx_hal_gpio.o
                0x08004f04                HAL_GPIO_Init
 .text.HAL_GPIO_ReadPin
                0x080050ac        0xc ./Drivers/STM32F1xx_HAL_Driver/stm32f1xx_hal_gpio.o
                0x080050ac                HAL_GPIO_ReadPin
 .text.HAL_GPIO_WritePin
                0x080050b8        0xa ./Drivers/STM32F1xx_HAL_Driver/stm32f1xx_hal_gpio.o
                0x080050b8                HAL_GPIO_WritePin
 .text.HAL_PCD_Init
                0x080050c2       0xc6 ./Drivers/STM32F1xx_HAL_Driver/stm32f1xx_hal_pcd.o
                0x080050c2                HAL_PCD_Init
 .text.HAL_PCD_Start
                0x08005188       0x32 ./Drivers/STM32F1xx_HAL_Driver/stm32f1xx_hal_pcd.o
                0x08005188                HAL_PCD_Start
 .text.HAL_PCD_SetAddress
                0x080051ba       0x26 ./Drivers/STM32F1xx_HAL_Driver/stm32f1xx_hal_pcd.o
                0x080051ba                HAL_PCD_SetAddress
 .text.HAL_PCD_IRQHandler
                0x080051e0      0x9b4 ./Drivers/STM32F1xx_HAL_Driver/stm32f1xx_hal_pcd.o
                0x080051e0                HAL_PCD_IRQHandler
 .text.HAL_PCD_EP_Open
                0x08005b94       0x60 ./Drivers/STM32F1xx_HAL_Driver/stm32f1xx_hal_pcd.o
                0x08005b94                HAL_PCD_EP_Open
 .text.HAL_PCD_EP_Close
                0x08005bf4       0x50 ./Drivers/STM32F1xx_HAL_Driver/stm32f1xx_hal_pcd.o
                0x08005bf4                HAL_PCD_EP_Close
 .text.HAL_PCD_EP_Receive
                0x08005c44       0x2e ./Drivers/STM32F1xx_HAL_Driver/stm32f1xx_hal_pcd.o
                0x08005c44                HAL_PCD_EP_Receive
 .text.HAL_PCD_EP_GetRxCount
                0x08005c72       0x10 ./Drivers/STM32F1xx_HAL_Driver/stm32f1xx_hal_pcd.o
                0x08005c72                HAL_PCD_EP_GetRxCount
 .text.HAL_PCD_EP_Transmit
                0x08005c82       0x30 ./Drivers/STM32F1xx_HAL_Driver/stm32f1xx_hal_pcd.o
                0x08005c82                HAL_PCD_EP_Transmit
 .text.HAL_PCD_EP_SetStall
                0x08005cb2       0x6c ./Drivers/STM32F1xx_HAL_Driver/stm32f1xx_hal_pcd.o
                0x08005cb2                HAL_PCD_EP_SetStall
 .text.HAL_PCD_EP_ClrStall
                0x08005d1e       0x64 ./Drivers/STM32F1xx_HAL_Driver/stm32f1xx_hal_pcd.o
                0x08005d1e                HAL_PCD_EP_ClrStall
 .text.HAL_PCDEx_PMAConfig
                0x08005d82       0x32 ./Drivers/STM32F1xx_HAL_Driver/stm32f1xx_hal_pcd_ex.o
                0x08005d82                HAL_PCDEx_PMAConfig
 .text.HAL_RCC_OscConfig
                0x08005db4      0x338 ./Drivers/STM32F1xx_HAL_Driver/stm32f1xx_hal_rcc.o
                0x08005db4                HAL_RCC_OscConfig
 .text.HAL_RCC_GetSysClockFreq
                0x080060ec       0x4c ./Drivers/STM32F1xx_HAL_Driver/stm32f1xx_hal_rcc.o
                0x080060ec                HAL_RCC_GetSysClockFreq
 .text.HAL_RCC_ClockConfig
                0x08006138      0x138 ./Drivers/STM32F1xx_HAL_Driver/stm32f1xx_hal_rcc.o
                0x08006138                HAL_RCC_ClockConfig
 .text.HAL_RCCEx_PeriphCLKConfig
                0x08006270       0xf4 ./Drivers/STM32F1xx_HAL_Driver/stm32f1xx_hal_rcc_ex.o
                0x08006270                HAL_RCCEx_PeriphCLKConfig
 .text.TIM_OC1_SetConfig
                0x08006364       0x50 ./Drivers/STM32F1xx_HAL_Driver/stm32f1xx_hal_tim.o
 .text.TIM_OC3_SetConfig
                0x080063b4       0x54 ./Drivers/STM32F1xx_HAL_Driver/stm32f1xx_hal_tim.o
 .text.TIM_OC4_SetConfig
                0x08006408       0x44 ./Drivers/STM32F1xx_HAL_Driver/stm32f1xx_hal_tim.o
 .text.TIM_Base_SetConfig
                0x0800644c       0x64 ./Drivers/STM32F1xx_HAL_Driver/stm32f1xx_hal_tim.o
                0x0800644c                TIM_Base_SetConfig
 .text.HAL_TIM_Base_Init
                0x080064b0       0x58 ./Drivers/STM32F1xx_HAL_Driver/stm32f1xx_hal_tim.o
                0x080064b0                HAL_TIM_Base_Init
 .text.HAL_TIM_PWM_Init
                0x08006508       0x58 ./Drivers/STM32F1xx_HAL_Driver/stm32f1xx_hal_tim.o
                0x08006508                HAL_TIM_PWM_Init
 .text.TIM_OC2_SetConfig
                0x08006560       0x58 ./Drivers/STM32F1xx_HAL_Driver/stm32f1xx_hal_tim.o
                0x08006560                TIM_OC2_SetConfig
 .text.HAL_TIM_PWM_ConfigChannel
                0x080065b8       0xb0 ./Drivers/STM32F1xx_HAL_Driver/stm32f1xx_hal_tim.o
                0x080065b8                HAL_TIM_PWM_ConfigChannel
 .text.TIM_ETR_SetConfig
                0x08006668       0x14 ./Drivers/STM32F1xx_HAL_Driver/stm32f1xx_hal_tim.o
                0x08006668                TIM_ETR_SetConfig
 .text.HAL_TIM_ConfigClockSource
                0x0800667c      0x132 ./Drivers/STM32F1xx_HAL_Driver/stm32f1xx_hal_tim.o
                0x0800667c                HAL_TIM_ConfigClockSource
 .text.TIM_CCxChannelCmd
                0x080067ae       0x1c ./Drivers/STM32F1xx_HAL_Driver/stm32f1xx_hal_tim.o
                0x080067ae                TIM_CCxChannelCmd
 *fill*         0x080067ca        0x2 
 .text.HAL_TIM_OC_Start
                0x080067cc       0x9c ./Drivers/STM32F1xx_HAL_Driver/stm32f1xx_hal_tim.o
                0x080067cc                HAL_TIM_OC_Start
 .text.HAL_TIM_PWM_Start
                0x08006868        0x4 ./Drivers/STM32F1xx_HAL_Driver/stm32f1xx_hal_tim.o
                0x08006868                HAL_TIM_PWM_Start
 .text.HAL_TIM_OC_Stop
                0x0800686c       0x74 ./Drivers/STM32F1xx_HAL_Driver/stm32f1xx_hal_tim.o
                0x0800686c                HAL_TIM_OC_Stop
 .text.HAL_TIM_PWM_Stop
                0x080068e0        0x4 ./Drivers/STM32F1xx_HAL_Driver/stm32f1xx_hal_tim.o
                0x080068e0                HAL_TIM_PWM_Stop
 .text.TIM_CCxNChannelCmd
                0x080068e4       0x1c ./Drivers/STM32F1xx_HAL_Driver/stm32f1xx_hal_tim_ex.o
 .text.HAL_TIMEx_OCN_Start
                0x08006900       0x94 ./Drivers/STM32F1xx_HAL_Driver/stm32f1xx_hal_tim_ex.o
                0x08006900                HAL_TIMEx_OCN_Start
 .text.HAL_TIMEx_OCN_Stop
                0x08006994       0x6a ./Drivers/STM32F1xx_HAL_Driver/stm32f1xx_hal_tim_ex.o
                0x08006994                HAL_TIMEx_OCN_Stop
 .text.HAL_TIMEx_PWMN_Start
                0x080069fe        0x4 ./Drivers/STM32F1xx_HAL_Driver/stm32f1xx_hal_tim_ex.o
                0x080069fe                HAL_TIMEx_PWMN_Start
 .text.HAL_TIMEx_PWMN_Stop
                0x08006a02        0x4 ./Drivers/STM32F1xx_HAL_Driver/stm32f1xx_hal_tim_ex.o
                0x08006a02                HAL_TIMEx_PWMN_Stop
 *fill*         0x08006a06        0x2 
 .text.HAL_TIMEx_MasterConfigSynchronization
                0x08006a08       0x5c ./Drivers/STM32F1xx_HAL_Driver/stm32f1xx_hal_tim_ex.o
                0x08006a08                HAL_TIMEx_MasterConfigSynchronization
 .text.HAL_TIMEx_ConfigBreakDeadTime
                0x08006a64       0x4c ./Drivers/STM32F1xx_HAL_Driver/stm32f1xx_hal_tim_ex.o
                0x08006a64                HAL_TIMEx_ConfigBreakDeadTime
 .text.USB_CoreInit
                0x08006ab0        0xe ./Drivers/STM32F1xx_HAL_Driver/stm32f1xx_ll_usb.o
                0x08006ab0                USB_CoreInit
 .text.USB_EnableGlobalInt
                0x08006abe       0x12 ./Drivers/STM32F1xx_HAL_Driver/stm32f1xx_ll_usb.o
                0x08006abe                USB_EnableGlobalInt
 .text.USB_DisableGlobalInt
                0x08006ad0       0x14 ./Drivers/STM32F1xx_HAL_Driver/stm32f1xx_ll_usb.o
                0x08006ad0                USB_DisableGlobalInt
 .text.USB_SetCurrentMode
                0x08006ae4        0x4 ./Drivers/STM32F1xx_HAL_Driver/stm32f1xx_ll_usb.o
                0x08006ae4                USB_SetCurrentMode
 .text.USB_DevInit
                0x08006ae8       0x22 ./Drivers/STM32F1xx_HAL_Driver/stm32f1xx_ll_usb.o
                0x08006ae8                USB_DevInit
 *fill*         0x08006b0a        0x2 
 .text.USB_ActivateEndpoint
                0x08006b0c      0x2c0 ./Drivers/STM32F1xx_HAL_Driver/stm32f1xx_ll_usb.o
                0x08006b0c                USB_ActivateEndpoint
 .text.USB_DeactivateEndpoint
                0x08006dcc      0x1a6 ./Drivers/STM32F1xx_HAL_Driver/stm32f1xx_ll_usb.o
                0x08006dcc                USB_DeactivateEndpoint
 .text.USB_EPSetStall
                0x08006f72       0x40 ./Drivers/STM32F1xx_HAL_Driver/stm32f1xx_ll_usb.o
                0x08006f72                USB_EPSetStall
 .text.USB_EPClearStall
                0x08006fb2       0x92 ./Drivers/STM32F1xx_HAL_Driver/stm32f1xx_ll_usb.o
                0x08006fb2                USB_EPClearStall
 .text.USB_SetDevAddress
                0x08007044        0xc ./Drivers/STM32F1xx_HAL_Driver/stm32f1xx_ll_usb.o
                0x08007044                USB_SetDevAddress
 .text.USB_DevConnect
                0x08007050        0x4 ./Drivers/STM32F1xx_HAL_Driver/stm32f1xx_ll_usb.o
                0x08007050                USB_DevConnect
 .text.USB_DevDisconnect
                0x08007054        0x4 ./Drivers/STM32F1xx_HAL_Driver/stm32f1xx_ll_usb.o
                0x08007054                USB_DevDisconnect
 .text.USB_ReadInterrupts
                0x08007058        0x8 ./Drivers/STM32F1xx_HAL_Driver/stm32f1xx_ll_usb.o
                0x08007058                USB_ReadInterrupts
 .text.USB_EP0_OutStart
                0x08007060        0x4 ./Drivers/STM32F1xx_HAL_Driver/stm32f1xx_ll_usb.o
                0x08007060                USB_EP0_OutStart
 .text.USB_WritePMA
                0x08007064       0x20 ./Drivers/STM32F1xx_HAL_Driver/stm32f1xx_ll_usb.o
                0x08007064                USB_WritePMA
 .text.USB_EPStartXfer
                0x08007084      0x462 ./Drivers/STM32F1xx_HAL_Driver/stm32f1xx_ll_usb.o
                0x08007084                USB_EPStartXfer
 .text.USB_ReadPMA
                0x080074e6       0x38 ./Drivers/STM32F1xx_HAL_Driver/stm32f1xx_ll_usb.o
                0x080074e6                USB_ReadPMA
 .text.USBD_CDC_EP0_RxReady
                0x0800751e       0x28 ./Middlewares/USB_Device_Library/usbd_cdc.o
 *fill*         0x08007546        0x2 
 .text.USBD_CDC_GetFSCfgDesc
                0x08007548        0xc ./Middlewares/USB_Device_Library/usbd_cdc.o
 .text.USBD_CDC_GetHSCfgDesc
                0x08007554        0xc ./Middlewares/USB_Device_Library/usbd_cdc.o
 .text.USBD_CDC_GetOtherSpeedCfgDesc
                0x08007560        0xc ./Middlewares/USB_Device_Library/usbd_cdc.o
 .text.USBD_CDC_GetDeviceQualifierDescriptor
                0x0800756c        0xc ./Middlewares/USB_Device_Library/usbd_cdc.o
                0x0800756c                USBD_CDC_GetDeviceQualifierDescriptor
 .text.USBD_CDC_DataOut
                0x08007578       0x2e ./Middlewares/USB_Device_Library/usbd_cdc.o
 .text.USBD_CDC_DataIn
                0x080075a6       0x40 ./Middlewares/USB_Device_Library/usbd_cdc.o
 .text.USBD_CDC_Setup
                0x080075e6       0xa2 ./Middlewares/USB_Device_Library/usbd_cdc.o
 .text.USBD_CDC_DeInit
                0x08007688       0x42 ./Middlewares/USB_Device_Library/usbd_cdc.o
 .text.USBD_CDC_Init
                0x080076ca       0x8c ./Middlewares/USB_Device_Library/usbd_cdc.o
 .text.USBD_CDC_RegisterInterface
                0x08007756        0xe ./Middlewares/USB_Device_Library/usbd_cdc.o
                0x08007756                USBD_CDC_RegisterInterface
 .text.USBD_CDC_SetTxBuffer
                0x08007764       0x10 ./Middlewares/USB_Device_Library/usbd_cdc.o
                0x08007764                USBD_CDC_SetTxBuffer
 .text.USBD_CDC_SetRxBuffer
                0x08007774        0xc ./Middlewares/USB_Device_Library/usbd_cdc.o
                0x08007774                USBD_CDC_SetRxBuffer
 .text.USBD_CDC_TransmitPacket
                0x08007780       0x32 ./Middlewares/USB_Device_Library/usbd_cdc.o
                0x08007780                USBD_CDC_TransmitPacket
 .text.USBD_CDC_ReceivePacket
                0x080077b2       0x26 ./Middlewares/USB_Device_Library/usbd_cdc.o
                0x080077b2                USBD_CDC_ReceivePacket
 .text.USBD_Init
                0x080077d8       0x2a ./Middlewares/USB_Device_Library/usbd_core.o
                0x080077d8                USBD_Init
 .text.USBD_RegisterClass
                0x08007802        0xe ./Middlewares/USB_Device_Library/usbd_core.o
                0x08007802                USBD_RegisterClass
 .text.USBD_Start
                0x08007810        0xa ./Middlewares/USB_Device_Library/usbd_core.o
                0x08007810                USBD_Start
 .text.USBD_SetClassConfig
                0x0800781a       0x1a ./Middlewares/USB_Device_Library/usbd_core.o
                0x0800781a                USBD_SetClassConfig
 .text.USBD_ClrClassConfig
                0x08007834        0xe ./Middlewares/USB_Device_Library/usbd_core.o
                0x08007834                USBD_ClrClassConfig
 .text.USBD_LL_SetupStage
                0x08007842       0x5a ./Middlewares/USB_Device_Library/usbd_core.o
                0x08007842                USBD_LL_SetupStage
 .text.USBD_LL_DataOutStage
                0x0800789c       0x70 ./Middlewares/USB_Device_Library/usbd_core.o
                0x0800789c                USBD_LL_DataOutStage
 .text.USBD_LL_DataInStage
                0x0800790c       0xb8 ./Middlewares/USB_Device_Library/usbd_core.o
                0x0800790c                USBD_LL_DataInStage
 .text.USBD_LL_Reset
                0x080079c4       0x4e ./Middlewares/USB_Device_Library/usbd_core.o
                0x080079c4                USBD_LL_Reset
 .text.USBD_LL_SetSpeed
                0x08007a12        0x6 ./Middlewares/USB_Device_Library/usbd_core.o
                0x08007a12                USBD_LL_SetSpeed
 .text.USBD_LL_Suspend
                0x08007a18       0x12 ./Middlewares/USB_Device_Library/usbd_core.o
                0x08007a18                USBD_LL_Suspend
 .text.USBD_LL_Resume
                0x08007a2a       0x14 ./Middlewares/USB_Device_Library/usbd_core.o
                0x08007a2a                USBD_LL_Resume
 .text.USBD_LL_SOF
                0x08007a3e       0x18 ./Middlewares/USB_Device_Library/usbd_core.o
                0x08007a3e                USBD_LL_SOF
 .text.USBD_CtlError.constprop.0
                0x08007a56       0x16 ./Middlewares/USB_Device_Library/usbd_ctlreq.o
 .text.USBD_StdDevReq
                0x08007a6c      0x290 ./Middlewares/USB_Device_Library/usbd_ctlreq.o
                0x08007a6c                USBD_StdDevReq
 .text.USBD_StdItfReq
                0x08007cfc       0x48 ./Middlewares/USB_Device_Library/usbd_ctlreq.o
                0x08007cfc                USBD_StdItfReq
 .text.USBD_StdEPReq
                0x08007d44      0x118 ./Middlewares/USB_Device_Library/usbd_ctlreq.o
                0x08007d44                USBD_StdEPReq
 .text.USBD_ParseSetupRequest
                0x08007e5c       0x16 ./Middlewares/USB_Device_Library/usbd_ctlreq.o
                0x08007e5c                USBD_ParseSetupRequest
 .text.USBD_CtlError
                0x08007e72       0x16 ./Middlewares/USB_Device_Library/usbd_ctlreq.o
                0x08007e72                USBD_CtlError
 .text.USBD_GetString
                0x08007e88       0x38 ./Middlewares/USB_Device_Library/usbd_ctlreq.o
                0x08007e88                USBD_GetString
 .text.USBD_CtlSendData
                0x08007ec0       0x1a ./Middlewares/USB_Device_Library/usbd_ioreq.o
                0x08007ec0                USBD_CtlSendData
 .text.USBD_CtlContinueSendData
                0x08007eda       0x10 ./Middlewares/USB_Device_Library/usbd_ioreq.o
                0x08007eda                USBD_CtlContinueSendData
 .text.USBD_CtlPrepareRx
                0x08007eea       0x1a ./Middlewares/USB_Device_Library/usbd_ioreq.o
                0x08007eea                USBD_CtlPrepareRx
 .text.USBD_CtlContinueRx
                0x08007f04       0x10 ./Middlewares/USB_Device_Library/usbd_ioreq.o
                0x08007f04                USBD_CtlContinueRx
 .text.USBD_CtlSendStatus
                0x08007f14       0x16 ./Middlewares/USB_Device_Library/usbd_ioreq.o
                0x08007f14                USBD_CtlSendStatus
 .text.USBD_CtlReceiveStatus
                0x08007f2a       0x16 ./Middlewares/USB_Device_Library/usbd_ioreq.o
                0x08007f2a                USBD_CtlReceiveStatus
 .text.atoi     0x08007f40        0x8 C:/ST/STM32CubeIDE_2.1.1/STM32CubeIDE/plugins/com.st.stm32cube.ide.mcu.externaltools.gnu-tools-for-stm32.14.3.rel1.win32_1.0.100.202602081740/tools/bin/../lib/gcc/arm-none-eabi/14.3.1/../../../../arm-none-eabi/lib/thumb/v7-m/nofp\libc_nano.a(libc_a-atoi.o)
                0x08007f40                atoi
 .text._strtol_l.isra.0
                0x08007f48       0xf4 C:/ST/STM32CubeIDE_2.1.1/STM32CubeIDE/plugins/com.st.stm32cube.ide.mcu.externaltools.gnu-tools-for-stm32.14.3.rel1.win32_1.0.100.202602081740/tools/bin/../lib/gcc/arm-none-eabi/14.3.1/../../../../arm-none-eabi/lib/thumb/v7-m/nofp\libc_nano.a(libc_a-strtol.o)
 .text.strtol   0x0800803c       0x14 C:/ST/STM32CubeIDE_2.1.1/STM32CubeIDE/plugins/com.st.stm32cube.ide.mcu.externaltools.gnu-tools-for-stm32.14.3.rel1.win32_1.0.100.202602081740/tools/bin/../lib/gcc/arm-none-eabi/14.3.1/../../../../arm-none-eabi/lib/thumb/v7-m/nofp\libc_nano.a(libc_a-strtol.o)
                0x0800803c                strtol
 .text.std      0x08008050       0x6c C:/ST/STM32CubeIDE_2.1.1/STM32CubeIDE/plugins/com.st.stm32cube.ide.mcu.externaltools.gnu-tools-for-stm32.14.3.rel1.win32_1.0.100.202602081740/tools/bin/../lib/gcc/arm-none-eabi/14.3.1/../../../../arm-none-eabi/lib/thumb/v7-m/nofp\libc_nano.a(libc_a-findfp.o)
 .text.stdio_exit_handler
                0x080080bc       0x18 C:/ST/STM32CubeIDE_2.1.1/STM32CubeIDE/plugins/com.st.stm32cube.ide.mcu.externaltools.gnu-tools-for-stm32.14.3.rel1.win32_1.0.100.202602081740/tools/bin/../lib/gcc/arm-none-eabi/14.3.1/../../../../arm-none-eabi/lib/thumb/v7-m/nofp\libc_nano.a(libc_a-findfp.o)
 .text.cleanup_stdio
                0x080080d4       0x40 C:/ST/STM32CubeIDE_2.1.1/STM32CubeIDE/plugins/com.st.stm32cube.ide.mcu.externaltools.gnu-tools-for-stm32.14.3.rel1.win32_1.0.100.202602081740/tools/bin/../lib/gcc/arm-none-eabi/14.3.1/../../../../arm-none-eabi/lib/thumb/v7-m/nofp\libc_nano.a(libc_a-findfp.o)
 .text.global_stdio_init.part.0
                0x08008114       0x40 C:/ST/STM32CubeIDE_2.1.1/STM32CubeIDE/plugins/com.st.stm32cube.ide.mcu.externaltools.gnu-tools-for-stm32.14.3.rel1.win32_1.0.100.202602081740/tools/bin/../lib/gcc/arm-none-eabi/14.3.1/../../../../arm-none-eabi/lib/thumb/v7-m/nofp\libc_nano.a(libc_a-findfp.o)
 .text.__sfp_lock_acquire
                0x08008154        0xc C:/ST/STM32CubeIDE_2.1.1/STM32CubeIDE/plugins/com.st.stm32cube.ide.mcu.externaltools.gnu-tools-for-stm32.14.3.rel1.win32_1.0.100.202602081740/tools/bin/../lib/gcc/arm-none-eabi/14.3.1/../../../../arm-none-eabi/lib/thumb/v7-m/nofp\libc_nano.a(libc_a-findfp.o)
                0x08008154                __sfp_lock_acquire
 .text.__sfp_lock_release
                0x08008160        0xc C:/ST/STM32CubeIDE_2.1.1/STM32CubeIDE/plugins/com.st.stm32cube.ide.mcu.externaltools.gnu-tools-for-stm32.14.3.rel1.win32_1.0.100.202602081740/tools/bin/../lib/gcc/arm-none-eabi/14.3.1/../../../../arm-none-eabi/lib/thumb/v7-m/nofp\libc_nano.a(libc_a-findfp.o)
                0x08008160                __sfp_lock_release
 .text.__sinit  0x0800816c       0x30 C:/ST/STM32CubeIDE_2.1.1/STM32CubeIDE/plugins/com.st.stm32cube.ide.mcu.externaltools.gnu-tools-for-stm32.14.3.rel1.win32_1.0.100.202602081740/tools/bin/../lib/gcc/arm-none-eabi/14.3.1/../../../../arm-none-eabi/lib/thumb/v7-m/nofp\libc_nano.a(libc_a-findfp.o)
                0x0800816c                __sinit
 .text._fwalk_sglue
                0x0800819c       0x3c C:/ST/STM32CubeIDE_2.1.1/STM32CubeIDE/plugins/com.st.stm32cube.ide.mcu.externaltools.gnu-tools-for-stm32.14.3.rel1.win32_1.0.100.202602081740/tools/bin/../lib/gcc/arm-none-eabi/14.3.1/../../../../arm-none-eabi/lib/thumb/v7-m/nofp\libc_nano.a(libc_a-fwalk.o)
                0x0800819c                _fwalk_sglue
 .text.snprintf
                0x080081d8       0x6c C:/ST/STM32CubeIDE_2.1.1/STM32CubeIDE/plugins/com.st.stm32cube.ide.mcu.externaltools.gnu-tools-for-stm32.14.3.rel1.win32_1.0.100.202602081740/tools/bin/../lib/gcc/arm-none-eabi/14.3.1/../../../../arm-none-eabi/lib/thumb/v7-m/nofp\libc_nano.a(libc_a-snprintf.o)
                0x080081d8                sniprintf
                0x080081d8                snprintf
 .text.__sread  0x08008244       0x22 C:/ST/STM32CubeIDE_2.1.1/STM32CubeIDE/plugins/com.st.stm32cube.ide.mcu.externaltools.gnu-tools-for-stm32.14.3.rel1.win32_1.0.100.202602081740/tools/bin/../lib/gcc/arm-none-eabi/14.3.1/../../../../arm-none-eabi/lib/thumb/v7-m/nofp\libc_nano.a(libc_a-stdio.o)
                0x08008244                __sread
 .text.__swrite
                0x08008266       0x38 C:/ST/STM32CubeIDE_2.1.1/STM32CubeIDE/plugins/com.st.stm32cube.ide.mcu.externaltools.gnu-tools-for-stm32.14.3.rel1.win32_1.0.100.202602081740/tools/bin/../lib/gcc/arm-none-eabi/14.3.1/../../../../arm-none-eabi/lib/thumb/v7-m/nofp\libc_nano.a(libc_a-stdio.o)
                0x08008266                __swrite
 .text.__sseek  0x0800829e       0x26 C:/ST/STM32CubeIDE_2.1.1/STM32CubeIDE/plugins/com.st.stm32cube.ide.mcu.externaltools.gnu-tools-for-stm32.14.3.rel1.win32_1.0.100.202602081740/tools/bin/../lib/gcc/arm-none-eabi/14.3.1/../../../../arm-none-eabi/lib/thumb/v7-m/nofp\libc_nano.a(libc_a-stdio.o)
                0x0800829e                __sseek
 .text.__sclose
                0x080082c4        0x8 C:/ST/STM32CubeIDE_2.1.1/STM32CubeIDE/plugins/com.st.stm32cube.ide.mcu.externaltools.gnu-tools-for-stm32.14.3.rel1.win32_1.0.100.202602081740/tools/bin/../lib/gcc/arm-none-eabi/14.3.1/../../../../arm-none-eabi/lib/thumb/v7-m/nofp\libc_nano.a(libc_a-stdio.o)
                0x080082c4                __sclose
 .text.memset   0x080082cc       0x10 C:/ST/STM32CubeIDE_2.1.1/STM32CubeIDE/plugins/com.st.stm32cube.ide.mcu.externaltools.gnu-tools-for-stm32.14.3.rel1.win32_1.0.100.202602081740/tools/bin/../lib/gcc/arm-none-eabi/14.3.1/../../../../arm-none-eabi/lib/thumb/v7-m/nofp\libc_nano.a(libc_a-memset.o)
                0x080082cc                memset
 .text.strncpy  0x080082dc       0x26 C:/ST/STM32CubeIDE_2.1.1/STM32CubeIDE/plugins/com.st.stm32cube.ide.mcu.externaltools.gnu-tools-for-stm32.14.3.rel1.win32_1.0.100.202602081740/tools/bin/../lib/gcc/arm-none-eabi/14.3.1/../../../../arm-none-eabi/lib/thumb/v7-m/nofp\libc_nano.a(libc_a-strncpy.o)
                0x080082dc                strncpy
 *fill*         0x08008302        0x2 
 .text.strtok   0x08008304       0x7c C:/ST/STM32CubeIDE_2.1.1/STM32CubeIDE/plugins/com.st.stm32cube.ide.mcu.externaltools.gnu-tools-for-stm32.14.3.rel1.win32_1.0.100.202602081740/tools/bin/../lib/gcc/arm-none-eabi/14.3.1/../../../../arm-none-eabi/lib/thumb/v7-m/nofp\libc_nano.a(libc_a-strtok.o)
                0x08008304                strtok
 .text.__strtok_r
                0x08008380       0x50 C:/ST/STM32CubeIDE_2.1.1/STM32CubeIDE/plugins/com.st.stm32cube.ide.mcu.externaltools.gnu-tools-for-stm32.14.3.rel1.win32_1.0.100.202602081740/tools/bin/../lib/gcc/arm-none-eabi/14.3.1/../../../../arm-none-eabi/lib/thumb/v7-m/nofp\libc_nano.a(libc_a-strtok_r.o)
                0x08008380                __strtok_r
 .text._close_r
                0x080083d0       0x20 C:/ST/STM32CubeIDE_2.1.1/STM32CubeIDE/plugins/com.st.stm32cube.ide.mcu.externaltools.gnu-tools-for-stm32.14.3.rel1.win32_1.0.100.202602081740/tools/bin/../lib/gcc/arm-none-eabi/14.3.1/../../../../arm-none-eabi/lib/thumb/v7-m/nofp\libc_nano.a(libc_a-closer.o)
                0x080083d0                _close_r
 .text._lseek_r
                0x080083f0       0x24 C:/ST/STM32CubeIDE_2.1.1/STM32CubeIDE/plugins/com.st.stm32cube.ide.mcu.externaltools.gnu-tools-for-stm32.14.3.rel1.win32_1.0.100.202602081740/tools/bin/../lib/gcc/arm-none-eabi/14.3.1/../../../../arm-none-eabi/lib/thumb/v7-m/nofp\libc_nano.a(libc_a-lseekr.o)
                0x080083f0                _lseek_r
 .text._read_r  0x08008414       0x24 C:/ST/STM32CubeIDE_2.1.1/STM32CubeIDE/plugins/com.st.stm32cube.ide.mcu.externaltools.gnu-tools-for-stm32.14.3.rel1.win32_1.0.100.202602081740/tools/bin/../lib/gcc/arm-none-eabi/14.3.1/../../../../arm-none-eabi/lib/thumb/v7-m/nofp\libc_nano.a(libc_a-readr.o)
                0x08008414                _read_r
 .text._write_r
                0x08008438       0x24 C:/ST/STM32CubeIDE_2.1.1/STM32CubeIDE/plugins/com.st.stm32cube.ide.mcu.externaltools.gnu-tools-for-stm32.14.3.rel1.win32_1.0.100.202602081740/tools/bin/../lib/gcc/arm-none-eabi/14.3.1/../../../../arm-none-eabi/lib/thumb/v7-m/nofp\libc_nano.a(libc_a-writer.o)
                0x08008438                _write_r
 .text.__errno  0x0800845c        0xc C:/ST/STM32CubeIDE_2.1.1/STM32CubeIDE/plugins/com.st.stm32cube.ide.mcu.externaltools.gnu-tools-for-stm32.14.3.rel1.win32_1.0.100.202602081740/tools/bin/../lib/gcc/arm-none-eabi/14.3.1/../../../../arm-none-eabi/lib/thumb/v7-m/nofp\libc_nano.a(libc_a-errno.o)
                0x0800845c                __errno
 .text.__libc_init_array
                0x08008468       0x48 C:/ST/STM32CubeIDE_2.1.1/STM32CubeIDE/plugins/com.st.stm32cube.ide.mcu.externaltools.gnu-tools-for-stm32.14.3.rel1.win32_1.0.100.202602081740/tools/bin/../lib/gcc/arm-none-eabi/14.3.1/../../../../arm-none-eabi/lib/thumb/v7-m/nofp\libc_nano.a(libc_a-init.o)
                0x08008468                __libc_init_array
 .text.__retarget_lock_init_recursive
                0x080084b0        0x2 C:/ST/STM32CubeIDE_2.1.1/STM32CubeIDE/plugins/com.st.stm32cube.ide.mcu.externaltools.gnu-tools-for-stm32.14.3.rel1.win32_1.0.100.202602081740/tools/bin/../lib/gcc/arm-none-eabi/14.3.1/../../../../arm-none-eabi/lib/thumb/v7-m/nofp\libc_nano.a(libc_a-lock.o)
                0x080084b0                __retarget_lock_init_recursive
 .text.__retarget_lock_acquire_recursive
                0x080084b2        0x2 C:/ST/STM32CubeIDE_2.1.1/STM32CubeIDE/plugins/com.st.stm32cube.ide.mcu.externaltools.gnu-tools-for-stm32.14.3.rel1.win32_1.0.100.202602081740/tools/bin/../lib/gcc/arm-none-eabi/14.3.1/../../../../arm-none-eabi/lib/thumb/v7-m/nofp\libc_nano.a(libc_a-lock.o)
                0x080084b2                __retarget_lock_acquire_recursive
 .text.__retarget_lock_release_recursive
                0x080084b4        0x2 C:/ST/STM32CubeIDE_2.1.1/STM32CubeIDE/plugins/com.st.stm32cube.ide.mcu.externaltools.gnu-tools-for-stm32.14.3.rel1.win32_1.0.100.202602081740/tools/bin/../lib/gcc/arm-none-eabi/14.3.1/../../../../arm-none-eabi/lib/thumb/v7-m/nofp\libc_nano.a(libc_a-lock.o)
                0x080084b4                __retarget_lock_release_recursive
 *fill*         0x080084b6        0x2 
 .text.__assert_func
                0x080084b8       0x3c C:/ST/STM32CubeIDE_2.1.1/STM32CubeIDE/plugins/com.st.stm32cube.ide.mcu.externaltools.gnu-tools-for-stm32.14.3.rel1.win32_1.0.100.202602081740/tools/bin/../lib/gcc/arm-none-eabi/14.3.1/../../../../arm-none-eabi/lib/thumb/v7-m/nofp\libc_nano.a(libc_a-assert.o)
                0x080084b8                __assert_func
 .text._free_r  0x080084f4       0x90 C:/ST/STM32CubeIDE_2.1.1/STM32CubeIDE/plugins/com.st.stm32cube.ide.mcu.externaltools.gnu-tools-for-stm32.14.3.rel1.win32_1.0.100.202602081740/tools/bin/../lib/gcc/arm-none-eabi/14.3.1/../../../../arm-none-eabi/lib/thumb/v7-m/nofp\libc_nano.a(libc_a-freer.o)
                0x080084f4                _free_r
 .text.malloc   0x08008584       0x10 C:/ST/STM32CubeIDE_2.1.1/STM32CubeIDE/plugins/com.st.stm32cube.ide.mcu.externaltools.gnu-tools-for-stm32.14.3.rel1.win32_1.0.100.202602081740/tools/bin/../lib/gcc/arm-none-eabi/14.3.1/../../../../arm-none-eabi/lib/thumb/v7-m/nofp\libc_nano.a(libc_a-malloc.o)
                0x08008584                malloc
 .text.sbrk_aligned
                0x08008594       0x44 C:/ST/STM32CubeIDE_2.1.1/STM32CubeIDE/plugins/com.st.stm32cube.ide.mcu.externaltools.gnu-tools-for-stm32.14.3.rel1.win32_1.0.100.202602081740/tools/bin/../lib/gcc/arm-none-eabi/14.3.1/../../../../arm-none-eabi/lib/thumb/v7-m/nofp\libc_nano.a(libc_a-mallocr.o)
 .text._malloc_r
                0x080085d8      0x100 C:/ST/STM32CubeIDE_2.1.1/STM32CubeIDE/plugins/com.st.stm32cube.ide.mcu.externaltools.gnu-tools-for-stm32.14.3.rel1.win32_1.0.100.202602081740/tools/bin/../lib/gcc/arm-none-eabi/14.3.1/../../../../arm-none-eabi/lib/thumb/v7-m/nofp\libc_nano.a(libc_a-mallocr.o)
                0x080085d8                _malloc_r
 .text.__malloc_lock
                0x080086d8        0xc C:/ST/STM32CubeIDE_2.1.1/STM32CubeIDE/plugins/com.st.stm32cube.ide.mcu.externaltools.gnu-tools-for-stm32.14.3.rel1.win32_1.0.100.202602081740/tools/bin/../lib/gcc/arm-none-eabi/14.3.1/../../../../arm-none-eabi/lib/thumb/v7-m/nofp\libc_nano.a(libc_a-mlock.o)
                0x080086d8                __malloc_lock
 .text.__malloc_unlock
                0x080086e4        0xc C:/ST/STM32CubeIDE_2.1.1/STM32CubeIDE/plugins/com.st.stm32cube.ide.mcu.externaltools.gnu-tools-for-stm32.14.3.rel1.win32_1.0.100.202602081740/tools/bin/../lib/gcc/arm-none-eabi/14.3.1/../../../../arm-none-eabi/lib/thumb/v7-m/nofp\libc_nano.a(libc_a-mlock.o)
                0x080086e4                __malloc_unlock
 .text.__ssputs_r
                0x080086f0       0xc0 C:/ST/STM32CubeIDE_2.1.1/STM32CubeIDE/plugins/com.st.stm32cube.ide.mcu.externaltools.gnu-tools-for-stm32.14.3.rel1.win32_1.0.100.202602081740/tools/bin/../lib/gcc/arm-none-eabi/14.3.1/../../../../arm-none-eabi/lib/thumb/v7-m/nofp\libc_nano.a(libc_a-nano-svfprintf.o)
                0x080086f0                __ssputs_r
 .text._svfprintf_r
                0x080087b0      0x1f0 C:/ST/STM32CubeIDE_2.1.1/STM32CubeIDE/plugins/com.st.stm32cube.ide.mcu.externaltools.gnu-tools-for-stm32.14.3.rel1.win32_1.0.100.202602081740/tools/bin/../lib/gcc/arm-none-eabi/14.3.1/../../../../arm-none-eabi/lib/thumb/v7-m/nofp\libc_nano.a(libc_a-nano-svfprintf.o)
                0x080087b0                _svfiprintf_r
                0x080087b0                _svfprintf_r
 .text._printf_common
                0x080089a0       0xe4 C:/ST/STM32CubeIDE_2.1.1/STM32CubeIDE/plugins/com.st.stm32cube.ide.mcu.externaltools.gnu-tools-for-stm32.14.3.rel1.win32_1.0.100.202602081740/tools/bin/../lib/gcc/arm-none-eabi/14.3.1/../../../../arm-none-eabi/lib/thumb/v7-m/nofp\libc_nano.a(libc_a-nano-vfprintf_i.o)
                0x080089a0                _printf_common
 .text._printf_i
                0x08008a84      0x24c C:/ST/STM32CubeIDE_2.1.1/STM32CubeIDE/plugins/com.st.stm32cube.ide.mcu.externaltools.gnu-tools-for-stm32.14.3.rel1.win32_1.0.100.202602081740/tools/bin/../lib/gcc/arm-none-eabi/14.3.1/../../../../arm-none-eabi/lib/thumb/v7-m/nofp\libc_nano.a(libc_a-nano-vfprintf_i.o)
                0x08008a84                _printf_i
 .text.__sflush_r
                0x08008cd0       0xfc C:/ST/STM32CubeIDE_2.1.1/STM32CubeIDE/plugins/com.st.stm32cube.ide.mcu.externaltools.gnu-tools-for-stm32.14.3.rel1.win32_1.0.100.202602081740/tools/bin/../lib/gcc/arm-none-eabi/14.3.1/../../../../arm-none-eabi/lib/thumb/v7-m/nofp\libc_nano.a(libc_a-fflush.o)
                0x08008cd0                __sflush_r
 .text._fflush_r
                0x08008dcc       0x50 C:/ST/STM32CubeIDE_2.1.1/STM32CubeIDE/plugins/com.st.stm32cube.ide.mcu.externaltools.gnu-tools-for-stm32.14.3.rel1.win32_1.0.100.202602081740/tools/bin/../lib/gcc/arm-none-eabi/14.3.1/../../../../arm-none-eabi/lib/thumb/v7-m/nofp\libc_nano.a(libc_a-fflush.o)
                0x08008dcc                _fflush_r
 .text.fprintf  0x08008e1c       0x24 C:/ST/STM32CubeIDE_2.1.1/STM32CubeIDE/plugins/com.st.stm32cube.ide.mcu.externaltools.gnu-tools-for-stm32.14.3.rel1.win32_1.0.100.202602081740/tools/bin/../lib/gcc/arm-none-eabi/14.3.1/../../../../arm-none-eabi/lib/thumb/v7-m/nofp\libc_nano.a(libc_a-fprintf.o)
                0x08008e1c                fiprintf
                0x08008e1c                fprintf
 .text.memmove  0x08008e40       0x32 C:/ST/STM32CubeIDE_2.1.1/STM32CubeIDE/plugins/com.st.stm32cube.ide.mcu.externaltools.gnu-tools-for-stm32.14.3.rel1.win32_1.0.100.202602081740/tools/bin/../lib/gcc/arm-none-eabi/14.3.1/../../../../arm-none-eabi/lib/thumb/v7-m/nofp\libc_nano.a(libc_a-memmove.o)
                0x08008e40                memmove
 *fill*         0x08008e72        0x2 
 .text._sbrk_r  0x08008e74       0x20 C:/ST/STM32CubeIDE_2.1.1/STM32CubeIDE/plugins/com.st.stm32cube.ide.mcu.externaltools.gnu-tools-for-stm32.14.3.rel1.win32_1.0.100.202602081740/tools/bin/../lib/gcc/arm-none-eabi/14.3.1/../../../../arm-none-eabi/lib/thumb/v7-m/nofp\libc_nano.a(libc_a-sbrkr.o)
                0x08008e74                _sbrk_r
 .text.memchr   0x08008e94       0x1c C:/ST/STM32CubeIDE_2.1.1/STM32CubeIDE/plugins/com.st.stm32cube.ide.mcu.externaltools.gnu-tools-for-stm32.14.3.rel1.win32_1.0.100.202602081740/tools/bin/../lib/gcc/arm-none-eabi/14.3.1/../../../../arm-none-eabi/lib/thumb/v7-m/nofp\libc_nano.a(libc_a-memchr-stub.o)
                0x08008e94                memchr
 .text.memcpy   0x08008eb0       0x1c C:/ST/STM32CubeIDE_2.1.1/STM32CubeIDE/plugins/com.st.stm32cube.ide.mcu.externaltools.gnu-tools-for-stm32.14.3.rel1.win32_1.0.100.202602081740/tools/bin/../lib/gcc/arm-none-eabi/14.3.1/../../../../arm-none-eabi/lib/thumb/v7-m/nofp\libc_nano.a(libc_a-memcpy-stub.o)
                0x08008eb0                memcpy
 .text.abort    0x08008ecc        0xe C:/ST/STM32CubeIDE_2.1.1/STM32CubeIDE/plugins/com.st.stm32cube.ide.mcu.externaltools.gnu-tools-for-stm32.14.3.rel1.win32_1.0.100.202602081740/tools/bin/../lib/gcc/arm-none-eabi/14.3.1/../../../../arm-none-eabi/lib/thumb/v7-m/nofp\libc_nano.a(libc_a-abort.o)
                0x08008ecc                abort
 .text._realloc_r
                0x08008eda       0x5c C:/ST/STM32CubeIDE_2.1.1/STM32CubeIDE/plugins/com.st.stm32cube.ide.mcu.externaltools.gnu-tools-for-stm32.14.3.rel1.win32_1.0.100.202602081740/tools/bin/../lib/gcc/arm-none-eabi/14.3.1/../../../../arm-none-eabi/lib/thumb/v7-m/nofp\libc_nano.a(libc_a-reallocr.o)
                0x08008eda                _realloc_r
 .text.__sfputc_r
                0x08008f36       0x2a C:/ST/STM32CubeIDE_2.1.1/STM32CubeIDE/plugins/com.st.stm32cube.ide.mcu.externaltools.gnu-tools-for-stm32.14.3.rel1.win32_1.0.100.202602081740/tools/bin/../lib/gcc/arm-none-eabi/14.3.1/../../../../arm-none-eabi/lib/thumb/v7-m/nofp\libc_nano.a(libc_a-nano-vfprintf.o)
 .text.__sfputs_r
                0x08008f60       0x24 C:/ST/STM32CubeIDE_2.1.1/STM32CubeIDE/plugins/com.st.stm32cube.ide.mcu.externaltools.gnu-tools-for-stm32.14.3.rel1.win32_1.0.100.202602081740/tools/bin/../lib/gcc/arm-none-eabi/14.3.1/../../../../arm-none-eabi/lib/thumb/v7-m/nofp\libc_nano.a(libc_a-nano-vfprintf.o)
                0x08008f60                __sfputs_r
 .text._vfprintf_r
                0x08008f84      0x228 C:/ST/STM32CubeIDE_2.1.1/STM32CubeIDE/plugins/com.st.stm32cube.ide.mcu.externaltools.gnu-tools-for-stm32.14.3.rel1.win32_1.0.100.202602081740/tools/bin/../lib/gcc/arm-none-eabi/14.3.1/../../../../arm-none-eabi/lib/thumb/v7-m/nofp\libc_nano.a(libc_a-nano-vfprintf.o)
                0x08008f84                _vfprintf_r
                0x08008f84                _vfiprintf_r
 .text.__swbuf_r
                0x080091ac       0x7c C:/ST/STM32CubeIDE_2.1.1/STM32CubeIDE/plugins/com.st.stm32cube.ide.mcu.externaltools.gnu-tools-for-stm32.14.3.rel1.win32_1.0.100.202602081740/tools/bin/../lib/gcc/arm-none-eabi/14.3.1/../../../../arm-none-eabi/lib/thumb/v7-m/nofp\libc_nano.a(libc_a-wbuf.o)
                0x080091ac                __swbuf_r
 .text.__swsetup_r
                0x08009228       0xa8 C:/ST/STM32CubeIDE_2.1.1/STM32CubeIDE/plugins/com.st.stm32cube.ide.mcu.externaltools.gnu-tools-for-stm32.14.3.rel1.win32_1.0.100.202602081740/tools/bin/../lib/gcc/arm-none-eabi/14.3.1/../../../../arm-none-eabi/lib/thumb/v7-m/nofp\libc_nano.a(libc_a-wsetup.o)
                0x08009228                __swsetup_r
 .text._raise_r
                0x080092d0       0x50 C:/ST/STM32CubeIDE_2.1.1/STM32CubeIDE/plugins/com.st.stm32cube.ide.mcu.externaltools.gnu-tools-for-stm32.14.3.rel1.win32_1.0.100.202602081740/tools/bin/../lib/gcc/arm-none-eabi/14.3.1/../../../../arm-none-eabi/lib/thumb/v7-m/nofp\libc_nano.a(libc_a-signal.o)
                0x080092d0                _raise_r
 .text.raise    0x08009320       0x10 C:/ST/STM32CubeIDE_2.1.1/STM32CubeIDE/plugins/com.st.stm32cube.ide.mcu.externaltools.gnu-tools-for-stm32.14.3.rel1.win32_1.0.100.202602081740/tools/bin/../lib/gcc/arm-none-eabi/14.3.1/../../../../arm-none-eabi/lib/thumb/v7-m/nofp\libc_nano.a(libc_a-signal.o)
                0x08009320                raise
 .text._kill_r  0x08009330       0x24 C:/ST/STM32CubeIDE_2.1.1/STM32CubeIDE/plugins/com.st.stm32cube.ide.mcu.externaltools.gnu-tools-for-stm32.14.3.rel1.win32_1.0.100.202602081740/tools/bin/../lib/gcc/arm-none-eabi/14.3.1/../../../../arm-none-eabi/lib/thumb/v7-m/nofp\libc_nano.a(libc_a-signalr.o)
                0x08009330                _kill_r
 .text._getpid_r
                0x08009354        0x4 C:/ST/STM32CubeIDE_2.1.1/STM32CubeIDE/plugins/com.st.stm32cube.ide.mcu.externaltools.gnu-tools-for-stm32.14.3.rel1.win32_1.0.100.202602081740/tools/bin/../lib/gcc/arm-none-eabi/14.3.1/../../../../arm-none-eabi/lib/thumb/v7-m/nofp\libc_nano.a(libc_a-signalr.o)
                0x08009354                _getpid_r
 .text._malloc_usable_size_r
                0x08009358       0x10 C:/ST/STM32CubeIDE_2.1.1/STM32CubeIDE/plugins/com.st.stm32cube.ide.mcu.externaltools.gnu-tools-for-stm32.14.3.rel1.win32_1.0.100.202602081740/tools/bin/../lib/gcc/arm-none-eabi/14.3.1/../../../../arm-none-eabi/lib/thumb/v7-m/nofp\libc_nano.a(libc_a-msizer.o)
                0x08009358                _malloc_usable_size_r
 .text.__swhatbuf_r
                0x08009368       0x48 C:/ST/STM32CubeIDE_2.1.1/STM32CubeIDE/plugins/com.st.stm32cube.ide.mcu.externaltools.gnu-tools-for-stm32.14.3.rel1.win32_1.0.100.202602081740/tools/bin/../lib/gcc/arm-none-eabi/14.3.1/../../../../arm-none-eabi/lib/thumb/v7-m/nofp\libc_nano.a(libc_a-makebuf.o)
                0x08009368                __swhatbuf_r
 .text.__smakebuf_r
                0x080093b0       0x72 C:/ST/STM32CubeIDE_2.1.1/STM32CubeIDE/plugins/com.st.stm32cube.ide.mcu.externaltools.gnu-tools-for-stm32.14.3.rel1.win32_1.0.100.202602081740/tools/bin/../lib/gcc/arm-none-eabi/14.3.1/../../../../arm-none-eabi/lib/thumb/v7-m/nofp\libc_nano.a(libc_a-makebuf.o)
                0x080093b0                __smakebuf_r
 *fill*         0x08009422        0x2 
 .text._fstat_r
                0x08009424       0x24 C:/ST/STM32CubeIDE_2.1.1/STM32CubeIDE/plugins/com.st.stm32cube.ide.mcu.externaltools.gnu-tools-for-stm32.14.3.rel1.win32_1.0.100.202602081740/tools/bin/../lib/gcc/arm-none-eabi/14.3.1/../../../../arm-none-eabi/lib/thumb/v7-m/nofp\libc_nano.a(libc_a-fstatr.o)
                0x08009424                _fstat_r
 .text._isatty_r
                0x08009448       0x20 C:/ST/STM32CubeIDE_2.1.1/STM32CubeIDE/plugins/com.st.stm32cube.ide.mcu.externaltools.gnu-tools-for-stm32.14.3.rel1.win32_1.0.100.202602081740/tools/bin/../lib/gcc/arm-none-eabi/14.3.1/../../../../arm-none-eabi/lib/thumb/v7-m/nofp\libc_nano.a(libc_a-isattyr.o)
                0x08009448                _isatty_r
 *(.glue_7)
 .glue_7        0x08009468        0x0 linker stubs
 *(.glue_7t)
 .glue_7t       0x08009468        0x0 linker stubs
 *(.eh_frame)
 .eh_frame      0x08009468        0x0 C:/ST/STM32CubeIDE_2.1.1/STM32CubeIDE/plugins/com.st.stm32cube.ide.mcu.externaltools.gnu-tools-for-stm32.14.3.rel1.win32_1.0.100.202602081740/tools/bin/../lib/gcc/arm-none-eabi/14.3.1/thumb/v7-m/nofp/crtbegin.o
 *(.init)
 .init          0x08009468        0x4 C:/ST/STM32CubeIDE_2.1.1/STM32CubeIDE/plugins/com.st.stm32cube.ide.mcu.externaltools.gnu-tools-for-stm32.14.3.rel1.win32_1.0.100.202602081740/tools/bin/../lib/gcc/arm-none-eabi/14.3.1/thumb/v7-m/nofp/crti.o
                0x08009468                _init
 .init          0x0800946c        0x8 C:/ST/STM32CubeIDE_2.1.1/STM32CubeIDE/plugins/com.st.stm32cube.ide.mcu.externaltools.gnu-tools-for-stm32.14.3.rel1.win32_1.0.100.202602081740/tools/bin/../lib/gcc/arm-none-eabi/14.3.1/thumb/v7-m/nofp/crtn.o
 *(.fini)
 .fini          0x08009474        0x4 C:/ST/STM32CubeIDE_2.1.1/STM32CubeIDE/plugins/com.st.stm32cube.ide.mcu.externaltools.gnu-tools-for-stm32.14.3.rel1.win32_1.0.100.202602081740/tools/bin/../lib/gcc/arm-none-eabi/14.3.1/thumb/v7-m/nofp/crti.o
                0x08009474                _fini
 .fini          0x08009478        0x8 C:/ST/STM32CubeIDE_2.1.1/STM32CubeIDE/plugins/com.st.stm32cube.ide.mcu.externaltools.gnu-tools-for-stm32.14.3.rel1.win32_1.0.100.202602081740/tools/bin/../lib/gcc/arm-none-eabi/14.3.1/thumb/v7-m/nofp/crtn.o
                0x08009480                        . = ALIGN (0x4)
                0x08009480                        _etext = .

.vfp11_veneer   0x08009480        0x0
 .vfp11_veneer  0x08009480        0x0 linker stubs

.v4_bx          0x08009480        0x0
 .v4_bx         0x08009480        0x0 linker stubs

.iplt           0x08009480        0x0
 .iplt          0x08009480        0x0 C:/ST/STM32CubeIDE_2.1.1/STM32CubeIDE/plugins/com.st.stm32cube.ide.mcu.externaltools.gnu-tools-for-stm32.14.3.rel1.win32_1.0.100.202602081740/tools/bin/../lib/gcc/arm-none-eabi/14.3.1/thumb/v7-m/nofp/crtbegin.o

.rodata         0x08009480     0x19e0
                0x08009480                        . = ALIGN (0x4)
 *(.rodata)
 *(.rodata*)
 .rodata.MOTOR_HW
                0x08009480       0x84 ./Application/User/Core/motor_ctrl.o
 .rodata.TIM1_CCER_CCNE
                0x08009504        0x6 ./Application/User/Core/motor_ctrl.o
 .rodata.TIM1_CCER_CCE
                0x0800950a        0x6 ./Application/User/Core/motor_ctrl.o
 .rodata.TIM_CH
                0x08009510        0xc ./Application/User/Core/motor_ctrl.o
 .rodata.HALL_ORDER
                0x0800951c        0x6 ./Application/User/Core/motor_ctrl.o
 .rodata.COMMUT_REV
                0x08009522       0x10 ./Application/User/Core/motor_ctrl.o
 .rodata.COMMUT_FWD
                0x08009532       0x10 ./Application/User/Core/motor_ctrl.o
 .rodata.tui_erase_line.str1.1
                0x08009542     0x15e3 ./Application/User/Core/usb_cmd.o
                                  0x5 (size before relaxing)
 .rodata.tui_handle_key.str1.1
                0x0800ab25      0x117 ./Application/User/Core/usb_cmd.o
 .rodata.tui_goto.constprop.0.str1.1
                0x0800ab25        0x9 ./Application/User/Core/usb_cmd.o
 .rodata.tui_draw_status.str1.1
                0x0800ab25        0xc ./Application/User/Core/usb_cmd.o
 .rodata.tui_draw_sep.str1.1
                0x0800ab25       0x3a ./Application/User/Core/usb_cmd.o
 .rodata.tui_draw_tim1.str1.1
                0x0800ab25       0x8a ./Application/User/Core/usb_cmd.o
 .rodata.tui_draw_gpio.str1.1
                0x0800ab25       0x5a ./Application/User/Core/usb_cmd.o
 .rodata.tui_draw_summary.str1.1
                0x0800ab25       0x39 ./Application/User/Core/usb_cmd.o
 .rodata.tui_draw_motor_panel.str1.1
                0x0800ab25      0x2a6 ./Application/User/Core/usb_cmd.o
 .rodata.tui_draw_tabs.str1.1
                0x0800ab25       0x33 ./Application/User/Core/usb_cmd.o
 .rodata.tui_full_redraw.str1.1
                0x0800ab25      0x149 ./Application/User/Core/usb_cmd.o
 .rodata.USBCMD_Process.str1.1
                0x0800ab25      0xdbd ./Application/User/Core/usb_cmd.o
 .rodata.phase_perms
                0x0800ab25       0x12 ./Application/User/Core/usb_cmd.o
 .rodata.str1.1
                0x0800ab37       0x99 ./Application/User/Core/usb_cmd.o
 *fill*         0x0800ab37        0x1 
 .rodata.pwm_channel_table
                0x0800ab38       0xc0 ./Application/User/Core/usb_cmd.o
 .rodata.pin_table
                0x0800abf8      0x144 ./Application/User/Core/usb_cmd.o
 .rodata.USBD_FS_ManufacturerStrDescriptor.str1.1
                0x0800ad3c       0x13 ./Application/User/USB_DEVICE/App/usbd_desc.o
 .rodata.USBD_FS_ProductStrDescriptor.str1.1
                0x0800ad3c       0x16 ./Application/User/USB_DEVICE/App/usbd_desc.o
 .rodata.USBD_FS_ConfigStrDescriptor.str1.1
                0x0800ad3c        0xb ./Application/User/USB_DEVICE/App/usbd_desc.o
 .rodata.USBD_FS_InterfaceStrDescriptor.str1.1
                0x0800ad3c        0xe ./Application/User/USB_DEVICE/App/usbd_desc.o
 .rodata.AHBPrescTable
                0x0800ad3c       0x10 ./Drivers/CMSIS/system_stm32f1xx.o
                0x0800ad3c                AHBPrescTable
 .rodata.aPredivFactorTable.0
                0x0800ad4c        0x2 ./Drivers/STM32F1xx_HAL_Driver/stm32f1xx_hal_rcc.o
 .rodata.aPLLMULFactorTable.1
                0x0800ad4e       0x10 ./Drivers/STM32F1xx_HAL_Driver/stm32f1xx_hal_rcc.o
 .rodata._ctype_
                0x0800ad5e      0x101 C:/ST/STM32CubeIDE_2.1.1/STM32CubeIDE/plugins/com.st.stm32cube.ide.mcu.externaltools.gnu-tools-for-stm32.14.3.rel1.win32_1.0.100.202602081740/tools/bin/../lib/gcc/arm-none-eabi/14.3.1/../../../../arm-none-eabi/lib/thumb/v7-m/nofp\libc_nano.a(libc_a-ctype_.o)
                0x0800ad5e                _ctype_
 .rodata.strtok.str1.1
                0x0800ae5f       0x71 C:/ST/STM32CubeIDE_2.1.1/STM32CubeIDE/plugins/com.st.stm32cube.ide.mcu.externaltools.gnu-tools-for-stm32.14.3.rel1.win32_1.0.100.202602081740/tools/bin/../lib/gcc/arm-none-eabi/14.3.1/../../../../arm-none-eabi/lib/thumb/v7-m/nofp\libc_nano.a(libc_a-strtok.o)
 .rodata.__assert_func.str1.1
                0x0800ae5f       0x3d C:/ST/STM32CubeIDE_2.1.1/STM32CubeIDE/plugins/com.st.stm32cube.ide.mcu.externaltools.gnu-tools-for-stm32.14.3.rel1.win32_1.0.100.202602081740/tools/bin/../lib/gcc/arm-none-eabi/14.3.1/../../../../arm-none-eabi/lib/thumb/v7-m/nofp\libc_nano.a(libc_a-assert.o)
 .rodata._svfprintf_r.str1.1
                0x0800ae5f       0x11 C:/ST/STM32CubeIDE_2.1.1/STM32CubeIDE/plugins/com.st.stm32cube.ide.mcu.externaltools.gnu-tools-for-stm32.14.3.rel1.win32_1.0.100.202602081740/tools/bin/../lib/gcc/arm-none-eabi/14.3.1/../../../../arm-none-eabi/lib/thumb/v7-m/nofp\libc_nano.a(libc_a-nano-svfprintf.o)
 .rodata._printf_i.str1.1
                0x0800ae5f       0x22 C:/ST/STM32CubeIDE_2.1.1/STM32CubeIDE/plugins/com.st.stm32cube.ide.mcu.externaltools.gnu-tools-for-stm32.14.3.rel1.win32_1.0.100.202602081740/tools/bin/../lib/gcc/arm-none-eabi/14.3.1/../../../../arm-none-eabi/lib/thumb/v7-m/nofp\libc_nano.a(libc_a-nano-vfprintf_i.o)
 .rodata._vfprintf_r.str1.1
                0x0800ae5f       0x11 C:/ST/STM32CubeIDE_2.1.1/STM32CubeIDE/plugins/com.st.stm32cube.ide.mcu.externaltools.gnu-tools-for-stm32.14.3.rel1.win32_1.0.100.202602081740/tools/bin/../lib/gcc/arm-none-eabi/14.3.1/../../../../arm-none-eabi/lib/thumb/v7-m/nofp\libc_nano.a(libc_a-nano-vfprintf.o)
                0x0800aed0                        . = ALIGN (0x4)
 *fill*         0x0800ae5f        0x1 

.ARM.extab      0x0800ae60        0x0
                0x0800ae60                        . = ALIGN (0x4)
 *(.ARM.extab* .gnu.linkonce.armextab.*)
                0x0800ae60                        . = ALIGN (0x4)

.ARM            0x0800ae60        0x8
                0x0800ae60                        . = ALIGN (0x4)
                0x0800ae60                        __exidx_start = .
 *(.ARM.exidx*)
 .ARM.exidx     0x0800ae60        0x8 C:/ST/STM32CubeIDE_2.1.1/STM32CubeIDE/plugins/com.st.stm32cube.ide.mcu.externaltools.gnu-tools-for-stm32.14.3.rel1.win32_1.0.100.202602081740/tools/bin/../lib/gcc/arm-none-eabi/14.3.1/../../../../arm-none-eabi/lib/thumb/v7-m/nofp\libc_nano.a(libc_a-strcmp.o)
 .ARM.exidx     0x0800ae68        0x0 C:/ST/STM32CubeIDE_2.1.1/STM32CubeIDE/plugins/com.st.stm32cube.ide.mcu.externaltools.gnu-tools-for-stm32.14.3.rel1.win32_1.0.100.202602081740/tools/bin/../lib/gcc/arm-none-eabi/14.3.1/../../../../arm-none-eabi/lib/thumb/v7-m/nofp\libc_nano.a(libc_a-strlen.o)
                                  0x8 (size before relaxing)
                0x0800ae68                        __exidx_end = .
                0x0800ae68                        . = ALIGN (0x4)

.preinit_array  0x0800ae68        0x0
                0x0800ae68                        . = ALIGN (0x4)
                0x0800ae68                        PROVIDE (__preinit_array_start = .)
 *(.preinit_array*)
                0x0800ae68                        PROVIDE (__preinit_array_end = .)
                0x0800ae68                        . = ALIGN (0x4)

.init_array     0x0800ae68        0x4
                0x0800ae68                        . = ALIGN (0x4)
                0x0800ae68                        PROVIDE (__init_array_start = .)
 *(SORT_BY_NAME(.init_array.*))
 *(.init_array*)
 .init_array    0x0800ae68        0x4 C:/ST/STM32CubeIDE_2.1.1/STM32CubeIDE/plugins/com.st.stm32cube.ide.mcu.externaltools.gnu-tools-for-stm32.14.3.rel1.win32_1.0.100.202602081740/tools/bin/../lib/gcc/arm-none-eabi/14.3.1/thumb/v7-m/nofp/crtbegin.o
                0x0800ae6c                        PROVIDE (__init_array_end = .)
                0x0800ae6c                        . = ALIGN (0x4)

.fini_array     0x0800ae6c        0x4
                0x0800ae6c                        . = ALIGN (0x4)
                [!provide]                        PROVIDE (__fini_array_start = .)
 *(SORT_BY_NAME(.fini_array.*))
 *(.fini_array*)
 .fini_array    0x0800ae6c        0x4 C:/ST/STM32CubeIDE_2.1.1/STM32CubeIDE/plugins/com.st.stm32cube.ide.mcu.externaltools.gnu-tools-for-stm32.14.3.rel1.win32_1.0.100.202602081740/tools/bin/../lib/gcc/arm-none-eabi/14.3.1/thumb/v7-m/nofp/crtbegin.o
                [!provide]                        PROVIDE (__fini_array_end = .)
                0x0800ae70                        . = ALIGN (0x4)
                0x0800ae70                        _sidata = LOADADDR (.data)

.rel.dyn        0x0800ae70        0x0
 .rel.iplt      0x0800ae70        0x0 C:/ST/STM32CubeIDE_2.1.1/STM32CubeIDE/plugins/com.st.stm32cube.ide.mcu.externaltools.gnu-tools-for-stm32.14.3.rel1.win32_1.0.100.202602081740/tools/bin/../lib/gcc/arm-none-eabi/14.3.1/thumb/v7-m/nofp/crtbegin.o

.data           0x20000000      0x22c load address 0x0800ae70
                0x20000000                        . = ALIGN (0x4)
                0x20000000                        _sdata = .
 *(.data)
 *(.data*)
 .data.tui_status_msg
                0x20000000       0x50 ./Application/User/Core/usb_cmd.o
 .data.tui_needs_full_redraw
                0x20000050        0x1 ./Application/User/Core/usb_cmd.o
 *fill*         0x20000051        0x3 
 .data.USBD_Interface_fops_FS
                0x20000054       0x10 ./Application/User/USB_DEVICE/App/usbd_cdc_if.o
                0x20000054                USBD_Interface_fops_FS
 .data.USBD_StringSerial
                0x20000064       0x1a ./Application/User/USB_DEVICE/App/usbd_desc.o
                0x20000064                USBD_StringSerial
 *fill*         0x2000007e        0x2 
 .data.USBD_LangIDDesc
                0x20000080        0x4 ./Application/User/USB_DEVICE/App/usbd_desc.o
                0x20000080                USBD_LangIDDesc
 .data.USBD_FS_DeviceDesc
                0x20000084       0x12 ./Application/User/USB_DEVICE/App/usbd_desc.o
                0x20000084                USBD_FS_DeviceDesc
 *fill*         0x20000096        0x2 
 .data.FS_Desc  0x20000098       0x1c ./Application/User/USB_DEVICE/App/usbd_desc.o
                0x20000098                FS_Desc
 .data.SystemCoreClock
                0x200000b4        0x4 ./Drivers/CMSIS/system_stm32f1xx.o
                0x200000b4                SystemCoreClock
 .data.uwTickFreq
                0x200000b8        0x1 ./Drivers/STM32F1xx_HAL_Driver/stm32f1xx_hal.o
                0x200000b8                uwTickFreq
 *fill*         0x200000b9        0x3 
 .data.uwTickPrio
                0x200000bc        0x4 ./Drivers/STM32F1xx_HAL_Driver/stm32f1xx_hal.o
                0x200000bc                uwTickPrio
 .data.USBD_CDC_OtherSpeedCfgDesc
                0x200000c0       0x43 ./Middlewares/USB_Device_Library/usbd_cdc.o
                0x200000c0                USBD_CDC_OtherSpeedCfgDesc
 *fill*         0x20000103        0x1 
 .data.USBD_CDC_CfgFSDesc
                0x20000104       0x43 ./Middlewares/USB_Device_Library/usbd_cdc.o
                0x20000104                USBD_CDC_CfgFSDesc
 *fill*         0x20000147        0x1 
 .data.USBD_CDC_CfgHSDesc
                0x20000148       0x43 ./Middlewares/USB_Device_Library/usbd_cdc.o
                0x20000148                USBD_CDC_CfgHSDesc
 *fill*         0x2000018b        0x1 
 .data.USBD_CDC
                0x2000018c       0x38 ./Middlewares/USB_Device_Library/usbd_cdc.o
                0x2000018c                USBD_CDC
 .data.USBD_CDC_DeviceQualifierDesc
                0x200001c4        0xa ./Middlewares/USB_Device_Library/usbd_cdc.o
 *fill*         0x200001ce        0x2 
 .data.__sglue  0x200001d0        0xc C:/ST/STM32CubeIDE_2.1.1/STM32CubeIDE/plugins/com.st.stm32cube.ide.mcu.externaltools.gnu-tools-for-stm32.14.3.rel1.win32_1.0.100.202602081740/tools/bin/../lib/gcc/arm-none-eabi/14.3.1/../../../../arm-none-eabi/lib/thumb/v7-m/nofp\libc_nano.a(libc_a-findfp.o)
                0x200001d0                __sglue
 .data._impure_ptr
                0x200001dc        0x4 C:/ST/STM32CubeIDE_2.1.1/STM32CubeIDE/plugins/com.st.stm32cube.ide.mcu.externaltools.gnu-tools-for-stm32.14.3.rel1.win32_1.0.100.202602081740/tools/bin/../lib/gcc/arm-none-eabi/14.3.1/../../../../arm-none-eabi/lib/thumb/v7-m/nofp\libc_nano.a(libc_a-impure.o)
                0x200001dc                _impure_ptr
 .data._impure_data
                0x200001e0       0x4c C:/ST/STM32CubeIDE_2.1.1/STM32CubeIDE/plugins/com.st.stm32cube.ide.mcu.externaltools.gnu-tools-for-stm32.14.3.rel1.win32_1.0.100.202602081740/tools/bin/../lib/gcc/arm-none-eabi/14.3.1/../../../../arm-none-eabi/lib/thumb/v7-m/nofp\libc_nano.a(libc_a-impure.o)
                0x200001e0                _impure_data
 *(.RamFunc)
 *(.RamFunc*)
                0x2000022c                        . = ALIGN (0x4)
                0x2000022c                        _edata = .

.igot.plt       0x2000022c        0x0 load address 0x0800b09c
 .igot.plt      0x2000022c        0x0 C:/ST/STM32CubeIDE_2.1.1/STM32CubeIDE/plugins/com.st.stm32cube.ide.mcu.externaltools.gnu-tools-for-stm32.14.3.rel1.win32_1.0.100.202602081740/tools/bin/../lib/gcc/arm-none-eabi/14.3.1/thumb/v7-m/nofp/crtbegin.o
                0x2000022c                        . = ALIGN (0x4)

.bss            0x2000022c     0x1ae4 load address 0x0800b09c
                0x2000022c                        _sbss = .
                0x2000022c                        __bss_start__ = _sbss
 *(.bss)
 .bss           0x2000022c       0x1c C:/ST/STM32CubeIDE_2.1.1/STM32CubeIDE/plugins/com.st.stm32cube.ide.mcu.externaltools.gnu-tools-for-stm32.14.3.rel1.win32_1.0.100.202602081740/tools/bin/../lib/gcc/arm-none-eabi/14.3.1/thumb/v7-m/nofp/crtbegin.o
 *(.bss*)
 .bss.htim4     0x20000248       0x48 ./Application/User/Core/main.o
                0x20000248                htim4
 .bss.htim3     0x20000290       0x48 ./Application/User/Core/main.o
                0x20000290                htim3
 .bss.htim1     0x200002d8       0x48 ./Application/User/Core/main.o
                0x200002d8                htim1
 .bss.g_motor   0x20000320      0x348 ./Application/User/Core/motor_ctrl.o
                0x20000320                g_motor
 .bss.__sbrk_heap_end
                0x20000668        0x4 ./Application/User/Core/sysmem.o
 .bss.current_perm_idx
                0x2000066c        0x3 ./Application/User/Core/usb_cmd.o
 .bss.esc_state
                0x2000066f        0x1 ./Application/User/Core/usb_cmd.o
 .bss.tui_last_duty_key_ms
                0x20000670        0x4 ./Application/User/Core/usb_cmd.o
 .bss.tui_last_refresh_ms
                0x20000674        0x4 ./Application/User/Core/usb_cmd.o
 .bss.tui_selected_motor
                0x20000678        0x1 ./Application/User/Core/usb_cmd.o
 .bss.g_mode    0x20000679        0x1 ./Application/User/Core/usb_cmd.o
 .bss.tx_scratch
                0x2000067a      0x200 ./Application/User/Core/usb_cmd.o
 .bss.line_pos  0x2000087a        0x2 ./Application/User/Core/usb_cmd.o
 .bss.line_buf  0x2000087c       0x80 ./Application/User/Core/usb_cmd.o
 .bss.rx_tail   0x200008fc        0x2 ./Application/User/Core/usb_cmd.o
 .bss.rx_head   0x200008fe        0x2 ./Application/User/Core/usb_cmd.o
 .bss.rx_buf    0x20000900      0x100 ./Application/User/Core/usb_cmd.o
 .bss.hUsbDeviceFS
                0x20000a00      0x2c4 ./Application/User/USB_DEVICE/App/usb_device.o
                0x20000a00                hUsbDeviceFS
 .bss.UserTxBufferFS
                0x20000cc4      0x400 ./Application/User/USB_DEVICE/App/usbd_cdc_if.o
                0x20000cc4                UserTxBufferFS
 .bss.UserRxBufferFS
                0x200010c4      0x400 ./Application/User/USB_DEVICE/App/usbd_cdc_if.o
                0x200010c4                UserRxBufferFS
 .bss.USBD_StrDesc
                0x200014c4      0x200 ./Application/User/USB_DEVICE/App/usbd_desc.o
                0x200014c4                USBD_StrDesc
 .bss.mem.0     0x200016c4      0x220 ./Application/User/USB_DEVICE/Target/usbd_conf.o
 .bss.hpcd_USB_FS
                0x200018e4      0x2d8 ./Application/User/USB_DEVICE/Target/usbd_conf.o
                0x200018e4                hpcd_USB_FS
 .bss.uwTick    0x20001bbc        0x4 ./Drivers/STM32F1xx_HAL_Driver/stm32f1xx_hal.o
                0x20001bbc                uwTick
 .bss.cfgidx.0  0x20001bc0        0x1 ./Middlewares/USB_Device_Library/usbd_ctlreq.o
 *fill*         0x20001bc1        0x3 
 .bss.__sf      0x20001bc4      0x138 C:/ST/STM32CubeIDE_2.1.1/STM32CubeIDE/plugins/com.st.stm32cube.ide.mcu.externaltools.gnu-tools-for-stm32.14.3.rel1.win32_1.0.100.202602081740/tools/bin/../lib/gcc/arm-none-eabi/14.3.1/../../../../arm-none-eabi/lib/thumb/v7-m/nofp\libc_nano.a(libc_a-findfp.o)
                0x20001bc4                __sf
 .bss.__stdio_exit_handler
                0x20001cfc        0x4 C:/ST/STM32CubeIDE_2.1.1/STM32CubeIDE/plugins/com.st.stm32cube.ide.mcu.externaltools.gnu-tools-for-stm32.14.3.rel1.win32_1.0.100.202602081740/tools/bin/../lib/gcc/arm-none-eabi/14.3.1/../../../../arm-none-eabi/lib/thumb/v7-m/nofp\libc_nano.a(libc_a-findfp.o)
                0x20001cfc                __stdio_exit_handler
 .bss.errno     0x20001d00        0x4 C:/ST/STM32CubeIDE_2.1.1/STM32CubeIDE/plugins/com.st.stm32cube.ide.mcu.externaltools.gnu-tools-for-stm32.14.3.rel1.win32_1.0.100.202602081740/tools/bin/../lib/gcc/arm-none-eabi/14.3.1/../../../../arm-none-eabi/lib/thumb/v7-m/nofp\libc_nano.a(libc_a-reent.o)
                0x20001d00                errno
 .bss.__lock___malloc_recursive_mutex
                0x20001d04        0x1 C:/ST/STM32CubeIDE_2.1.1/STM32CubeIDE/plugins/com.st.stm32cube.ide.mcu.externaltools.gnu-tools-for-stm32.14.3.rel1.win32_1.0.100.202602081740/tools/bin/../lib/gcc/arm-none-eabi/14.3.1/../../../../arm-none-eabi/lib/thumb/v7-m/nofp\libc_nano.a(libc_a-lock.o)
                0x20001d04                __lock___malloc_recursive_mutex
 .bss.__lock___sfp_recursive_mutex
                0x20001d05        0x1 C:/ST/STM32CubeIDE_2.1.1/STM32CubeIDE/plugins/com.st.stm32cube.ide.mcu.externaltools.gnu-tools-for-stm32.14.3.rel1.win32_1.0.100.202602081740/tools/bin/../lib/gcc/arm-none-eabi/14.3.1/../../../../arm-none-eabi/lib/thumb/v7-m/nofp\libc_nano.a(libc_a-lock.o)
                0x20001d05                __lock___sfp_recursive_mutex
 *fill*         0x20001d06        0x2 
 .bss.__malloc_sbrk_start
                0x20001d08        0x4 C:/ST/STM32CubeIDE_2.1.1/STM32CubeIDE/plugins/com.st.stm32cube.ide.mcu.externaltools.gnu-tools-for-stm32.14.3.rel1.win32_1.0.100.202602081740/tools/bin/../lib/gcc/arm-none-eabi/14.3.1/../../../../arm-none-eabi/lib/thumb/v7-m/nofp\libc_nano.a(libc_a-mallocr.o)
                0x20001d08                __malloc_sbrk_start
 .bss.__malloc_free_list
                0x20001d0c        0x4 C:/ST/STM32CubeIDE_2.1.1/STM32CubeIDE/plugins/com.st.stm32cube.ide.mcu.externaltools.gnu-tools-for-stm32.14.3.rel1.win32_1.0.100.202602081740/tools/bin/../lib/gcc/arm-none-eabi/14.3.1/../../../../arm-none-eabi/lib/thumb/v7-m/nofp\libc_nano.a(libc_a-mallocr.o)
                0x20001d0c                __malloc_free_list
 *(COMMON)
                0x20001d10                        . = ALIGN (0x4)
                0x20001d10                        _ebss = .
                0x20001d10                        __bss_end__ = _ebss

._user_heap_stack
                0x20001d10      0x600 load address 0x0800b09c
                0x20001d10                        . = ALIGN (0x8)
                [!provide]                        PROVIDE (end = .)
                0x20001d10                        PROVIDE (_end = .)
                0x20001f10                        . = (. + _Min_Heap_Size)
 *fill*         0x20001d10      0x200 
                0x20002310                        . = (. + _Min_Stack_Size)
 *fill*         0x20001f10      0x400 
                0x20002310                        . = ALIGN (0x8)

/DISCARD/
 libc.a(*)
 libm.a(*)
 libgcc.a(*)

.ARM.attributes
                0x00000000       0x29
 *(.ARM.attributes)
 .ARM.attributes
                0x00000000       0x1d C:/ST/STM32CubeIDE_2.1.1/STM32CubeIDE/plugins/com.st.stm32cube.ide.mcu.externaltools.gnu-tools-for-stm32.14.3.rel1.win32_1.0.100.202602081740/tools/bin/../lib/gcc/arm-none-eabi/14.3.1/thumb/v7-m/nofp/crti.o
 .ARM.attributes
                0x0000001d       0x2d C:/ST/STM32CubeIDE_2.1.1/STM32CubeIDE/plugins/com.st.stm32cube.ide.mcu.externaltools.gnu-tools-for-stm32.14.3.rel1.win32_1.0.100.202602081740/tools/bin/../lib/gcc/arm-none-eabi/14.3.1/thumb/v7-m/nofp/crtbegin.o
 .ARM.attributes
                0x0000004a       0x2d ./Application/User/Core/main.o
 .ARM.attributes
                0x00000077       0x2d ./Application/User/Core/motor_ctrl.o
 .ARM.attributes
                0x000000a4       0x2d ./Application/User/Core/stm32f1xx_hal_msp.o
 .ARM.attributes
                0x000000d1       0x2d ./Application/User/Core/stm32f1xx_it.o
 .ARM.attributes
                0x000000fe       0x2d ./Application/User/Core/syscalls.o
 .ARM.attributes
                0x0000012b       0x2d ./Application/User/Core/sysmem.o
 .ARM.attributes
                0x00000158       0x2d ./Application/User/Core/usb_cmd.o
 .ARM.attributes
                0x00000185       0x21 ./Application/User/Startup/startup_stm32f103c8tx.o
 .ARM.attributes
                0x000001a6       0x2d ./Application/User/USB_DEVICE/App/usb_device.o
 .ARM.attributes
                0x000001d3       0x2d ./Application/User/USB_DEVICE/App/usbd_cdc_if.o
 .ARM.attributes
                0x00000200       0x2d ./Application/User/USB_DEVICE/App/usbd_desc.o
 .ARM.attributes
                0x0000022d       0x2d ./Application/User/USB_DEVICE/Target/usbd_conf.o
 .ARM.attributes
                0x0000025a       0x2d ./Drivers/CMSIS/system_stm32f1xx.o
 .ARM.attributes
                0x00000287       0x2d ./Drivers/STM32F1xx_HAL_Driver/stm32f1xx_hal.o
 .ARM.attributes
                0x000002b4       0x2d ./Drivers/STM32F1xx_HAL_Driver/stm32f1xx_hal_cortex.o
 .ARM.attributes
                0x000002e1       0x2d ./Drivers/STM32F1xx_HAL_Driver/stm32f1xx_hal_gpio.o
 .ARM.attributes
                0x0000030e       0x2d ./Drivers/STM32F1xx_HAL_Driver/stm32f1xx_hal_pcd.o
 .ARM.attributes
                0x0000033b       0x2d ./Drivers/STM32F1xx_HAL_Driver/stm32f1xx_hal_pcd_ex.o
 .ARM.attributes
                0x00000368       0x2d ./Drivers/STM32F1xx_HAL_Driver/stm32f1xx_hal_rcc.o
 .ARM.attributes
                0x00000395       0x2d ./Drivers/STM32F1xx_HAL_Driver/stm32f1xx_hal_rcc_ex.o
 .ARM.attributes
                0x000003c2       0x2d ./Drivers/STM32F1xx_HAL_Driver/stm32f1xx_hal_tim.o
 .ARM.attributes
                0x000003ef       0x2d ./Drivers/STM32F1xx_HAL_Driver/stm32f1xx_hal_tim_ex.o
 .ARM.attributes
                0x0000041c       0x2d ./Drivers/STM32F1xx_HAL_Driver/stm32f1xx_ll_usb.o
 .ARM.attributes
                0x00000449       0x2d ./Middlewares/USB_Device_Library/usbd_cdc.o
 .ARM.attributes
                0x00000476       0x2d ./Middlewares/USB_Device_Library/usbd_core.o
 .ARM.attributes
                0x000004a3       0x2d ./Middlewares/USB_Device_Library/usbd_ctlreq.o
 .ARM.attributes
                0x000004d0       0x2d ./Middlewares/USB_Device_Library/usbd_ioreq.o
 .ARM.attributes
                0x000004fd       0x2d C:/ST/STM32CubeIDE_2.1.1/STM32CubeIDE/plugins/com.st.stm32cube.ide.mcu.externaltools.gnu-tools-for-stm32.14.3.rel1.win32_1.0.100.202602081740/tools/bin/../lib/gcc/arm-none-eabi/14.3.1/../../../../arm-none-eabi/lib/thumb/v7-m/nofp\libc_nano.a(libc_a-atoi.o)
 .ARM.attributes
                0x0000052a       0x2d C:/ST/STM32CubeIDE_2.1.1/STM32CubeIDE/plugins/com.st.stm32cube.ide.mcu.externaltools.gnu-tools-for-stm32.14.3.rel1.win32_1.0.100.202602081740/tools/bin/../lib/gcc/arm-none-eabi/14.3.1/../../../../arm-none-eabi/lib/thumb/v7-m/nofp\libc_nano.a(libc_a-strtol.o)
 .ARM.attributes
                0x00000557       0x2d C:/ST/STM32CubeIDE_2.1.1/STM32CubeIDE/plugins/com.st.stm32cube.ide.mcu.externaltools.gnu-tools-for-stm32.14.3.rel1.win32_1.0.100.202602081740/tools/bin/../lib/gcc/arm-none-eabi/14.3.1/../../../../arm-none-eabi/lib/thumb/v7-m/nofp\libc_nano.a(libc_a-ctype_.o)
 .ARM.attributes
                0x00000584       0x2d C:/ST/STM32CubeIDE_2.1.1/STM32CubeIDE/plugins/com.st.stm32cube.ide.mcu.externaltools.gnu-tools-for-stm32.14.3.rel1.win32_1.0.100.202602081740/tools/bin/../lib/gcc/arm-none-eabi/14.3.1/../../../../arm-none-eabi/lib/thumb/v7-m/nofp\libc_nano.a(libc_a-findfp.o)
 .ARM.attributes
                0x000005b1       0x2d C:/ST/STM32CubeIDE_2.1.1/STM32CubeIDE/plugins/com.st.stm32cube.ide.mcu.externaltools.gnu-tools-for-stm32.14.3.rel1.win32_1.0.100.202602081740/tools/bin/../lib/gcc/arm-none-eabi/14.3.1/../../../../arm-none-eabi/lib/thumb/v7-m/nofp\libc_nano.a(libc_a-fwalk.o)
 .ARM.attributes
                0x000005de       0x2d C:/ST/STM32CubeIDE_2.1.1/STM32CubeIDE/plugins/com.st.stm32cube.ide.mcu.externaltools.gnu-tools-for-stm32.14.3.rel1.win32_1.0.100.202602081740/tools/bin/../lib/gcc/arm-none-eabi/14.3.1/../../../../arm-none-eabi/lib/thumb/v7-m/nofp\libc_nano.a(libc_a-snprintf.o)
 .ARM.attributes
                0x0000060b       0x2d C:/ST/STM32CubeIDE_2.1.1/STM32CubeIDE/plugins/com.st.stm32cube.ide.mcu.externaltools.gnu-tools-for-stm32.14.3.rel1.win32_1.0.100.202602081740/tools/bin/../lib/gcc/arm-none-eabi/14.3.1/../../../../arm-none-eabi/lib/thumb/v7-m/nofp\libc_nano.a(libc_a-stdio.o)
 .ARM.attributes
                0x00000638       0x2d C:/ST/STM32CubeIDE_2.1.1/STM32CubeIDE/plugins/com.st.stm32cube.ide.mcu.externaltools.gnu-tools-for-stm32.14.3.rel1.win32_1.0.100.202602081740/tools/bin/../lib/gcc/arm-none-eabi/14.3.1/../../../../arm-none-eabi/lib/thumb/v7-m/nofp\libc_nano.a(libc_a-memset.o)
 .ARM.attributes
                0x00000665       0x2d C:/ST/STM32CubeIDE_2.1.1/STM32CubeIDE/plugins/com.st.stm32cube.ide.mcu.externaltools.gnu-tools-for-stm32.14.3.rel1.win32_1.0.100.202602081740/tools/bin/../lib/gcc/arm-none-eabi/14.3.1/../../../../arm-none-eabi/lib/thumb/v7-m/nofp\libc_nano.a(libc_a-strncpy.o)
 .ARM.attributes
                0x00000692       0x2d C:/ST/STM32CubeIDE_2.1.1/STM32CubeIDE/plugins/com.st.stm32cube.ide.mcu.externaltools.gnu-tools-for-stm32.14.3.rel1.win32_1.0.100.202602081740/tools/bin/../lib/gcc/arm-none-eabi/14.3.1/../../../../arm-none-eabi/lib/thumb/v7-m/nofp\libc_nano.a(libc_a-strtok.o)
 .ARM.attributes
                0x000006bf       0x2d C:/ST/STM32CubeIDE_2.1.1/STM32CubeIDE/plugins/com.st.stm32cube.ide.mcu.externaltools.gnu-tools-for-stm32.14.3.rel1.win32_1.0.100.202602081740/tools/bin/../lib/gcc/arm-none-eabi/14.3.1/../../../../arm-none-eabi/lib/thumb/v7-m/nofp\libc_nano.a(libc_a-strtok_r.o)
 .ARM.attributes
                0x000006ec       0x2d C:/ST/STM32CubeIDE_2.1.1/STM32CubeIDE/plugins/com.st.stm32cube.ide.mcu.externaltools.gnu-tools-for-stm32.14.3.rel1.win32_1.0.100.202602081740/tools/bin/../lib/gcc/arm-none-eabi/14.3.1/../../../../arm-none-eabi/lib/thumb/v7-m/nofp\libc_nano.a(libc_a-closer.o)
 .ARM.attributes