Archive member included to satisfy reference by file (symbol)

C:/ST/STM32CubeIDE_2.1.1/STM32CubeIDE/plugins/com.st.stm32cube.ide.mcu.externaltools.gnu-tools-for-stm32.14.3.rel1.win32_1.0.100.202602081740/tools/bin/../lib/gcc/arm-none-eabi/14.3.1/../../../../arm-none-eabi/lib/thumb/v7-m/nofp\libc_nano.a(libc_a-exit.o)
                              C:/ST/STM32CubeIDE_2.1.1/STM32CubeIDE/plugins/com.st.stm32cube.ide.mcu.externaltools.gnu-tools-for-stm32.14.3.rel1.win32_1.0.100.202602081740/tools/bin/../lib/gcc/arm-none-eabi/14.3.1/../../../../arm-none-eabi/lib/thumb/v7-m/nofp/crt0.o (exit)
C:/ST/STM32CubeIDE_2.1.1/STM32CubeIDE/plugins/com.st.stm32cube.ide.mcu.externaltools.gnu-tools-for-stm32.14.3.rel1.win32_1.0.100.202602081740/tools/bin/../lib/gcc/arm-none-eabi/14.3.1/../../../../arm-none-eabi/lib/thumb/v7-m/nofp\libc_nano.a(libc_a-findfp.o)
                              C:/ST/STM32CubeIDE_2.1.1/STM32CubeIDE/plugins/com.st.stm32cube.ide.mcu.externaltools.gnu-tools-for-stm32.14.3.rel1.win32_1.0.100.202602081740/tools/bin/../lib/gcc/arm-none-eabi/14.3.1/../../../../arm-none-eabi/lib/thumb/v7-m/nofp\libc_nano.a(libc_a-exit.o) (__stdio_exit_handler)
C:/ST/STM32CubeIDE_2.1.1/STM32CubeIDE/plugins/com.st.stm32cube.ide.mcu.externaltools.gnu-tools-for-stm32.14.3.rel1.win32_1.0.100.202602081740/tools/bin/../lib/gcc/arm-none-eabi/14.3.1/../../../../arm-none-eabi/lib/thumb/v7-m/nofp\libc_nano.a(libc_a-fwalk.o)
                              C:/ST/STM32CubeIDE_2.1.1/STM32CubeIDE/plugins/com.st.stm32cube.ide.mcu.externaltools.gnu-tools-for-stm32.14.3.rel1.win32_1.0.100.202602081740/tools/bin/../lib/gcc/arm-none-eabi/14.3.1/../../../../arm-none-eabi/lib/thumb/v7-m/nofp\libc_nano.a(libc_a-findfp.o) (_fwalk_sglue)
C:/ST/STM32CubeIDE_2.1.1/STM32CubeIDE/plugins/com.st.stm32cube.ide.mcu.externaltools.gnu-tools-for-stm32.14.3.rel1.win32_1.0.100.202602081740/tools/bin/../lib/gcc/arm-none-eabi/14.3.1/../../../../arm-none-eabi/lib/thumb/v7-m/nofp\libc_nano.a(libc_a-stdio.o)
                              C:/ST/STM32CubeIDE_2.1.1/STM32CubeIDE/plugins/com.st.stm32cube.ide.mcu.externaltools.gnu-tools-for-stm32.14.3.rel1.win32_1.0.100.202602081740/tools/bin/../lib/gcc/arm-none-eabi/14.3.1/../../../../arm-none-eabi/lib/thumb/v7-m/nofp\libc_nano.a(libc_a-findfp.o) (__sread)
C:/ST/STM32CubeIDE_2.1.1/STM32CubeIDE/plugins/com.st.stm32cube.ide.mcu.externaltools.gnu-tools-for-stm32.14.3.rel1.win32_1.0.100.202602081740/tools/bin/../lib/gcc/arm-none-eabi/14.3.1/../../../../arm-none-eabi/lib/thumb/v7-m/nofp\libc_nano.a(libc_a-memset.o)
                              C:/ST/STM32CubeIDE_2.1.1/STM32CubeIDE/plugins/com.st.stm32cube.ide.mcu.externaltools.gnu-tools-for-stm32.14.3.rel1.win32_1.0.100.202602081740/tools/bin/../lib/gcc/arm-none-eabi/14.3.1/../../../../arm-none-eabi/lib/thumb/v7-m/nofp/crt0.o (memset)
C:/ST/STM32CubeIDE_2.1.1/STM32CubeIDE/plugins/com.st.stm32cube.ide.mcu.externaltools.gnu-tools-for-stm32.14.3.rel1.win32_1.0.100.202602081740/tools/bin/../lib/gcc/arm-none-eabi/14.3.1/../../../../arm-none-eabi/lib/thumb/v7-m/nofp\libc_nano.a(libc_a-closer.o)
                              C:/ST/STM32CubeIDE_2.1.1/STM32CubeIDE/plugins/com.st.stm32cube.ide.mcu.externaltools.gnu-tools-for-stm32.14.3.rel1.win32_1.0.100.202602081740/tools/bin/../lib/gcc/arm-none-eabi/14.3.1/../../../../arm-none-eabi/lib/thumb/v7-m/nofp\libc_nano.a(libc_a-stdio.o) (_close_r)
C:/ST/STM32CubeIDE_2.1.1/STM32CubeIDE/plugins/com.st.stm32cube.ide.mcu.externaltools.gnu-tools-for-stm32.14.3.rel1.win32_1.0.100.202602081740/tools/bin/../lib/gcc/arm-none-eabi/14.3.1/../../../../arm-none-eabi/lib/thumb/v7-m/nofp\libc_nano.a(libc_a-reent.o)
                              C:/ST/STM32CubeIDE_2.1.1/STM32CubeIDE/plugins/com.st.stm32cube.ide.mcu.externaltools.gnu-tools-for-stm32.14.3.rel1.win32_1.0.100.202602081740/tools/bin/../lib/gcc/arm-none-eabi/14.3.1/../../../../arm-none-eabi/lib/thumb/v7-m/nofp\libc_nano.a(libc_a-closer.o) (errno)
C:/ST/STM32CubeIDE_2.1.1/STM32CubeIDE/plugins/com.st.stm32cube.ide.mcu.externaltools.gnu-tools-for-stm32.14.3.rel1.win32_1.0.100.202602081740/tools/bin/../lib/gcc/arm-none-eabi/14.3.1/../../../../arm-none-eabi/lib/thumb/v7-m/nofp\libc_nano.a(libc_a-impure.o)
                              C:/ST/STM32CubeIDE_2.1.1/STM32CubeIDE/plugins/com.st.stm32cube.ide.mcu.externaltools.gnu-tools-for-stm32.14.3.rel1.win32_1.0.100.202602081740/tools/bin/../lib/gcc/arm-none-eabi/14.3.1/../../../../arm-none-eabi/lib/thumb/v7-m/nofp\libc_nano.a(libc_a-reent.o) (_impure_ptr)
C:/ST/STM32CubeIDE_2.1.1/STM32CubeIDE/plugins/com.st.stm32cube.ide.mcu.externaltools.gnu-tools-for-stm32.14.3.rel1.win32_1.0.100.202602081740/tools/bin/../lib/gcc/arm-none-eabi/14.3.1/../../../../arm-none-eabi/lib/thumb/v7-m/nofp\libc_nano.a(libc_a-lseekr.o)
[...]
Memory Configuration

Name             Origin             Length             Attributes
RAM              0x20000000         0x00005000         xrw
FLASH            0x08000000         0x00010000         xr
*default*        0x00000000         0xffffffff

Linker script and memory map

LOAD C:/ST/STM32CubeIDE_2.1.1/STM32CubeIDE/plugins/com.st.stm32cube.ide.mcu.externaltools.gnu-tools-for-stm32.14.3.rel1.win32_1.0.100.202602081740/tools/bin/../lib/gcc/arm-none-eabi/14.3.1/thumb/v7-m/nofp/crti.o
LOAD C:/ST/STM32CubeIDE_2.1.1/STM32CubeIDE/plugins/com.st.stm32cube.ide.mcu.externaltools.gnu-tools-for-stm32.14.3.rel1.win32_1.0.100.202602081740/tools/bin/../lib/gcc/arm-none-eabi/14.3.1/thumb/v7-m/nofp/crtbegin.o
LOAD C:/ST/STM32CubeIDE_2.1.1/STM32CubeIDE/plugins/com.st.stm32cube.ide.mcu.externaltools.gnu-tools-for-stm32.14.3.rel1.win32_1.0.100.202602081740/tools/bin/../lib/gcc/arm-none-eabi/14.3.1/../../../../arm-none-eabi/lib/thumb/v7-m/nofp/crt0.o
LOAD ./Application/User/Core/main.o
LOAD ./Application/User/Core/stm32f1xx_hal_msp.o
LOAD ./Application/User/Core/stm32f1xx_it.o
LOAD ./Application/User/Core/syscalls.o
LOAD ./Application/User/Core/sysmem.o
LOAD ./Application/User/Startup/startup_stm32f103c8tx.o
LOAD ./Application/User/USB_DEVICE/App/usb_device.o
LOAD ./Application/User/USB_DEVICE/App/usbd_cdc_if.o
LOAD ./Application/User/USB_DEVICE/App/usbd_desc.o
LOAD ./Application/User/USB_DEVICE/Target/usbd_conf.o
LOAD ./Drivers/CMSIS/system_stm32f1xx.o
LOAD ./Drivers/STM32F1xx_HAL_Driver/stm32f1xx_hal.o
LOAD ./Drivers/STM32F1xx_HAL_Driver/stm32f1xx_hal_cortex.o
LOAD ./Drivers/STM32F1xx_HAL_Driver/stm32f1xx_hal_dma.o
LOAD ./Drivers/STM32F1xx_HAL_Driver/stm32f1xx_hal_exti.o
LOAD ./Drivers/STM32F1xx_HAL_Driver/stm32f1xx_hal_flash.o
LOAD ./Drivers/STM32F1xx_HAL_Driver/stm32f1xx_hal_flash_ex.o
LOAD ./Drivers/STM32F1xx_HAL_Driver/stm32f1xx_hal_gpio.o
LOAD ./Drivers/STM32F1xx_HAL_Driver/stm32f1xx_hal_gpio_ex.o
LOAD ./Drivers/STM32F1xx_HAL_Driver/stm32f1xx_hal_pcd.o
LOAD ./Drivers/STM32F1xx_HAL_Driver/stm32f1xx_hal_pcd_ex.o
LOAD ./Drivers/STM32F1xx_HAL_Driver/stm32f1xx_hal_pwr.o
LOAD ./Drivers/STM32F1xx_HAL_Driver/stm32f1xx_hal_rcc.o
LOAD ./Drivers/STM32F1xx_HAL_Driver/stm32f1xx_hal_rcc_ex.o
LOAD ./Drivers/STM32F1xx_HAL_Driver/stm32f1xx_hal_tim.o
LOAD ./Drivers/STM32F1xx_HAL_Driver/stm32f1xx_hal_tim_ex.o
LOAD ./Drivers/STM32F1xx_HAL_Driver/stm32f1xx_ll_usb.o
LOAD ./Middlewares/USB_Device_Library/usbd_cdc.o
LOAD ./Middlewares/USB_Device_Library/usbd_core.o
LOAD ./Middlewares/USB_Device_Library/usbd_ctlreq.o
LOAD ./Middlewares/USB_Device_Library/usbd_ioreq.o
START GROUP
LOAD C:/ST/STM32CubeIDE_2.1.1/STM32CubeIDE/plugins/com.st.stm32cube.ide.mcu.externaltools.gnu-tools-for-stm32.14.3.rel1.win32_1.0.100.202602081740/tools/bin/../lib/gcc/arm-none-eabi/14.3.1/../../../../arm-none-eabi/lib/thumb/v7-m/nofp\libc_nano.a
LOAD C:/ST/STM32CubeIDE_2.1.1/STM32CubeIDE/plugins/com.st.stm32cube.ide.mcu.externaltools.gnu-tools-for-stm32.14.3.rel1.win32_1.0.100.202602081740/tools/bin/../lib/gcc/arm-none-eabi/14.3.1/../../../../arm-none-eabi/lib/thumb/v7-m/nofp\libm.a
END GROUP
START GROUP
LOAD C:/ST/STM32CubeIDE_2.1.1/STM32CubeIDE/plugins/com.st.stm32cube.ide.mcu.externaltools.gnu-tools-for-stm32.14.3.rel1.win32_1.0.100.202602081740/tools/bin/../lib/gcc/arm-none-eabi/14.3.1/thumb/v7-m/nofp\libgcc.a
LOAD C:/ST/STM32CubeIDE_2.1.1/STM32CubeIDE/plugins/com.st.stm32cube.ide.mcu.externaltools.gnu-tools-for-stm32.14.3.rel1.win32_1.0.100.202602081740/tools/bin/../lib/gcc/arm-none-eabi/14.3.1/../../../../arm-none-eabi/lib/thumb/v7-m/nofp\libc_nano.a
END GROUP
START GROUP
LOAD C:/ST/STM32CubeIDE_2.1.1/STM32CubeIDE/plugins/com.st.stm32cube.ide.mcu.externaltools.gnu-tools-for-stm32.14.3.rel1.win32_1.0.100.202602081740/tools/bin/../lib/gcc/arm-none-eabi/14.3.1/thumb/v7-m/nofp\libgcc.a
LOAD C:/ST/STM32CubeIDE_2.1.1/STM32CubeIDE/plugins/com.st.stm32cube.ide.mcu.externaltools.gnu-tools-for-stm32.14.3.rel1.win32_1.0.100.202602081740/tools/bin/../lib/gcc/arm-none-eabi/14.3.1/../../../../arm-none-eabi/lib/thumb/v7-m/nofp\libc_nano.a
LOAD C:/ST/STM32CubeIDE_2.1.1/STM32CubeIDE/plugins/com.st.stm32cube.ide.mcu.externaltools.gnu-tools-for-stm32.14.3.rel1.win32_1.0.100.202602081740/tools/bin/../lib/gcc/arm-none-eabi/14.3.1/../../../../arm-none-eabi/lib/thumb/v7-m/nofp\libnosys.a
END GROUP
START GROUP
LOAD C:/ST/STM32CubeIDE_2.1.1/STM32CubeIDE/plugins/com.st.stm32cube.ide.mcu.externaltools.gnu-tools-for-stm32.14.3.rel1.win32_1.0.100.202602081740/tools/bin/../lib/gcc/arm-none-eabi/14.3.1/thumb/v7-m/nofp\libgcc.a
LOAD C:/ST/STM32CubeIDE_2.1.1/STM32CubeIDE/plugins/com.st.stm32cube.ide.mcu.externaltools.gnu-tools-for-stm32.14.3.rel1.win32_1.0.100.202602081740/tools/bin/../lib/gcc/arm-none-eabi/14.3.1/../../../../arm-none-eabi/lib/thumb/v7-m/nofp\libc_nano.a
LOAD C:/ST/STM32CubeIDE_2.1.1/STM32CubeIDE/plugins/com.st.stm32cube.ide.mcu.externaltools.gnu-tools-for-stm32.14.3.rel1.win32_1.0.100.202602081740/tools/bin/../lib/gcc/arm-none-eabi/14.3.1/../../../../arm-none-eabi/lib/thumb/v7-m/nofp\libnosys.a
END GROUP
LOAD C:/ST/STM32CubeIDE_2.1.1/STM32CubeIDE/plugins/com.st.stm32cube.ide.mcu.externaltools.gnu-tools-for-stm32.14.3.rel1.win32_1.0.100.202602081740/tools/bin/../lib/gcc/arm-none-eabi/14.3.1/thumb/v7-m/nofp/crtend.o
LOAD C:/ST/STM32CubeIDE_2.1.1/STM32CubeIDE/plugins/com.st.stm32cube.ide.mcu.externaltools.gnu-tools-for-stm32.14.3.rel1.win32_1.0.100.202602081740/tools/bin/../lib/gcc/arm-none-eabi/14.3.1/thumb/v7-m/nofp/crtn.o
                0x20005000                        _estack = (ORIGIN (RAM) + LENGTH (RAM))
                0x00000200                        _Min_Heap_Size = 0x200
                0x00000400                        _Min_Stack_Size = 0x400

.isr_vector     0x08000000      0x10c
                0x08000000                        . = ALIGN (0x4)
 *(.isr_vector)
 .isr_vector    0x08000000      0x10c ./Application/User/Startup/startup_stm32f103c8tx.o
                0x08000000                g_pfnVectors
                0x0800010c                        . = ALIGN (0x4)

.text           0x0800010c     0x8470
                0x0800010c                        . = ALIGN (0x4)
 *(.text)
 .text          0x0800010c       0x40 C:/ST/STM32CubeIDE_2.1.1/STM32CubeIDE/plugins/com.st.stm32cube.ide.mcu.externaltools.gnu-tools-for-stm32.14.3.rel1.win32_1.0.100.202602081740/tools/bin/../lib/gcc/arm-none-eabi/14.3.1/thumb/v7-m/nofp/crtbegin.o
 *(.text*)
 .text.main     0x0800014c       0x24 ./Application/User/Core/main.o
                0x0800014c                main
 .text.SystemClock_Config
                0x08000170       0xb4 ./Application/User/Core/main.o
                0x08000170                SystemClock_Config
 .text.MX_TIM1_Init
                0x08000224      0x170 ./Application/User/Core/main.o
 .text.MX_TIM3_Init
                0x08000394       0xe0 ./Application/User/Core/main.o
 .text.MX_TIM4_Init
                0x08000474       0xe0 ./Application/User/Core/main.o
 .text.MX_GPIO_Init
                0x08000554      0x13c ./Application/User/Core/main.o
 .text.Error_Handler
                0x08000690        0xc ./Application/User/Core/main.o
                0x08000690                Error_Handler
 .text.HAL_MspInit
                0x0800069c       0x64 ./Application/User/Core/stm32f1xx_hal_msp.o
                0x0800069c                HAL_MspInit
 .text.HAL_TIM_Base_MspInit
                0x08000700       0x3c ./Application/User/Core/stm32f1xx_hal_msp.o
                0x08000700                HAL_TIM_Base_MspInit
 .text.HAL_TIM_PWM_MspInit
                0x0800073c       0x64 ./Application/User/Core/stm32f1xx_hal_msp.o
                0x0800073c                HAL_TIM_PWM_MspInit
 .text.HAL_TIM_MspPostInit
                0x080007a0      0x150 ./Application/User/Core/stm32f1xx_hal_msp.o
                0x080007a0                HAL_TIM_MspPostInit
 .text.NMI_Handler
                0x080008f0        0x8 ./Application/User/Core/stm32f1xx_it.o
                0x080008f0                NMI_Handler
 .text.HardFault_Handler
                0x080008f8        0x8 ./Application/User/Core/stm32f1xx_it.o
                0x080008f8                HardFault_Handler
 .text.MemManage_Handler
                0x08000900        0x8 ./Application/User/Core/stm32f1xx_it.o
                0x08000900                MemManage_Handler
 .text.BusFault_Handler
                0x08000908        0x8 ./Application/User/Core/stm32f1xx_it.o
                0x08000908                BusFault_Handler
 .text.UsageFault_Handler
                0x08000910        0x8 ./Application/User/Core/stm32f1xx_it.o
                0x08000910                UsageFault_Handler
 .text.SVC_Handler
                0x08000918        0xc ./Application/User/Core/stm32f1xx_it.o
                0x08000918                SVC_Handler
 .text.DebugMon_Handler
                0x08000924        0xc ./Application/User/Core/stm32f1xx_it.o
                0x08000924                DebugMon_Handler
 .text.PendSV_Handler
                0x08000930        0xc ./Application/User/Core/stm32f1xx_it.o
                0x08000930                PendSV_Handler
 .text.SysTick_Handler
                0x0800093c        0xc ./Application/User/Core/stm32f1xx_it.o
                0x0800093c                SysTick_Handler
 .text.USB_LP_CAN1_RX0_IRQHandler
                0x08000948       0x14 ./Application/User/Core/stm32f1xx_it.o
                0x08000948                USB_LP_CAN1_RX0_IRQHandler
 .text.Reset_Handler
                0x0800095c       0x48 ./Application/User/Startup/startup_stm32f103c8tx.o
                0x0800095c                Reset_Handler
 .text.Default_Handler
                0x080009a4        0x2 ./Application/User/Startup/startup_stm32f103c8tx.o
                0x080009a4                RTC_Alarm_IRQHandler
                0x080009a4                EXTI2_IRQHandler
                0x080009a4                TIM1_CC_IRQHandler
                0x080009a4                PVD_IRQHandler
                0x080009a4                EXTI3_IRQHandler
                0x080009a4                EXTI0_IRQHandler
                0x080009a4                I2C2_EV_IRQHandler
                0x080009a4                ADC1_2_IRQHandler
                0x080009a4                SPI1_IRQHandler
                0x080009a4                TAMPER_IRQHandler
                0x080009a4                DMA1_Channel4_IRQHandler
                0x080009a4                USART3_IRQHandler
                0x080009a4                RTC_IRQHandler
                0x080009a4                DMA1_Channel7_IRQHandler
                0x080009a4                CAN1_RX1_IRQHandler
                0x080009a4                TIM4_IRQHandler
                0x080009a4                I2C1_EV_IRQHandler
                0x080009a4                DMA1_Channel6_IRQHandler
                0x080009a4                TIM3_IRQHandler
                0x080009a4                RCC_IRQHandler
                0x080009a4                TIM1_TRG_COM_IRQHandler
                0x080009a4                DMA1_Channel1_IRQHandler
                0x080009a4                Default_Handler
                0x080009a4                EXTI15_10_IRQHandler
                0x080009a4                EXTI9_5_IRQHandler
                0x080009a4                SPI2_IRQHandler
                0x080009a4                DMA1_Channel5_IRQHandler
                0x080009a4                EXTI4_IRQHandler
                0x080009a4                USB_HP_CAN1_TX_IRQHandler
                0x080009a4                DMA1_Channel3_IRQHandler
                0x080009a4                TIM1_UP_IRQHandler
                0x080009a4                WWDG_IRQHandler
                0x080009a4                TIM2_IRQHandler
                0x080009a4                TIM1_BRK_IRQHandler
                0x080009a4                EXTI1_IRQHandler
                0x080009a4                USART2_IRQHandler
                0x080009a4                I2C2_ER_IRQHandler
                0x080009a4                DMA1_Channel2_IRQHandler
                0x080009a4                CAN1_SCE_IRQHandler
                0x080009a4                FLASH_IRQHandler
                0x080009a4                USART1_IRQHandler
                0x080009a4                I2C1_ER_IRQHandler
                0x080009a4                USBWakeUp_IRQHandler
 *fill*         0x080009a6        0x2 
 .text.MX_USB_DEVICE_Init
                0x080009a8       0x60 ./Application/User/USB_DEVICE/App/usb_device.o
                0x080009a8                MX_USB_DEVICE_Init
 .text.CDC_Init_FS
                0x08000a08       0x28 ./Application/User/USB_DEVICE/App/usbd_cdc_if.o
 .text.CDC_DeInit_FS
                0x08000a30        0xe ./Application/User/USB_DEVICE/App/usbd_cdc_if.o
 *fill*         0x08000a3e        0x2 
 .text.CDC_Control_FS
                0x08000a40       0xbc ./Application/User/USB_DEVICE/App/usbd_cdc_if.o
 .text.CDC_Receive_FS
                0x08000afc       0x28 ./Application/User/USB_DEVICE/App/usbd_cdc_if.o
 .text.USBD_FS_DeviceDescriptor
                0x08000b24       0x24 ./Application/User/USB_DEVICE/App/usbd_desc.o
                0x08000b24                USBD_FS_DeviceDescriptor
 .text.USBD_FS_LangIDStrDescriptor
                0x08000b48       0x24 ./Application/User/USB_DEVICE/App/usbd_desc.o
                0x08000b48                USBD_FS_LangIDStrDescriptor
 .text.USBD_FS_ProductStrDescriptor
                0x08000b6c       0x3c ./Application/User/USB_DEVICE/App/usbd_desc.o
                0x08000b6c                USBD_FS_ProductStrDescriptor
 .text.USBD_FS_ManufacturerStrDescriptor
                0x08000ba8       0x28 ./Application/User/USB_DEVICE/App/usbd_desc.o
                0x08000ba8                USBD_FS_ManufacturerStrDescriptor
 .text.USBD_FS_SerialStrDescriptor
                0x08000bd0       0x24 ./Application/User/USB_DEVICE/App/usbd_desc.o
                0x08000bd0                USBD_FS_SerialStrDescriptor
 .text.USBD_FS_ConfigStrDescriptor
                0x08000bf4       0x3c ./Application/User/USB_DEVICE/App/usbd_desc.o
                0x08000bf4                USBD_FS_ConfigStrDescriptor
 .text.USBD_FS_InterfaceStrDescriptor
                0x08000c30       0x3c ./Application/User/USB_DEVICE/App/usbd_desc.o
                0x08000c30                USBD_FS_InterfaceStrDescriptor
 .text.Get_SerialNum
                0x08000c6c       0x58 ./Application/User/USB_DEVICE/App/usbd_desc.o
 .text.IntToUnicode
                0x08000cc4       0x7c ./Application/User/USB_DEVICE/App/usbd_desc.o
 .text.HAL_PCD_MspInit
                0x08000d40       0x4c ./Application/User/USB_DEVICE/Target/usbd_conf.o
                0x08000d40                HAL_PCD_MspInit
 .text.HAL_PCD_SetupStageCallback
                0x08000d8c       0x24 ./Application/User/USB_DEVICE/Target/usbd_conf.o
                0x08000d8c                HAL_PCD_SetupStageCallback
 .text.HAL_PCD_DataOutStageCallback
                0x08000db0       0x36 ./Application/User/USB_DEVICE/Target/usbd_conf.o
                0x08000db0                HAL_PCD_DataOutStageCallback
 .text.HAL_PCD_DataInStageCallback
                0x08000de6       0x34 ./Application/User/USB_DEVICE/Target/usbd_conf.o
                0x08000de6                HAL_PCD_DataInStageCallback
 .text.HAL_PCD_SOFCallback
                0x08000e1a       0x1c ./Application/User/USB_DEVICE/Target/usbd_conf.o
                0x08000e1a                HAL_PCD_SOFCallback
 .text.HAL_PCD_ResetCallback
                0x08000e36       0x3c ./Application/User/USB_DEVICE/Target/usbd_conf.o
                0x08000e36                HAL_PCD_ResetCallback
 *fill*         0x08000e72        0x2 
 .text.HAL_PCD_SuspendCallback
                0x08000e74       0x34 ./Application/User/USB_DEVICE/Target/usbd_conf.o
                0x08000e74                HAL_PCD_SuspendCallback
 .text.HAL_PCD_ResumeCallback
                0x08000ea8       0x1c ./Application/User/USB_DEVICE/Target/usbd_conf.o
                0x08000ea8                HAL_PCD_ResumeCallback
 .text.USBD_LL_Init
                0x08000ec4       0xb4 ./Application/User/USB_DEVICE/Target/usbd_conf.o
                0x08000ec4                USBD_LL_Init
 .text.USBD_LL_Start
                0x08000f78       0x36 ./Application/User/USB_DEVICE/Target/usbd_conf.o
                0x08000f78                USBD_LL_Start
 .text.USBD_LL_OpenEP
                0x08000fae       0x4c ./Application/User/USB_DEVICE/Target/usbd_conf.o
                0x08000fae                USBD_LL_OpenEP
 .text.USBD_LL_CloseEP
                0x08000ffa       0x3e ./Application/User/USB_DEVICE/Target/usbd_conf.o
                0x08000ffa                USBD_LL_CloseEP
 .text.USBD_LL_StallEP
                0x08001038       0x3e ./Application/User/USB_DEVICE/Target/usbd_conf.o
                0x08001038                USBD_LL_StallEP
 .text.USBD_LL_ClearStallEP
                0x08001076       0x3e ./Application/User/USB_DEVICE/Target/usbd_conf.o
                0x08001076                USBD_LL_ClearStallEP
 .text.USBD_LL_IsStallEP
                0x080010b4       0x56 ./Application/User/USB_DEVICE/Target/usbd_conf.o
                0x080010b4                USBD_LL_IsStallEP
 .text.USBD_LL_SetUSBAddress
                0x0800110a       0x3e ./Application/User/USB_DEVICE/Target/usbd_conf.o
                0x0800110a                USBD_LL_SetUSBAddress
 .text.USBD_LL_Transmit
                0x08001148       0x46 ./Application/User/USB_DEVICE/Target/usbd_conf.o
                0x08001148                USBD_LL_Transmit
 .text.USBD_LL_PrepareReceive
                0x0800118e       0x46 ./Application/User/USB_DEVICE/Target/usbd_conf.o
                0x0800118e                USBD_LL_PrepareReceive
 .text.USBD_LL_GetRxDataSize
                0x080011d4       0x26 ./Application/User/USB_DEVICE/Target/usbd_conf.o
                0x080011d4                USBD_LL_GetRxDataSize
 *fill*         0x080011fa        0x2 
 .text.USBD_static_malloc
                0x080011fc       0x18 ./Application/User/USB_DEVICE/Target/usbd_conf.o
                0x080011fc                USBD_static_malloc
 .text.USBD_static_free
                0x08001214       0x12 ./Application/User/USB_DEVICE/Target/usbd_conf.o
                0x08001214                USBD_static_free
 .text.HAL_PCDEx_SetConnectionState
                0x08001226       0x16 ./Application/User/USB_DEVICE/Target/usbd_conf.o
                0x08001226                HAL_PCDEx_SetConnectionState
 .text.USBD_Get_USB_Status
                0x0800123c       0x58 ./Application/User/USB_DEVICE/Target/usbd_conf.o
 .text.SystemInit
                0x08001294        0xc ./Drivers/CMSIS/system_stm32f1xx.o
                0x08001294                SystemInit
 .text.HAL_Init
                0x080012a0       0x2c ./Drivers/STM32F1xx_HAL_Driver/stm32f1xx_hal.o
                0x080012a0                HAL_Init
 .text.HAL_InitTick
                0x080012cc       0x60 ./Drivers/STM32F1xx_HAL_Driver/stm32f1xx_hal.o
                0x080012cc                HAL_InitTick
 .text.HAL_IncTick
                0x0800132c       0x24 ./Drivers/STM32F1xx_HAL_Driver/stm32f1xx_hal.o
                0x0800132c                HAL_IncTick
 .text.HAL_GetTick
                0x08001350       0x14 ./Drivers/STM32F1xx_HAL_Driver/stm32f1xx_hal.o
                0x08001350                HAL_GetTick
 .text.__NVIC_SetPriorityGrouping
                0x08001364       0x48 ./Drivers/STM32F1xx_HAL_Driver/stm32f1xx_hal_cortex.o
 .text.__NVIC_GetPriorityGrouping
                0x080013ac       0x1c ./Drivers/STM32F1xx_HAL_Driver/stm32f1xx_hal_cortex.o
 .text.__NVIC_EnableIRQ
                0x080013c8       0x38 ./Drivers/STM32F1xx_HAL_Driver/stm32f1xx_hal_cortex.o
 .text.__NVIC_SetPriority
                0x08001400       0x54 ./Drivers/STM32F1xx_HAL_Driver/stm32f1xx_hal_cortex.o
 .text.NVIC_EncodePriority
                0x08001454       0x64 ./Drivers/STM32F1xx_HAL_Driver/stm32f1xx_hal_cortex.o
 .text.SysTick_Config
                0x080014b8       0x44 ./Drivers/STM32F1xx_HAL_Driver/stm32f1xx_hal_cortex.o
 .text.HAL_NVIC_SetPriorityGrouping
                0x080014fc       0x16 ./Drivers/STM32F1xx_HAL_Driver/stm32f1xx_hal_cortex.o
                0x080014fc                HAL_NVIC_SetPriorityGrouping
 .text.HAL_NVIC_SetPriority
                0x08001512       0x38 ./Drivers/STM32F1xx_HAL_Driver/stm32f1xx_hal_cortex.o
                0x08001512                HAL_NVIC_SetPriority
 .text.HAL_NVIC_EnableIRQ
                0x0800154a       0x1c ./Drivers/STM32F1xx_HAL_Driver/stm32f1xx_hal_cortex.o
                0x0800154a                HAL_NVIC_EnableIRQ
 .text.HAL_SYSTICK_Config
                0x08001566       0x18 ./Drivers/STM32F1xx_HAL_Driver/stm32f1xx_hal_cortex.o
                0x08001566                HAL_SYSTICK_Config
 *fill*         0x0800157e        0x2 
 .text.HAL_GPIO_Init
                0x08001580      0x308 ./Drivers/STM32F1xx_HAL_Driver/stm32f1xx_hal_gpio.o
                0x08001580                HAL_GPIO_Init
 .text.HAL_GPIO_WritePin
                0x08001888       0x30 ./Drivers/STM32F1xx_HAL_Driver/stm32f1xx_hal_gpio.o
                0x08001888                HAL_GPIO_WritePin
 .text.HAL_PCD_Init
                0x080018b8      0x1ec ./Drivers/STM32F1xx_HAL_Driver/stm32f1xx_hal_pcd.o
                0x080018b8                HAL_PCD_Init
 .text.HAL_PCD_Start
                0x08001aa4       0x4c ./Drivers/STM32F1xx_HAL_Driver/stm32f1xx_hal_pcd.o
                0x08001aa4                HAL_PCD_Start
 .text.HAL_PCD_IRQHandler
                0x08001af0      0x260 ./Drivers/STM32F1xx_HAL_Driver/stm32f1xx_hal_pcd.o
                0x08001af0                HAL_PCD_IRQHandler
 .text.HAL_PCD_SetAddress
                0x08001d50       0x48 ./Drivers/STM32F1xx_HAL_Driver/stm32f1xx_hal_pcd.o
                0x08001d50                HAL_PCD_SetAddress
 .text.HAL_PCD_EP_Open
                0x08001d98       0xba ./Drivers/STM32F1xx_HAL_Driver/stm32f1xx_hal_pcd.o
                0x08001d98                HAL_PCD_EP_Open
 .text.HAL_PCD_EP_Close
                0x08001e52       0x90 ./Drivers/STM32F1xx_HAL_Driver/stm32f1xx_hal_pcd.o
                0x08001e52                HAL_PCD_EP_Close
 .text.HAL_PCD_EP_Receive
                0x08001ee2       0x62 ./Drivers/STM32F1xx_HAL_Driver/stm32f1xx_hal_pcd.o
                0x08001ee2                HAL_PCD_EP_Receive
 .text.HAL_PCD_EP_GetRxCount
                0x08001f44       0x2e ./Drivers/STM32F1xx_HAL_Driver/stm32f1xx_hal_pcd.o
                0x08001f44                HAL_PCD_EP_GetRxCount
 .text.HAL_PCD_EP_Transmit
                0x08001f72       0x6e ./Drivers/STM32F1xx_HAL_Driver/stm32f1xx_hal_pcd.o
                0x08001f72                HAL_PCD_EP_Transmit
 .text.HAL_PCD_EP_SetStall
                0x08001fe0       0xc0 ./Drivers/STM32F1xx_HAL_Driver/stm32f1xx_hal_pcd.o
                0x08001fe0                HAL_PCD_EP_SetStall
 .text.HAL_PCD_EP_ClrStall
                0x080020a0       0xa8 ./Drivers/STM32F1xx_HAL_Driver/stm32f1xx_hal_pcd.o
                0x080020a0                HAL_PCD_EP_ClrStall
 .text.PCD_EP_ISR_Handler
                0x08002148      0x79e ./Drivers/STM32F1xx_HAL_Driver/stm32f1xx_hal_pcd.o
 .text.HAL_PCD_EP_DB_Receive
                0x080028e6      0x21a ./Drivers/STM32F1xx_HAL_Driver/stm32f1xx_hal_pcd.o
 .text.HAL_PCD_EP_DB_Transmit
                0x08002b00      0x7f4 ./Drivers/STM32F1xx_HAL_Driver/stm32f1xx_hal_pcd.o
 .text.HAL_PCDEx_PMAConfig
                0x080032f4       0x84 ./Drivers/STM32F1xx_HAL_Driver/stm32f1xx_hal_pcd_ex.o
                0x080032f4                HAL_PCDEx_PMAConfig
 .text.HAL_RCC_OscConfig
                0x08003378      0x504 ./Drivers/STM32F1xx_HAL_Driver/stm32f1xx_hal_rcc.o
                0x08003378                HAL_RCC_OscConfig
 .text.HAL_RCC_ClockConfig
                0x0800387c      0x1d4 ./Drivers/STM32F1xx_HAL_Driver/stm32f1xx_hal_rcc.o
                0x0800387c                HAL_RCC_ClockConfig
 .text.HAL_RCC_GetSysClockFreq
                0x08003a50       0xa8 ./Drivers/STM32F1xx_HAL_Driver/stm32f1xx_hal_rcc.o
                0x08003a50                HAL_RCC_GetSysClockFreq
 .text.RCC_Delay
                0x08003af8       0x3c ./Drivers/STM32F1xx_HAL_Driver/stm32f1xx_hal_rcc.o
 .text.HAL_RCCEx_PeriphCLKConfig
                0x08003b34      0x16c ./Drivers/STM32F1xx_HAL_Driver/stm32f1xx_hal_rcc_ex.o
                0x08003b34                HAL_RCCEx_PeriphCLKConfig
 .text.HAL_TIM_Base_Init
                0x08003ca0       0x9e ./Drivers/STM32F1xx_HAL_Driver/stm32f1xx_hal_tim.o
                0x08003ca0                HAL_TIM_Base_Init
 .text.HAL_TIM_PWM_Init
                0x08003d3e       0x9e ./Drivers/STM32F1xx_HAL_Driver/stm32f1xx_hal_tim.o
                0x08003d3e                HAL_TIM_PWM_Init
 .text.HAL_TIM_PWM_ConfigChannel
                0x08003ddc      0x184 ./Drivers/STM32F1xx_HAL_Driver/stm32f1xx_hal_tim.o
                0x08003ddc                HAL_TIM_PWM_ConfigChannel
 .text.HAL_TIM_ConfigClockSource
                0x08003f60      0x18e ./Drivers/STM32F1xx_HAL_Driver/stm32f1xx_hal_tim.o
                0x08003f60                HAL_TIM_ConfigClockSource
 *fill*         0x080040ee        0x2 
 .text.TIM_Base_SetConfig
                0x080040f0       0xdc ./Drivers/STM32F1xx_HAL_Driver/stm32f1xx_hal_tim.o
                0x080040f0                TIM_Base_SetConfig
 .text.TIM_OC1_SetConfig
                0x080041cc       0xcc ./Drivers/STM32F1xx_HAL_Driver/stm32f1xx_hal_tim.o
 .text.TIM_OC2_SetConfig
                0x08004298       0xd4 ./Drivers/STM32F1xx_HAL_Driver/stm32f1xx_hal_tim.o
                0x08004298                TIM_OC2_SetConfig
 .text.TIM_OC3_SetConfig
                0x0800436c       0xd4 ./Drivers/STM32F1xx_HAL_Driver/stm32f1xx_hal_tim.o
 .text.TIM_OC4_SetConfig
                0x08004440       0x9c ./Drivers/STM32F1xx_HAL_Driver/stm32f1xx_hal_tim.o
 .text.TIM_TI1_ConfigInputStage
                0x080044dc       0x5c ./Drivers/STM32F1xx_HAL_Driver/stm32f1xx_hal_tim.o
 .text.TIM_TI2_ConfigInputStage
                0x08004538       0x5e ./Drivers/STM32F1xx_HAL_Driver/stm32f1xx_hal_tim.o
 .text.TIM_ITRx_SetConfig
                0x08004596       0x34 ./Drivers/STM32F1xx_HAL_Driver/stm32f1xx_hal_tim.o
 .text.TIM_ETR_SetConfig
                0x080045ca       0x3e ./Drivers/STM32F1xx_HAL_Driver/stm32f1xx_hal_tim.o
                0x080045ca                TIM_ETR_SetConfig
 .text.HAL_TIMEx_MasterConfigSynchronization
                0x08004608       0xbc ./Drivers/STM32F1xx_HAL_Driver/stm32f1xx_hal_tim_ex.o
                0x08004608                HAL_TIMEx_MasterConfigSynchronization
 .text.HAL_TIMEx_ConfigBreakDeadTime
                0x080046c4       0xa2 ./Drivers/STM32F1xx_HAL_Driver/stm32f1xx_hal_tim_ex.o
                0x080046c4                HAL_TIMEx_ConfigBreakDeadTime
 .text.USB_CoreInit
                0x08004766       0x1a ./Drivers/STM32F1xx_HAL_Driver/stm32f1xx_ll_usb.o
                0x08004766                USB_CoreInit
 .text.USB_EnableGlobalInt
                0x08004780       0x2c ./Drivers/STM32F1xx_HAL_Driver/stm32f1xx_ll_usb.o
                0x08004780                USB_EnableGlobalInt
 .text.USB_DisableGlobalInt
                0x080047ac       0x34 ./Drivers/STM32F1xx_HAL_Driver/stm32f1xx_ll_usb.o
                0x080047ac                USB_DisableGlobalInt
 .text.USB_SetCurrentMode
                0x080047e0       0x18 ./Drivers/STM32F1xx_HAL_Driver/stm32f1xx_ll_usb.o
                0x080047e0                USB_SetCurrentMode
 .text.USB_DevInit
                0x080047f8       0x3a ./Drivers/STM32F1xx_HAL_Driver/stm32f1xx_ll_usb.o
                0x080047f8                USB_DevInit
 *fill*         0x08004832        0x2 
 .text.USB_ActivateEndpoint
                0x08004834      0x780 ./Drivers/STM32F1xx_HAL_Driver/stm32f1xx_ll_usb.o
                0x08004834                USB_ActivateEndpoint
 .text.USB_DeactivateEndpoint
                0x08004fb4      0x3d8 ./Drivers/STM32F1xx_HAL_Driver/stm32f1xx_ll_usb.o
                0x08004fb4                USB_DeactivateEndpoint
 .text.USB_EPStartXfer
                0x0800538c     0x1762 ./Drivers/STM32F1xx_HAL_Driver/stm32f1xx_ll_usb.o
                0x0800538c                USB_EPStartXfer
 .text.USB_EPSetStall
                0x08006aee       0xa0 ./Drivers/STM32F1xx_HAL_Driver/stm32f1xx_ll_usb.o
                0x08006aee                USB_EPSetStall
 .text.USB_EPClearStall
                0x08006b8e      0x15a ./Drivers/STM32F1xx_HAL_Driver/stm32f1xx_ll_usb.o
                0x08006b8e                USB_EPClearStall
 .text.USB_SetDevAddress
                0x08006ce8       0x26 ./Drivers/STM32F1xx_HAL_Driver/stm32f1xx_ll_usb.o
                0x08006ce8                USB_SetDevAddress
 .text.USB_DevConnect
                0x08006d0e       0x14 ./Drivers/STM32F1xx_HAL_Driver/stm32f1xx_ll_usb.o
                0x08006d0e                USB_DevConnect
 .text.USB_DevDisconnect
                0x08006d22       0x14 ./Drivers/STM32F1xx_HAL_Driver/stm32f1xx_ll_usb.o
                0x08006d22                USB_DevDisconnect
 .text.USB_ReadInterrupts
                0x08006d36       0x1e ./Drivers/STM32F1xx_HAL_Driver/stm32f1xx_ll_usb.o
                0x08006d36                USB_ReadInterrupts
 .text.USB_EP0_OutStart
                0x08006d54       0x16 ./Drivers/STM32F1xx_HAL_Driver/stm32f1xx_ll_usb.o
                0x08006d54                USB_EP0_OutStart
 .text.USB_WritePMA
                0x08006d6a       0x8c ./Drivers/STM32F1xx_HAL_Driver/stm32f1xx_ll_usb.o
                0x08006d6a                USB_WritePMA
 .text.USB_ReadPMA
                0x08006df6       0x9e ./Drivers/STM32F1xx_HAL_Driver/stm32f1xx_ll_usb.o
                0x08006df6                USB_ReadPMA
 .text.USBD_CDC_Init
                0x08006e94       0xf4 ./Middlewares/USB_Device_Library/usbd_cdc.o
 .text.USBD_CDC_DeInit
                0x08006f88       0x6e ./Middlewares/USB_Device_Library/usbd_cdc.o
 .text.USBD_CDC_Setup
                0x08006ff6      0x146 ./Middlewares/USB_Device_Library/usbd_cdc.o
 .text.USBD_CDC_DataIn
                0x0800713c       0xa6 ./Middlewares/USB_Device_Library/usbd_cdc.o
 .text.USBD_CDC_DataOut
                0x080071e2       0x56 ./Middlewares/USB_Device_Library/usbd_cdc.o
 .text.USBD_CDC_EP0_RxReady
                0x08007238       0x4e ./Middlewares/USB_Device_Library/usbd_cdc.o
 *fill*         0x08007286        0x2 
 .text.USBD_CDC_GetFSCfgDesc
                0x08007288       0x20 ./Middlewares/USB_Device_Library/usbd_cdc.o
 .text.USBD_CDC_GetHSCfgDesc
                0x080072a8       0x20 ./Middlewares/USB_Device_Library/usbd_cdc.o
 .text.USBD_CDC_GetOtherSpeedCfgDesc
                0x080072c8       0x20 ./Middlewares/USB_Device_Library/usbd_cdc.o
 .text.USBD_CDC_GetDeviceQualifierDescriptor
                0x080072e8       0x20 ./Middlewares/USB_Device_Library/usbd_cdc.o
                0x080072e8                USBD_CDC_GetDeviceQualifierDescriptor
 .text.USBD_CDC_RegisterInterface
                0x08007308       0x2c ./Middlewares/USB_Device_Library/usbd_cdc.o
                0x08007308                USBD_CDC_RegisterInterface
 .text.USBD_CDC_SetTxBuffer
                0x08007334       0x32 ./Middlewares/USB_Device_Library/usbd_cdc.o
                0x08007334                USBD_CDC_SetTxBuffer
 .text.USBD_CDC_SetRxBuffer
                0x08007366       0x26 ./Middlewares/USB_Device_Library/usbd_cdc.o
                0x08007366                USBD_CDC_SetRxBuffer
 .text.USBD_CDC_ReceivePacket
                0x0800738c       0x54 ./Middlewares/USB_Device_Library/usbd_cdc.o
                0x0800738c                USBD_CDC_ReceivePacket
 .text.USBD_Init
                0x080073e0       0x56 ./Middlewares/USB_Device_Library/usbd_core.o
                0x080073e0                USBD_Init
 .text.USBD_RegisterClass
                0x08007436       0x32 ./Middlewares/USB_Device_Library/usbd_core.o
                0x08007436                USBD_RegisterClass
 .text.USBD_Start
                0x08007468       0x18 ./Middlewares/USB_Device_Library/usbd_core.o
                0x08007468                USBD_Start
 .text.USBD_RunTestMode
                0x08007480       0x14 ./Middlewares/USB_Device_Library/usbd_core.o
                0x08007480                USBD_RunTestMode
 .text.USBD_SetClassConfig
                0x08007494       0x3e ./Middlewares/USB_Device_Library/usbd_core.o
                0x08007494                USBD_SetClassConfig
 .text.USBD_ClrClassConfig
                0x080074d2       0x26 ./Middlewares/USB_Device_Library/usbd_core.o
                0x080074d2                USBD_ClrClassConfig
 .text.USBD_LL_SetupStage
                0x080074f8       0x9a ./Middlewares/USB_Device_Library/usbd_core.o
                0x080074f8                USBD_LL_SetupStage
 .text.USBD_LL_DataOutStage
                0x08007592       0xe2 ./Middlewares/USB_Device_Library/usbd_core.o
                0x08007592                USBD_LL_DataOutStage
 .text.USBD_LL_DataInStage
                0x08007674      0x14a ./Middlewares/USB_Device_Library/usbd_core.o
                0x08007674                USBD_LL_DataInStage
 .text.USBD_LL_Reset
                0x080077be       0x82 ./Middlewares/USB_Device_Library/usbd_core.o
                0x080077be                USBD_LL_Reset
 .text.USBD_LL_SetSpeed
                0x08007840       0x1e ./Middlewares/USB_Device_Library/usbd_core.o
                0x08007840                USBD_LL_SetSpeed
 .text.USBD_LL_Suspend
                0x0800785e       0x28 ./Middlewares/USB_Device_Library/usbd_core.o
                0x0800785e                USBD_LL_Suspend
 .text.USBD_LL_Resume
                0x08007886       0x2a ./Middlewares/USB_Device_Library/usbd_core.o
                0x08007886                USBD_LL_Resume
 .text.USBD_LL_SOF
                0x080078b0       0x34 ./Middlewares/USB_Device_Library/usbd_core.o
                0x080078b0                USBD_LL_SOF
 .text.USBD_StdDevReq
                0x080078e4       0xd4 ./Middlewares/USB_Device_Library/usbd_ctlreq.o
                0x080078e4                USBD_StdDevReq
 .text.USBD_StdItfReq
                0x080079b8       0x90 ./Middlewares/USB_Device_Library/usbd_ctlreq.o
                0x080079b8                USBD_StdItfReq
 .text.USBD_StdEPReq
                0x08007a48      0x2c6 ./Middlewares/USB_Device_Library/usbd_ctlreq.o
                0x08007a48                USBD_StdEPReq
 *fill*         0x08007d0e        0x2 
 .text.USBD_GetDescriptor
                0x08007d10      0x2d0 ./Middlewares/USB_Device_Library/usbd_ctlreq.o
 .text.USBD_SetAddress
                0x08007fe0       0x86 ./Middlewares/USB_Device_Library/usbd_ctlreq.o
 *fill*         0x08008066        0x2 
 .text.USBD_SetConfig
                0x08008068      0x11c ./Middlewares/USB_Device_Library/usbd_ctlreq.o
 .text.USBD_GetConfig
                0x08008184       0x6a ./Middlewares/USB_Device_Library/usbd_ctlreq.o
 .text.USBD_GetStatus
                0x080081ee       0x66 ./Middlewares/USB_Device_Library/usbd_ctlreq.o
 .text.USBD_SetFeature
                0x08008254       0x28 ./Middlewares/USB_Device_Library/usbd_ctlreq.o
 .text.USBD_ClrFeature
                0x0800827c       0x42 ./Middlewares/USB_Device_Library/usbd_ctlreq.o
 .text.USBD_ParseSetupRequest
                0x080082be       0x72 ./Middlewares/USB_Device_Library/usbd_ctlreq.o
                0x080082be                USBD_ParseSetupRequest
 .text.USBD_CtlError
                0x08008330       0x22 ./Middlewares/USB_Device_Library/usbd_ctlreq.o
                0x08008330                USBD_CtlError
 .text.USBD_GetString
                0x08008352       0x84 ./Middlewares/USB_Device_Library/usbd_ctlreq.o
                0x08008352                USBD_GetString
 .text.USBD_GetLen
                0x080083d6       0x2e ./Middlewares/USB_Device_Library/usbd_ctlreq.o
 .text.USBD_CtlSendData
                0x08008404       0x38 ./Middlewares/USB_Device_Library/usbd_ioreq.o
                0x08008404                USBD_CtlSendData
 .text.USBD_CtlContinueSendData
                0x0800843c       0x24 ./Middlewares/USB_Device_Library/usbd_ioreq.o
                0x0800843c                USBD_CtlContinueSendData
 .text.USBD_CtlPrepareRx
                0x08008460       0x3c ./Middlewares/USB_Device_Library/usbd_ioreq.o
                0x08008460                USBD_CtlPrepareRx
 .text.USBD_CtlContinueRx
                0x0800849c       0x24 ./Middlewares/USB_Device_Library/usbd_ioreq.o
                0x0800849c                USBD_CtlContinueRx
 .text.USBD_CtlSendStatus
                0x080084c0       0x26 ./Middlewares/USB_Device_Library/usbd_ioreq.o
                0x080084c0                USBD_CtlSendStatus
 .text.USBD_CtlReceiveStatus
                0x080084e6       0x26 ./Middlewares/USB_Device_Library/usbd_ioreq.o
                0x080084e6                USBD_CtlReceiveStatus
 .text.memset   0x0800850c       0x10 C:/ST/STM32CubeIDE_2.1.1/STM32CubeIDE/plugins/com.st.stm32cube.ide.mcu.externaltools.gnu-tools-for-stm32.14.3.rel1.win32_1.0.100.202602081740/tools/bin/../lib/gcc/arm-none-eabi/14.3.1/../../../../arm-none-eabi/lib/thumb/v7-m/nofp\libc_nano.a(libc_a-memset.o)
                0x0800850c                memset
 .text.__libc_init_array
                0x0800851c       0x48 C:/ST/STM32CubeIDE_2.1.1/STM32CubeIDE/plugins/com.st.stm32cube.ide.mcu.externaltools.gnu-tools-for-stm32.14.3.rel1.win32_1.0.100.202602081740/tools/bin/../lib/gcc/arm-none-eabi/14.3.1/../../../../arm-none-eabi/lib/thumb/v7-m/nofp\libc_nano.a(libc_a-init.o)
                0x0800851c                __libc_init_array
 *(.glue_7)
 .glue_7        0x08008564        0x0 linker stubs
 *(.glue_7t)
 .glue_7t       0x08008564        0x0 linker stubs
 *(.eh_frame)
 .eh_frame      0x08008564        0x0 C:/ST/STM32CubeIDE_2.1.1/STM32CubeIDE/plugins/com.st.stm32cube.ide.mcu.externaltools.gnu-tools-for-stm32.14.3.rel1.win32_1.0.100.202602081740/tools/bin/../lib/gcc/arm-none-eabi/14.3.1/thumb/v7-m/nofp/crtbegin.o
 *(.init)
 .init          0x08008564        0x4 C:/ST/STM32CubeIDE_2.1.1/STM32CubeIDE/plugins/com.st.stm32cube.ide.mcu.externaltools.gnu-tools-for-stm32.14.3.rel1.win32_1.0.100.202602081740/tools/bin/../lib/gcc/arm-none-eabi/14.3.1/thumb/v7-m/nofp/crti.o
                0x08008564                _init
 .init          0x08008568        0x8 C:/ST/STM32CubeIDE_2.1.1/STM32CubeIDE/plugins/com.st.stm32cube.ide.mcu.externaltools.gnu-tools-for-stm32.14.3.rel1.win32_1.0.100.202602081740/tools/bin/../lib/gcc/arm-none-eabi/14.3.1/thumb/v7-m/nofp/crtn.o
 *(.fini)
 .fini          0x08008570        0x4 C:/ST/STM32CubeIDE_2.1.1/STM32CubeIDE/plugins/com.st.stm32cube.ide.mcu.externaltools.gnu-tools-for-stm32.14.3.rel1.win32_1.0.100.202602081740/tools/bin/../lib/gcc/arm-none-eabi/14.3.1/thumb/v7-m/nofp/crti.o
                0x08008570                _fini
 .fini          0x08008574        0x8 C:/ST/STM32CubeIDE_2.1.1/STM32CubeIDE/plugins/com.st.stm32cube.ide.mcu.externaltools.gnu-tools-for-stm32.14.3.rel1.win32_1.0.100.202602081740/tools/bin/../lib/gcc/arm-none-eabi/14.3.1/thumb/v7-m/nofp/crtn.o
                0x0800857c                        . = ALIGN (0x4)
                0x0800857c                        _etext = .

.vfp11_veneer   0x0800857c        0x0
 .vfp11_veneer  0x0800857c        0x0 linker stubs

.v4_bx          0x0800857c        0x0
 .v4_bx         0x0800857c        0x0 linker stubs

.iplt           0x0800857c        0x0
 .iplt          0x0800857c        0x0 C:/ST/STM32CubeIDE_2.1.1/STM32CubeIDE/plugins/com.st.stm32cube.ide.mcu.externaltools.gnu-tools-for-stm32.14.3.rel1.win32_1.0.100.202602081740/tools/bin/../lib/gcc/arm-none-eabi/14.3.1/thumb/v7-m/nofp/crtbegin.o

.rodata         0x0800857c       0x6c
                0x0800857c                        . = ALIGN (0x4)
 *(.rodata)
 .rodata        0x0800857c       0x46 ./Application/User/USB_DEVICE/App/usbd_desc.o
 *(.rodata*)
 *fill*         0x080085c2        0x2 
 .rodata.AHBPrescTable
                0x080085c4       0x10 ./Drivers/CMSIS/system_stm32f1xx.o
                0x080085c4                AHBPrescTable
 .rodata.aPLLMULFactorTable.1
                0x080085d4       0x10 ./Drivers/STM32F1xx_HAL_Driver/stm32f1xx_hal_rcc.o
 .rodata.aPredivFactorTable.0
                0x080085e4        0x2 ./Drivers/STM32F1xx_HAL_Driver/stm32f1xx_hal_rcc.o
                0x080085e8                        . = ALIGN (0x4)
 *fill*         0x080085e6        0x2 

.ARM.extab      0x080085e8        0x0
                0x080085e8                        . = ALIGN (0x4)
 *(.ARM.extab* .gnu.linkonce.armextab.*)
                0x080085e8                        . = ALIGN (0x4)

.ARM            0x080085e8        0x0
                0x080085e8                        . = ALIGN (0x4)
                0x080085e8                        __exidx_start = .
 *(.ARM.exidx*)
                0x080085e8                        __exidx_end = .
                0x080085e8                        . = ALIGN (0x4)

.preinit_array  0x080085e8        0x0
                0x080085e8                        . = ALIGN (0x4)
                0x080085e8                        PROVIDE (__preinit_array_start = .)
 *(.preinit_array*)
                0x080085e8                        PROVIDE (__preinit_array_end = .)
                0x080085e8                        . = ALIGN (0x4)

.init_array     0x080085e8        0x4
                0x080085e8                        . = ALIGN (0x4)
                0x080085e8                        PROVIDE (__init_array_start = .)
 *(SORT_BY_NAME(.init_array.*))
 *(.init_array*)
 .init_array    0x080085e8        0x4 C:/ST/STM32CubeIDE_2.1.1/STM32CubeIDE/plugins/com.st.stm32cube.ide.mcu.externaltools.gnu-tools-for-stm32.14.3.rel1.win32_1.0.100.202602081740/tools/bin/../lib/gcc/arm-none-eabi/14.3.1/thumb/v7-m/nofp/crtbegin.o
                0x080085ec                        PROVIDE (__init_array_end = .)
                0x080085ec                        . = ALIGN (0x4)

.fini_array     0x080085ec        0x4
                0x080085ec                        . = ALIGN (0x4)
                [!provide]                        PROVIDE (__fini_array_start = .)
 *(SORT_BY_NAME(.fini_array.*))
 *(.fini_array*)
 .fini_array    0x080085ec        0x4 C:/ST/STM32CubeIDE_2.1.1/STM32CubeIDE/plugins/com.st.stm32cube.ide.mcu.externaltools.gnu-tools-for-stm32.14.3.rel1.win32_1.0.100.202602081740/tools/bin/../lib/gcc/arm-none-eabi/14.3.1/thumb/v7-m/nofp/crtbegin.o
                [!provide]                        PROVIDE (__fini_array_end = .)
                0x080085f0                        . = ALIGN (0x4)
                0x080085f0                        _sidata = LOADADDR (.data)

.rel.dyn        0x080085f0        0x0
 .rel.iplt      0x080085f0        0x0 C:/ST/STM32CubeIDE_2.1.1/STM32CubeIDE/plugins/com.st.stm32cube.ide.mcu.externaltools.gnu-tools-for-stm32.14.3.rel1.win32_1.0.100.202602081740/tools/bin/../lib/gcc/arm-none-eabi/14.3.1/thumb/v7-m/nofp/crtbegin.o

.data           0x20000000      0x17c load address 0x080085f0
                0x20000000                        . = ALIGN (0x4)
                0x20000000                        _sdata = .
 *(.data)
 *(.data*)
 .data.USBD_Interface_fops_FS
                0x20000000       0x10 ./Application/User/USB_DEVICE/App/usbd_cdc_if.o
                0x20000000                USBD_Interface_fops_FS
 .data.FS_Desc  0x20000010       0x1c ./Application/User/USB_DEVICE/App/usbd_desc.o
                0x20000010                FS_Desc
 .data.USBD_FS_DeviceDesc
                0x2000002c       0x12 ./Application/User/USB_DEVICE/App/usbd_desc.o
                0x2000002c                USBD_FS_DeviceDesc
 *fill*         0x2000003e        0x2 
 .data.USBD_LangIDDesc
                0x20000040        0x4 ./Application/User/USB_DEVICE/App/usbd_desc.o
                0x20000040                USBD_LangIDDesc
 .data.USBD_StringSerial
                0x20000044       0x1a ./Application/User/USB_DEVICE/App/usbd_desc.o
                0x20000044                USBD_StringSerial
 *fill*         0x2000005e        0x2 
 .data.SystemCoreClock
                0x20000060        0x4 ./Drivers/CMSIS/system_stm32f1xx.o
                0x20000060                SystemCoreClock
 .data.uwTickPrio
                0x20000064        0x4 ./Drivers/STM32F1xx_HAL_Driver/stm32f1xx_hal.o
                0x20000064                uwTickPrio
 .data.uwTickFreq
                0x20000068        0x1 ./Drivers/STM32F1xx_HAL_Driver/stm32f1xx_hal.o
                0x20000068                uwTickFreq
 *fill*         0x20000069        0x3 
 .data.USBD_CDC_DeviceQualifierDesc
                0x2000006c        0xa ./Middlewares/USB_Device_Library/usbd_cdc.o
 *fill*         0x20000076        0x2 
 .data.USBD_CDC
                0x20000078       0x38 ./Middlewares/USB_Device_Library/usbd_cdc.o
                0x20000078                USBD_CDC
 .data.USBD_CDC_CfgHSDesc
                0x200000b0       0x43 ./Middlewares/USB_Device_Library/usbd_cdc.o
                0x200000b0                USBD_CDC_CfgHSDesc
 *fill*         0x200000f3        0x1 
 .data.USBD_CDC_CfgFSDesc
                0x200000f4       0x43 ./Middlewares/USB_Device_Library/usbd_cdc.o
                0x200000f4                USBD_CDC_CfgFSDesc
 *fill*         0x20000137        0x1 
 .data.USBD_CDC_OtherSpeedCfgDesc
                0x20000138       0x43 ./Middlewares/USB_Device_Library/usbd_cdc.o
                0x20000138                USBD_CDC_OtherSpeedCfgDesc
 *(.RamFunc)
 *(.RamFunc*)
                0x2000017c                        . = ALIGN (0x4)
 *fill*         0x2000017b        0x1 
                0x2000017c                        _edata = .

.igot.plt       0x2000017c        0x0 load address 0x0800876c
 .igot.plt      0x2000017c        0x0 C:/ST/STM32CubeIDE_2.1.1/STM32CubeIDE/plugins/com.st.stm32cube.ide.mcu.externaltools.gnu-tools-for-stm32.14.3.rel1.win32_1.0.100.202602081740/tools/bin/../lib/gcc/arm-none-eabi/14.3.1/thumb/v7-m/nofp/crtbegin.o
                0x2000017c                        . = ALIGN (0x4)

.bss            0x2000017c     0x12b8 load address 0x0800876c
                0x2000017c                        _sbss = .
                0x2000017c                        __bss_start__ = _sbss
 *(.bss)
 .bss           0x2000017c       0x1c C:/ST/STM32CubeIDE_2.1.1/STM32CubeIDE/plugins/com.st.stm32cube.ide.mcu.externaltools.gnu-tools-for-stm32.14.3.rel1.win32_1.0.100.202602081740/tools/bin/../lib/gcc/arm-none-eabi/14.3.1/thumb/v7-m/nofp/crtbegin.o
 *(.bss*)
 .bss.htim1     0x20000198       0x48 ./Application/User/Core/main.o
                0x20000198                htim1
 .bss.htim3     0x200001e0       0x48 ./Application/User/Core/main.o
                0x200001e0                htim3
 .bss.htim4     0x20000228       0x48 ./Application/User/Core/main.o
                0x20000228                htim4
 .bss.hUsbDeviceFS
                0x20000270      0x2c4 ./Application/User/USB_DEVICE/App/usb_device.o
                0x20000270                hUsbDeviceFS
 .bss.UserRxBufferFS
                0x20000534      0x400 ./Application/User/USB_DEVICE/App/usbd_cdc_if.o
                0x20000534                UserRxBufferFS
 .bss.UserTxBufferFS
                0x20000934      0x400 ./Application/User/USB_DEVICE/App/usbd_cdc_if.o
                0x20000934                UserTxBufferFS
 .bss.USBD_StrDesc
                0x20000d34      0x200 ./Application/User/USB_DEVICE/App/usbd_desc.o
                0x20000d34                USBD_StrDesc
 .bss.hpcd_USB_FS
                0x20000f34      0x2d8 ./Application/User/USB_DEVICE/Target/usbd_conf.o
                0x20000f34                hpcd_USB_FS
 .bss.mem.0     0x2000120c      0x220 ./Application/User/USB_DEVICE/Target/usbd_conf.o
 .bss.uwTick    0x2000142c        0x4 ./Drivers/STM32F1xx_HAL_Driver/stm32f1xx_hal.o
                0x2000142c                uwTick
 .bss.cfgidx.0  0x20001430        0x1 ./Middlewares/USB_Device_Library/usbd_ctlreq.o
 *(COMMON)
                0x20001434                        . = ALIGN (0x4)
 *fill*         0x20001431        0x3 
                0x20001434                        _ebss = .
                0x20001434                        __bss_end__ = _ebss

._user_heap_stack
                0x20001434      0x604 load address 0x0800876c
                0x20001438                        . = ALIGN (0x8)
 *fill*         0x20001434        0x4 
                [!provide]                        PROVIDE (end = .)
                0x20001438                        PROVIDE (_end = .)
                0x20001638                        . = (. + _Min_Heap_Size)
 *fill*         0x20001438      0x200 
                0x20001a38                        . = (. + _Min_Stack_Size)
 *fill*         0x20001638      0x400 
                0x20001a38                        . = ALIGN (0x8)

/DISCARD/
 libc.a(*)
 libm.a(*)
 libgcc.a(*)

.ARM.attributes
                0x00000000       0x29
 *(.ARM.attributes)
 .ARM.attributes
                0x00000000       0x1d C:/ST/STM32CubeIDE_2.1.1/STM32CubeIDE/plugins/com.st.stm32cube.ide.mcu.externaltools.gnu-tools-for-stm32.14.3.rel1.win32_1.0.100.202602081740/tools/bin/../lib/gcc/arm-none-eabi/14.3.1/thumb/v7-m/nofp/crti.o
 .ARM.attributes
                0x0000001d       0x2d C:/ST/STM32CubeIDE_2.1.1/STM32CubeIDE/plugins/com.st.stm32cube.ide.mcu.externaltools.gnu-tools-for-stm32.14.3.rel1.win32_1.0.100.202602081740/tools/bin/../lib/gcc/arm-none-eabi/14.3.1/thumb/v7-m/nofp/crtbegin.o
 .ARM.attributes
                0x0000004a       0x2d ./Application/User/Core/main.o
 .ARM.attributes
                0x00000077       0x2d ./Application/User/Core/stm32f1xx_hal_msp.o
 .ARM.attributes
                0x000000a4       0x2d ./Application/User/Core/stm32f1xx_it.o
 .ARM.attributes
                0x000000d1       0x21 ./Application/User/Startup/startup_stm32f103c8tx.o
 .ARM.attributes
                0x000000f2       0x2d ./Application/User/USB_DEVICE/App/usb_device.o
 .ARM.attributes
                0x0000011f       0x2d ./Application/User/USB_DEVICE/App/usbd_cdc_if.o
 .ARM.attributes
                0x0000014c       0x2d ./Application/User/USB_DEVICE/App/usbd_desc.o
 .ARM.attributes
                0x00000179       0x2d ./Application/User/USB_DEVICE/Target/usbd_conf.o
 .ARM.attributes
                0x000001a6       0x2d ./Drivers/CMSIS/system_stm32f1xx.o
 .ARM.attributes
                0x000001d3       0x2d ./Drivers/STM32F1xx_HAL_Driver/stm32f1xx_hal.o
 .ARM.attributes
                0x00000200       0x2d ./Drivers/STM32F1xx_HAL_Driver/stm32f1xx_hal_cortex.o
 .ARM.attributes
                0x0000022d       0x2d ./Drivers/STM32F1xx_HAL_Driver/stm32f1xx_hal_gpio.o
 .ARM.attributes
                0x0000025a       0x2d ./Drivers/STM32F1xx_HAL_Driver/stm32f1xx_hal_pcd.o
 .ARM.attributes
                0x00000287       0x2d ./Drivers/STM32F1xx_HAL_Driver/stm32f1xx_hal_pcd_ex.o
 .ARM.attributes
                0x000002b4       0x2d ./Drivers/STM32F1xx_HAL_Driver/stm32f1xx_hal_rcc.o
 .ARM.attributes
                0x000002e1       0x2d ./Drivers/STM32F1xx_HAL_Driver/stm32f1xx_hal_rcc_ex.o
 .ARM.attributes
                0x0000030e       0x2d ./Drivers/STM32F1xx_HAL_Driver/stm32f1xx_hal_tim.o
 .ARM.attributes
                0x0000033b       0x2d ./Drivers/STM32F1xx_HAL_Driver/stm32f1xx_hal_tim_ex.o
 .ARM.attributes
                0x00000368       0x2d ./Drivers/STM32F1xx_HAL_Driver/stm32f1xx_ll_usb.o
 .ARM.attributes
                0x00000395       0x2d ./Middlewares/USB_Device_Library/usbd_cdc.o
 .ARM.attributes
                0x000003c2       0x2d ./Middlewares/USB_Device_Library/usbd_core.o
 .ARM.attributes
                0x000003ef       0x2d ./Middlewares/USB_Device_Library/usbd_ctlreq.o
 .ARM.attributes
                0x0000041c       0x2d ./Middlewares/USB_Device_Library/usbd_ioreq.o
 .ARM.attributes
                0x00000449       0x2d C:/ST/STM32CubeIDE_2.1.1/STM32CubeIDE/plugins/com.st.stm32cube.ide.mcu.externaltools.gnu-tools-for-stm32.14.3.rel1.win32_1.0.100.202602081740/tools/bin/../lib/gcc/arm-none-eabi/14.3.1/../../../../arm-none-eabi/lib/thumb/v7-m/nofp\libc_nano.a(libc_a-memset.o)
 .ARM.attributes
                0x00000476       0x2d C:/ST/STM32CubeIDE_2.1.1/STM32CubeIDE/plugins/com.st.stm32cube.ide.mcu.externaltools.gnu-tools-for-stm32.14.3.rel1.win32_1.0.100.202602081740/tools/bin/../lib/gcc/arm-none-eabi/14.3.1/../../../../arm-none-eabi/lib/thumb/v7-m/nofp\libc_nano.a(libc_a-init.o)
 .ARM.attributes
                0x000004a3       0x1d C:/ST/STM32CubeIDE_2.1.1/STM32CubeIDE/plugins/com.st.stm32cube.ide.mcu.externaltools.gnu-tools-for-stm32.14.3.rel1.win32_1.0.100.202602081740/tools/bin/../lib/gcc/arm-none-eabi/14.3.1/thumb/v7-m/nofp/crtn.o
OUTPUT(stm32-moco.elf elf32-littlearm)
LOAD linker stubs
LOAD C:/ST/STM32CubeIDE_2.1.1/STM32CubeIDE/plugins/com.st.stm32cube.ide.mcu.externaltools.gnu-tools-for-stm32.14.3.rel1.win32_1.0.100.202602081740/tools/bin/../lib/gcc/arm-none-eabi/14.3.1/../../../../arm-none-eabi/lib/thumb/v7-m/nofp\libc.a
LOAD C:/ST/STM32CubeIDE_2.1.1/STM32CubeIDE/plugins/com.st.stm32cube.ide.mcu.externaltools.gnu-tools-for-stm32.14.3.rel1.win32_1.0.100.202602081740/tools/bin/../lib/gcc/arm-none-eabi/14.3.1/../../../../arm-none-eabi/lib/thumb/v7-m/nofp\libm.a
LOAD C:/ST/STM32CubeIDE_2.1.1/STM32CubeIDE/plugins/com.st.stm32cube.ide.mcu.externaltools.gnu-tools-for-stm32.14.3.rel1.win32_1.0.100.202602081740/tools/bin/../lib/gcc/arm-none-eabi/14.3.1/thumb/v7-m/nofp\libgcc.a

.debug_info     0x00000000    0x10b44
 .debug_info    0x00000000      0xdee ./Application/User/Core/main.o
 .debug_info    0x00000dee      0x9ce ./Application/User/Core/stm32f1xx_hal_msp.o
 .debug_info    0x000017bc      0x602 ./Application/User/Core/stm32f1xx_it.o
 .debug_info    0x00001dbe       0x30 ./Application/User/Startup/startup_stm32f103c8tx.o
 .debug_info    0x00001dee      0x63d ./Application/User/USB_DEVICE/App/usb_device.o
 .debug_info    0x0000242b      0x7ec ./Application/User/USB_DEVICE/App/usbd_cdc_if.o
 .debug_info    0x00002c17      0x44a ./Application/User/USB_DEVICE/App/usbd_desc.o
 .debug_info    0x00003061     0x1864 ./Application/User/USB_DEVICE/Target/usbd_conf.o
 .debug_info    0x000048c5      0x222 ./Drivers/CMSIS/system_stm32f1xx.o
 .debug_info    0x00004ae7      0x704 ./Drivers/STM32F1xx_HAL_Driver/stm32f1xx_hal.o
 .debug_info    0x000051eb      0xa87 ./Drivers/STM32F1xx_HAL_Driver/stm32f1xx_hal_cortex.o
 .debug_info    0x00005c72      0x5ab ./Drivers/STM32F1xx_HAL_Driver/stm32f1xx_hal_gpio.o
 .debug_info    0x0000621d     0x16dc ./Drivers/STM32F1xx_HAL_Driver/stm32f1xx_hal_pcd.o
 .debug_info    0x000078f9      0x6c3 ./Drivers/STM32F1xx_HAL_Driver/stm32f1xx_hal_pcd_ex.o
 .debug_info    0x00007fbc      0x7d5 ./Drivers/STM32F1xx_HAL_Driver/stm32f1xx_hal_rcc.o
 .debug_info    0x00008791      0x3c0 ./Drivers/STM32F1xx_HAL_Driver/stm32f1xx_hal_rcc_ex.o
 .debug_info    0x00008b51     0x2959 ./Drivers/STM32F1xx_HAL_Driver/stm32f1xx_hal_tim.o
 .debug_info    0x0000b4aa     0x149b ./Drivers/STM32F1xx_HAL_Driver/stm32f1xx_hal_tim_ex.o
 .debug_info    0x0000c945     0x17ae ./Drivers/STM32F1xx_HAL_Driver/stm32f1xx_ll_usb.o
 .debug_info    0x0000e0f3     0x1043 ./Middlewares/USB_Device_Library/usbd_cdc.o
 .debug_info    0x0000f136      0xa52 ./Middlewares/USB_Device_Library/usbd_core.o
 .debug_info    0x0000fb88      0x91c ./Middlewares/USB_Device_Library/usbd_ctlreq.o
 .debug_info    0x000104a4      0x6a0 ./Middlewares/USB_Device_Library/usbd_ioreq.o

.debug_abbrev   0x00000000     0x2fad
 .debug_abbrev  0x00000000      0x29c ./Application/User/Core/main.o
 .debug_abbrev  0x0000029c      0x1cf ./Application/User/Core/stm32f1xx_hal_msp.o
 .debug_abbrev  0x0000046b      0x192 ./Application/User/Core/stm32f1xx_it.o
 .debug_abbrev  0x000005fd       0x24 ./Application/User/Startup/startup_stm32f103c8tx.o
 .debug_abbrev  0x00000621      0x18d ./Application/User/USB_DEVICE/App/usb_device.o
 .debug_abbrev  0x000007ae      0x25d ./Application/User/USB_DEVICE/App/usbd_cdc_if.o
 .debug_abbrev  0x00000a0b      0x1ff ./Application/User/USB_DEVICE/App/usbd_desc.o
 .debug_abbrev  0x00000c0a      0x316 ./Application/User/USB_DEVICE/Target/usbd_conf.o
 .debug_abbrev  0x00000f20      0x13f ./Drivers/CMSIS/system_stm32f1xx.o
 .debug_abbrev  0x0000105f      0x201 ./Drivers/STM32F1xx_HAL_Driver/stm32f1xx_hal.o
 .debug_abbrev  0x00001260      0x2f8 ./Drivers/STM32F1xx_HAL_Driver/stm32f1xx_hal_cortex.o
 .debug_abbrev  0x00001558      0x1ca ./Drivers/STM32F1xx_HAL_Driver/stm32f1xx_hal_gpio.o
 .debug_abbrev  0x00001722      0x2d6 ./Drivers/STM32F1xx_HAL_Driver/stm32f1xx_hal_pcd.o
 .debug_abbrev  0x000019f8      0x189 ./Drivers/STM32F1xx_HAL_Driver/stm32f1xx_hal_pcd_ex.o
 .debug_abbrev  0x00001b81      0x2b3 ./Drivers/STM32F1xx_HAL_Driver/stm32f1xx_hal_rcc.o
 .debug_abbrev  0x00001e34      0x188 ./Drivers/STM32F1xx_HAL_Driver/stm32f1xx_hal_rcc_ex.o
 .debug_abbrev  0x00001fbc      0x277 ./Drivers/STM32F1xx_HAL_Driver/stm32f1xx_hal_tim.o
 .debug_abbrev  0x00002233      0x282 ./Drivers/STM32F1xx_HAL_Driver/stm32f1xx_hal_tim_ex.o
 .debug_abbrev  0x000024b5      0x1de ./Drivers/STM32F1xx_HAL_Driver/stm32f1xx_ll_usb.o
 .debug_abbrev  0x00002693      0x2d3 ./Middlewares/USB_Device_Library/usbd_cdc.o
 .debug_abbrev  0x00002966      0x24a ./Middlewares/USB_Device_Library/usbd_core.o
 .debug_abbrev  0x00002bb0      0x26b ./Middlewares/USB_Device_Library/usbd_ctlreq.o
 .debug_abbrev  0x00002e1b      0x192 ./Middlewares/USB_Device_Library/usbd_ioreq.o

.debug_aranges  0x00000000      0xfe8
 .debug_aranges
                0x00000000       0x50 ./Application/User/Core/main.o
 .debug_aranges
                0x00000050       0x48 ./Application/User/Core/stm32f1xx_hal_msp.o
 .debug_aranges
                0x00000098       0x68 ./Application/User/Core/stm32f1xx_it.o
 .debug_aranges
                0x00000100       0x28 ./Application/User/Startup/startup_stm32f103c8tx.o
 .debug_aranges
                0x00000128       0x20 ./Application/User/USB_DEVICE/App/usb_device.o
 .debug_aranges
                0x00000148       0x40 ./Application/User/USB_DEVICE/App/usbd_cdc_if.o
 .debug_aranges
                0x00000188       0x60 ./Application/User/USB_DEVICE/App/usbd_desc.o
 .debug_aranges
                0x000001e8      0x118 ./Application/User/USB_DEVICE/Target/usbd_conf.o
 .debug_aranges
                0x00000300       0x28 ./Drivers/CMSIS/system_stm32f1xx.o
 .debug_aranges
                0x00000328       0xe0 ./Drivers/STM32F1xx_HAL_Driver/stm32f1xx_hal.o
 .debug_aranges
                0x00000408      0x100 ./Drivers/STM32F1xx_HAL_Driver/stm32f1xx_hal_cortex.o
 .debug_aranges
                0x00000508       0x58 ./Drivers/STM32F1xx_HAL_Driver/stm32f1xx_hal_gpio.o
 .debug_aranges
                0x00000560      0x140 ./Drivers/STM32F1xx_HAL_Driver/stm32f1xx_hal_pcd.o
 .debug_aranges
                0x000006a0       0x38 ./Drivers/STM32F1xx_HAL_Driver/stm32f1xx_hal_pcd_ex.o
 .debug_aranges
                0x000006d8       0x90 ./Drivers/STM32F1xx_HAL_Driver/stm32f1xx_hal_rcc.o
 .debug_aranges
                0x00000768       0x30 ./Drivers/STM32F1xx_HAL_Driver/stm32f1xx_hal_rcc_ex.o
 .debug_aranges
                0x00000798      0x3d0 ./Drivers/STM32F1xx_HAL_Driver/stm32f1xx_hal_tim.o
 .debug_aranges
                0x00000b68      0x168 ./Drivers/STM32F1xx_HAL_Driver/stm32f1xx_hal_tim_ex.o
 .debug_aranges
                0x00000cd0       0xf8 ./Drivers/STM32F1xx_HAL_Driver/stm32f1xx_ll_usb.o
 .debug_aranges
                0x00000dc8       0x90 ./Middlewares/USB_Device_Library/usbd_cdc.o
 .debug_aranges
                0x00000e58       0xb8 ./Middlewares/USB_Device_Library/usbd_core.o
 .debug_aranges
                0x00000f10       0x88 ./Middlewares/USB_Device_Library/usbd_ctlreq.o
 .debug_aranges
                0x00000f98       0x50 ./Middlewares/USB_Device_Library/usbd_ioreq.o

.debug_rnglists
                0x00000000      0xc0c
 .debug_rnglists
                0x00000000       0x3c ./Application/User/Core/main.o
 .debug_rnglists
                0x0000003c       0x32 ./Application/User/Core/stm32f1xx_hal_msp.o
 .debug_rnglists
                0x0000006e       0x49 ./Application/User/Core/stm32f1xx_it.o
 .debug_rnglists
                0x000000b7       0x19 ./Application/User/Startup/startup_stm32f103c8tx.o
 .debug_rnglists
                0x000000d0       0x13 ./Application/User/USB_DEVICE/App/usb_device.o
 .debug_rnglists
                0x000000e3       0x2c ./Application/User/USB_DEVICE/App/usbd_cdc_if.o
 .debug_rnglists
                0x0000010f       0x43 ./Application/User/USB_DEVICE/App/usbd_desc.o
 .debug_rnglists
                0x00000152       0xce ./Application/User/USB_DEVICE/Target/usbd_conf.o
 .debug_rnglists
                0x00000220       0x1a ./Drivers/CMSIS/system_stm32f1xx.o
 .debug_rnglists
                0x0000023a       0xa3 ./Drivers/STM32F1xx_HAL_Driver/stm32f1xx_hal.o
 .debug_rnglists
                0x000002dd       0xbb ./Drivers/STM32F1xx_HAL_Driver/stm32f1xx_hal_cortex.o
 .debug_rnglists
                0x00000398       0x3f ./Drivers/STM32F1xx_HAL_Driver/stm32f1xx_hal_gpio.o
 .debug_rnglists
                0x000003d7       0xf4 ./Drivers/STM32F1xx_HAL_Driver/stm32f1xx_hal_pcd.o
 .debug_rnglists
                0x000004cb       0x26 ./Drivers/STM32F1xx_HAL_Driver/stm32f1xx_hal_pcd_ex.o
 .debug_rnglists
                0x000004f1       0x6c ./Drivers/STM32F1xx_HAL_Driver/stm32f1xx_hal_rcc.o
 .debug_rnglists
                0x0000055d       0x21 ./Drivers/STM32F1xx_HAL_Driver/stm32f1xx_hal_rcc_ex.o
 .debug_rnglists
                0x0000057e      0x31a ./Drivers/STM32F1xx_HAL_Driver/stm32f1xx_hal_tim.o
 .debug_rnglists
                0x00000898      0x125 ./Drivers/STM32F1xx_HAL_Driver/stm32f1xx_hal_tim_ex.o
 .debug_rnglists
                0x000009bd       0xbd ./Drivers/STM32F1xx_HAL_Driver/stm32f1xx_ll_usb.o
 .debug_rnglists
                0x00000a7a       0x6a ./Middlewares/USB_Device_Library/usbd_cdc.o
 .debug_rnglists
                0x00000ae4       0x89 ./Middlewares/USB_Device_Library/usbd_core.o
 .debug_rnglists
                0x00000b6d       0x68 ./Middlewares/USB_Device_Library/usbd_ctlreq.o
 .debug_rnglists
                0x00000bd5       0x37 ./Middlewares/USB_Device_Library/usbd_ioreq.o

.debug_macro    0x00000000    0x19e96
 .debug_macro   0x00000000      0x32b ./Application/User/Core/main.o
 .debug_macro   0x0000032b      0xacc ./Application/User/Core/main.o
 .debug_macro   0x00000df7      0x21b ./Application/User/Core/main.o
 .debug_macro   0x00001012       0x2e ./Application/User/Core/main.o
 .debug_macro   0x00001040       0x22 ./Application/User/Core/main.o
 .debug_macro   0x00001062       0x22 ./Application/User/Core/main.o
 .debug_macro   0x00001084       0x8e ./Application/User/Core/main.o
 .debug_macro   0x00001112       0x51 ./Application/User/Core/main.o
 .debug_macro   0x00001163      0x103 ./Application/User/Core/main.o
 .debug_macro   0x00001266       0x6a ./Application/User/Core/main.o
 .debug_macro   0x000012d0      0x1df ./Application/User/Core/main.o
 .debug_macro   0x000014af       0x1c ./Application/User/Core/main.o
 .debug_macro   0x000014cb       0x22 ./Application/User/Core/main.o
 .debug_macro   0x000014ed       0xbd ./Application/User/Core/main.o
 .debug_macro   0x000015aa      0xd23 ./Application/User/Core/main.o
 .debug_macro   0x000022cd     0xe09e ./Application/User/Core/main.o
 .debug_macro   0x0001036b       0x6d ./Application/User/Core/main.o
 .debug_macro   0x000103d8     0x34a2 ./Application/User/Core/main.o
 .debug_macro   0x0001387a      0x190 ./Application/User/Core/main.o
 .debug_macro   0x00013a0a       0x5c ./Application/User/Core/main.o
 .debug_macro   0x00013a66      0x5bc ./Application/User/Core/main.o
 .debug_macro   0x00014022      0x289 ./Application/User/Core/main.o
 .debug_macro   0x000142ab      0x1cb ./Application/User/Core/main.o
 .debug_macro   0x00014476      0x114 ./Application/User/Core/main.o
 .debug_macro   0x0001458a      0x1b2 ./Application/User/Core/main.o
 .debug_macro   0x0001473c       0x27 ./Application/User/Core/main.o
 .debug_macro   0x00014763      0x136 ./Application/User/Core/main.o
 .debug_macro   0x00014899      0x1bc ./Application/User/Core/main.o
 .debug_macro   0x00014a55       0x34 ./Application/User/Core/main.o
 .debug_macro   0x00014a89       0x3c ./Application/User/Core/main.o
 .debug_macro   0x00014ac5       0x57 ./Application/User/Core/main.o
 .debug_macro   0x00014b1c       0x87 ./Application/User/Core/main.o
 .debug_macro   0x00014ba3      0x240 ./Application/User/Core/main.o
 .debug_macro   0x00014de3      0x140 ./Application/User/Core/main.o
 .debug_macro   0x00014f23      0x8ed ./Application/User/Core/main.o
 .debug_macro   0x00015810       0xb7 ./Application/User/Core/main.o
 .debug_macro   0x000158c7      0x242 ./Application/User/Core/main.o
 .debug_macro   0x00015b09       0x83 ./Application/User/Core/main.o
 .debug_macro   0x00015b8c       0x61 ./Application/User/Core/main.o
 .debug_macro   0x00015bed       0x24 ./Application/User/Core/main.o
 .debug_macro   0x00015c11       0x43 ./Application/User/Core/main.o
 .debug_macro   0x00015c54       0x34 ./Application/User/Core/main.o
 .debug_macro   0x00015c88       0x16 ./Application/User/Core/main.o
 .debug_macro   0x00015c9e       0x3c ./Application/User/Core/main.o
 .debug_macro   0x00015cda      0x364 ./Application/User/Core/main.o
 .debug_macro   0x0001603e       0x10 ./Application/User/Core/main.o
 .debug_macro   0x0001604e       0x16 ./Application/User/Core/main.o
 .debug_macro   0x00016064       0x4a ./Application/User/Core/main.o
 .debug_macro   0x000160ae       0x34 ./Application/User/Core/main.o
 .debug_macro   0x000160e2       0x10 ./Application/User/Core/main.o
 .debug_macro   0x000160f2       0x58 ./Application/User/Core/main.o
 .debug_macro   0x0001614a       0x8e ./Application/User/Core/main.o
 .debug_macro   0x000161d8       0x1c ./Application/User/Core/main.o
 .debug_macro   0x000161f4      0x17e ./Application/User/Core/main.o
 .debug_macro   0x00016372       0x16 ./Application/User/Core/main.o
 .debug_macro   0x00016388       0x16 ./Application/User/Core/main.o
 .debug_macro   0x0001639e      0x146 ./Application/User/Core/main.o
 .debug_macro   0x000164e4       0x16 ./Application/User/Core/main.o
 .debug_macro   0x000164fa       0x16 ./Application/User/Core/main.o
 .debug_macro   0x00016510       0x29 ./Application/User/Core/main.o
 .debug_macro   0x00016539       0x16 ./Application/User/Core/main.o
 .debug_macro   0x0001654f       0x20 ./Application/User/Core/main.o
 .debug_macro   0x0001656f       0x5f ./Application/User/Core/main.o
 .debug_macro   0x000165ce      0x1c8 ./Application/User/Core/main.o
 .debug_macro   0x00016796      0x1c7 ./Application/User/Core/stm32f1xx_hal_msp.o
 .debug_macro   0x0001695d      0x1d1 ./Application/User/Core/stm32f1xx_it.o
 .debug_macro   0x00016b2e      0x37c ./Application/User/USB_DEVICE/App/usb_device.o
 .debug_macro   0x00016eaa       0x22 ./Application/User/USB_DEVICE/App/usb_device.o
 .debug_macro   0x00016ecc       0x8f ./Application/User/USB_DEVICE/App/usb_device.o
 .debug_macro   0x00016f5b       0x16 ./Application/User/USB_DEVICE/App/usb_device.o
 .debug_macro   0x00016f71      0x361 ./Application/User/USB_DEVICE/App/usbd_cdc_if.o
 .debug_macro   0x000172d2       0x9e ./Application/User/USB_DEVICE/App/usbd_cdc_if.o
 .debug_macro   0x00017370      0x112 ./Application/User/USB_DEVICE/App/usbd_cdc_if.o
 .debug_macro   0x00017482       0x56 ./Application/User/USB_DEVICE/App/usbd_cdc_if.o
 .debug_macro   0x000174d8       0x10 ./Application/User/USB_DEVICE/App/usbd_cdc_if.o
 .debug_macro   0x000174e8      0x37a ./Application/User/USB_DEVICE/App/usbd_desc.o
 .debug_macro   0x00017862      0x1ce ./Application/User/USB_DEVICE/App/usbd_desc.o
 .debug_macro   0x00017a30       0x1c ./Application/User/USB_DEVICE/App/usbd_desc.o
 .debug_macro   0x00017a4c      0x360 ./Application/User/USB_DEVICE/Target/usbd_conf.o
 .debug_macro   0x00017dac      0x1bd ./Drivers/CMSIS/system_stm32f1xx.o
 .debug_macro   0x00017f69      0x1e1 ./Drivers/STM32F1xx_HAL_Driver/stm32f1xx_hal.o
 .debug_macro   0x0001814a      0x1bd ./Drivers/STM32F1xx_HAL_Driver/stm32f1xx_hal_cortex.o
 .debug_macro   0x00018307      0x228 ./Drivers/STM32F1xx_HAL_Driver/stm32f1xx_hal_gpio.o
 .debug_macro   0x0001852f      0x1c9 ./Drivers/STM32F1xx_HAL_Driver/stm32f1xx_hal_pcd.o
 .debug_macro   0x000186f8      0x1bd ./Drivers/STM32F1xx_HAL_Driver/stm32f1xx_hal_pcd_ex.o
 .debug_macro   0x000188b5      0x1cf ./Drivers/STM32F1xx_HAL_Driver/stm32f1xx_hal_rcc.o
 .debug_macro   0x00018a84      0x1bd ./Drivers/STM32F1xx_HAL_Driver/stm32f1xx_hal_rcc_ex.o
 .debug_macro   0x00018c41      0x1be ./Drivers/STM32F1xx_HAL_Driver/stm32f1xx_hal_tim.o
 .debug_macro   0x00018dff      0x1bd ./Drivers/STM32F1xx_HAL_Driver/stm32f1xx_hal_tim_ex.o
 .debug_macro   0x00018fbc      0x1bd ./Drivers/STM32F1xx_HAL_Driver/stm32f1xx_ll_usb.o
 .debug_macro   0x00019179      0x356 ./Middlewares/USB_Device_Library/usbd_cdc.o
 .debug_macro   0x000194cf      0x33d ./Middlewares/USB_Device_Library/usbd_core.o
 .debug_macro   0x0001980c      0x347 ./Middlewares/USB_Device_Library/usbd_ctlreq.o
 .debug_macro   0x00019b53      0x343 ./Middlewares/USB_Device_Library/usbd_ioreq.o

.debug_line     0x00000000    0x13d77
 .debug_line    0x00000000      0xc60 ./Application/User/Core/main.o
 .debug_line    0x00000c60      0x87c ./Application/User/Core/stm32f1xx_hal_msp.o
 .debug_line    0x000014dc      0x833 ./Application/User/Core/stm32f1xx_it.o
 .debug_line    0x00001d0f       0x78 ./Application/User/Startup/startup_stm32f103c8tx.o
 .debug_line    0x00001d87      0xa5a ./Application/User/USB_DEVICE/App/usb_device.o
 .debug_line    0x000027e1      0xa92 ./Application/User/USB_DEVICE/App/usbd_cdc_if.o
 .debug_line    0x00003273      0xb00 ./Application/User/USB_DEVICE/App/usbd_desc.o
 .debug_line    0x00003d73      0xe4b ./Application/User/USB_DEVICE/Target/usbd_conf.o
 .debug_line    0x00004bbe      0x7eb ./Drivers/CMSIS/system_stm32f1xx.o
 .debug_line    0x000053a9      0xa1f ./Drivers/STM32F1xx_HAL_Driver/stm32f1xx_hal.o
 .debug_line    0x00005dc8      0xbe6 ./Drivers/STM32F1xx_HAL_Driver/stm32f1xx_hal_cortex.o
 .debug_line    0x000069ae      0xa76 ./Drivers/STM32F1xx_HAL_Driver/stm32f1xx_hal_gpio.o
 .debug_line    0x00007424     0x13a4 ./Drivers/STM32F1xx_HAL_Driver/stm32f1xx_hal_pcd.o
 .debug_line    0x000087c8      0x7e6 ./Drivers/STM32F1xx_HAL_Driver/stm32f1xx_hal_pcd_ex.o
 .debug_line    0x00008fae      0xed5 ./Drivers/STM32F1xx_HAL_Driver/stm32f1xx_hal_rcc.o
 .debug_line    0x00009e83      0x986 ./Drivers/STM32F1xx_HAL_Driver/stm32f1xx_hal_rcc_ex.o
 .debug_line    0x0000a809     0x3510 ./Drivers/STM32F1xx_HAL_Driver/stm32f1xx_hal_tim.o
 .debug_line    0x0000dd19     0x18e0 ./Drivers/STM32F1xx_HAL_Driver/stm32f1xx_hal_tim_ex.o
 .debug_line    0x0000f5f9     0x118c ./Drivers/STM32F1xx_HAL_Driver/stm32f1xx_ll_usb.o
 .debug_line    0x00010785      0xd7f ./Middlewares/USB_Device_Library/usbd_cdc.o
 .debug_line    0x00011504      0xdd1 ./Middlewares/USB_Device_Library/usbd_core.o
 .debug_line    0x000122d5     0x101b ./Middlewares/USB_Device_Library/usbd_ctlreq.o
 .debug_line    0x000132f0      0xa87 ./Middlewares/USB_Device_Library/usbd_ioreq.o

.debug_str      0x00000000    0x8cff6
 .debug_str     0x00000000    0x8cff6 ./Application/User/Core/main.o
                              0x89154 (size before relaxing)
 .debug_str     0x0008cff6    0x84ae5 ./Application/User/Core/stm32f1xx_hal_msp.o
 .debug_str     0x0008cff6    0x84929 ./Application/User/Core/stm32f1xx_it.o
 .debug_str     0x0008cff6       0x94 ./Application/User/Startup/startup_stm32f103c8tx.o
 .debug_str     0x0008cff6    0x88f6d ./Application/User/USB_DEVICE/App/usb_device.o
 .debug_str     0x0008cff6    0x88f93 ./Application/User/USB_DEVICE/App/usbd_cdc_if.o
 .debug_str     0x0008cff6    0x88b1e ./Application/User/USB_DEVICE/App/usbd_desc.o
 .debug_str     0x0008cff6    0x899f8 ./Application/User/USB_DEVICE/Target/usbd_conf.o
 .debug_str     0x0008cff6    0x84575 ./Drivers/CMSIS/system_stm32f1xx.o
 .debug_str     0x0008cff6    0x84ca8 ./Drivers/STM32F1xx_HAL_Driver/stm32f1xx_hal.o
 .debug_str     0x0008cff6    0x84bf4 ./Drivers/STM32F1xx_HAL_Driver/stm32f1xx_hal_cortex.o
 .debug_str     0x0008cff6    0x848fb ./Drivers/STM32F1xx_HAL_Driver/stm32f1xx_hal_gpio.o
 .debug_str     0x0008cff6    0x84e92 ./Drivers/STM32F1xx_HAL_Driver/stm32f1xx_hal_pcd.o
 .debug_str     0x0008cff6    0x849f4 ./Drivers/STM32F1xx_HAL_Driver/stm32f1xx_hal_pcd_ex.o
 .debug_str     0x0008cff6    0x849a4 ./Drivers/STM32F1xx_HAL_Driver/stm32f1xx_hal_rcc.o
 .debug_str     0x0008cff6    0x846f4 ./Drivers/STM32F1xx_HAL_Driver/stm32f1xx_hal_rcc_ex.o
 .debug_str     0x0008cff6    0x859a6 ./Drivers/STM32F1xx_HAL_Driver/stm32f1xx_hal_tim.o
 .debug_str     0x0008cff6    0x851b2 ./Drivers/STM32F1xx_HAL_Driver/stm32f1xx_hal_tim_ex.o
 .debug_str     0x0008cff6    0x84a46 ./Drivers/STM32F1xx_HAL_Driver/stm32f1xx_ll_usb.o
 .debug_str     0x0008cff6    0x8946b ./Middlewares/USB_Device_Library/usbd_cdc.o
 .debug_str     0x0008cff6    0x88d9b ./Middlewares/USB_Device_Library/usbd_core.o
 .debug_str     0x0008cff6    0x88cb5 ./Middlewares/USB_Device_Library/usbd_ctlreq.o
 .debug_str     0x0008cff6    0x88be2 ./Middlewares/USB_Device_Library/usbd_ioreq.o

.comment        0x00000000       0x43
 .comment       0x00000000       0x43 ./Application/User/Core/main.o
                                 0x44 (size before relaxing)
 .comment       0x00000043       0x44 ./Application/User/Core/stm32f1xx_hal_msp.o
 .comment       0x00000043       0x44 ./Application/User/Core/stm32f1xx_it.o
 .comment       0x00000043       0x44 ./Application/User/USB_DEVICE/App/usb_device.o
 .comment       0x00000043       0x44 ./Application/User/USB_DEVICE/App/usbd_cdc_if.o
 .comment       0x00000043       0x44 ./Application/User/USB_DEVICE/App/usbd_desc.o
 .comment       0x00000043       0x44 ./Application/User/USB_DEVICE/Target/usbd_conf.o
 .comment       0x00000043       0x44 ./Drivers/CMSIS/system_stm32f1xx.o
 .comment       0x00000043       0x44 ./Drivers/STM32F1xx_HAL_Driver/stm32f1xx_hal.o
 .comment       0x00000043       0x44 ./Drivers/STM32F1xx_HAL_Driver/stm32f1xx_hal_cortex.o
 .comment       0x00000043       0x44 ./Drivers/STM32F1xx_HAL_Driver/stm32f1xx_hal_gpio.o
 .comment       0x00000043       0x44 ./Drivers/STM32F1xx_HAL_Driver/stm32f1xx_hal_pcd.o
 .comment       0x00000043       0x44 ./Drivers/STM32F1xx_HAL_Driver/stm32f1xx_hal_pcd_ex.o
 .comment       0x00000043       0x44 ./Drivers/STM32F1xx_HAL_Driver/stm32f1xx_hal_rcc.o
 .comment       0x00000043       0x44 ./Drivers/STM32F1xx_HAL_Driver/stm32f1xx_hal_rcc_ex.o
 .comment       0x00000043       0x44 ./Drivers/STM32F1xx_HAL_Driver/stm32f1xx_hal_tim.o
 .comment       0x00000043       0x44 ./Drivers/STM32F1xx_HAL_Driver/stm32f1xx_hal_tim_ex.o
 .comment       0x00000043       0x44 ./Drivers/STM32F1xx_HAL_Driver/stm32f1xx_ll_usb.o
 .comment       0x00000043       0x44 ./Middlewares/USB_Device_Library/usbd_cdc.o
 .comment       0x00000043       0x44 ./Middlewares/USB_Device_Library/usbd_core.o
 .comment       0x00000043       0x44 ./Middlewares/USB_Device_Library/usbd_ctlreq.o
 .comment       0x00000043       0x44 ./Middlewares/USB_Device_Library/usbd_ioreq.o

.debug_frame    0x00000000     0x3dd4
 .debug_frame   0x00000000       0xf8 ./Application/User/Core/main.o
 .debug_frame   0x000000f8       0xe8 ./Application/User/Core/stm32f1xx_hal_msp.o
 .debug_frame   0x000001e0      0x114 ./Application/User/Core/stm32f1xx_it.o
 .debug_frame   0x000002f4       0x2c ./Application/User/USB_DEVICE/App/usb_device.o
 .debug_frame   0x00000320       0xb4 ./Application/User/USB_DEVICE/App/usbd_cdc_if.o
 .debug_frame   0x000003d4      0x154 ./Application/User/USB_DEVICE/App/usbd_desc.o
 .debug_frame   0x00000528      0x490 ./Application/User/USB_DEVICE/Target/usbd_conf.o
 .debug_frame   0x000009b8       0x50 ./Drivers/CMSIS/system_stm32f1xx.o
 .debug_frame   0x00000a08      0x2e4 ./Drivers/STM32F1xx_HAL_Driver/stm32f1xx_hal.o
 .debug_frame   0x00000cec      0x3f0 ./Drivers/STM32F1xx_HAL_Driver/stm32f1xx_hal_cortex.o
 .debug_frame   0x000010dc      0x130 ./Drivers/STM32F1xx_HAL_Driver/stm32f1xx_hal_gpio.o
 .debug_frame   0x0000120c      0x554 ./Drivers/STM32F1xx_HAL_Driver/stm32f1xx_hal_pcd.o
 .debug_frame   0x00001760       0xa0 ./Drivers/STM32F1xx_HAL_Driver/stm32f1xx_hal_pcd_ex.o
 .debug_frame   0x00001800      0x1f8 ./Drivers/STM32F1xx_HAL_Driver/stm32f1xx_hal_rcc.o
 .debug_frame   0x000019f8       0x7c ./Drivers/STM32F1xx_HAL_Driver/stm32f1xx_hal_rcc_ex.o
 .debug_frame   0x00001a74     0x10e8 ./Drivers/STM32F1xx_HAL_Driver/stm32f1xx_hal_tim.o
 .debug_frame   0x00002b5c      0x600 ./Drivers/STM32F1xx_HAL_Driver/stm32f1xx_hal_tim_ex.o
 .debug_frame   0x0000315c      0x404 ./Drivers/STM32F1xx_HAL_Driver/stm32f1xx_ll_usb.o
 .debug_frame   0x00003560      0x22c ./Middlewares/USB_Device_Library/usbd_cdc.o
 .debug_frame   0x0000378c      0x2e0 ./Middlewares/USB_Device_Library/usbd_core.o
 .debug_frame   0x00003a6c      0x210 ./Middlewares/USB_Device_Library/usbd_ctlreq.o
 .debug_frame   0x00003c7c      0x10c ./Middlewares/USB_Device_Library/usbd_ioreq.o
 .debug_frame   0x00003d88       0x20 C:/ST/STM32CubeIDE_2.1.1/STM32CubeIDE/plugins/com.st.stm32cube.ide.mcu.externaltools.gnu-tools-for-stm32.14.3.rel1.win32_1.0.100.202602081740/tools/bin/../lib/gcc/arm-none-eabi/14.3.1/../../../../arm-none-eabi/lib/thumb/v7-m/nofp\libc_nano.a(libc_a-memset.o)
 .debug_frame   0x00003da8       0x2c C:/ST/STM32CubeIDE_2.1.1/STM32CubeIDE/plugins/com.st.stm32cube.ide.mcu.externaltools.gnu-tools-for-stm32.14.3.rel1.win32_1.0.100.202602081740/tools/bin/../lib/gcc/arm-none-eabi/14.3.1/../../../../arm-none-eabi/lib/thumb/v7-m/nofp\libc_nano.a(libc_a-init.o)

.debug_line_str
                0x00000000       0x78
 .debug_line_str
                0x00000000       0x78 ./Application/User/Startup/startup_stm32f103c8tx.o
